09:58:17 **** Build of configuration Debug for project Lab2_NTLuan ****
make -j8 all 
arm-none-eabi-gcc "../Drivers/STM32F1xx_HAL_Driver/Src/stm32f1xx_hal.c" -mcpu=cortex-m3 -std=gnu11 -g3 -DDEBUG -DUSE_HAL_DRIVER -DSTM32F103x6 -c -I../Core/Inc -I../Drivers/STM32F1xx_HAL_Driver/Inc/Legacy -I../Drivers/STM32F1xx_HAL_Driver/Inc -I../Drivers/CMSIS/Device/ST/STM32F1xx/Include -I../Drivers/CMSIS/Include -O0 -ffunction-sections -fdata-sections -Wall -fstack-usage -fcyclomatic-complexity -MMD -MP -MF"Drivers/STM32F1xx_HAL_Driver/Src/stm32f1xx_hal.d" -MT"Drivers/STM32F1xx_HAL_Driver/Src/stm32f1xx_hal.o" --specs=nano.specs -mfloat-abi=soft -mthumb -o "Drivers/STM32F1xx_HAL_Driver/Src/stm32f1xx_hal.o"
arm-none-eabi-gcc "../Drivers/STM32F1xx_HAL_Driver/Src/stm32f1xx_hal_cortex.c" -mcpu=cortex-m3 -std=gnu11 -g3 -DDEBUG -DUSE_HAL_DRIVER -DSTM32F103x6 -c -I../Core/Inc -I../Drivers/STM32F1xx_HAL_Driver/Inc/Legacy -I../Drivers/STM32F1xx_HAL_Driver/Inc -I../Drivers/CMSIS/Device/ST/STM32F1xx/Include -I../Drivers/CMSIS/Include -O0 -ffunction-sections -fdata-sections -Wall -fstack-usage -fcyclomatic-complexity -MMD -MP -MF"Drivers/STM32F1xx_HAL_Driver/Src/stm32f1xx_hal_cortex.d" -MT"Drivers/STM32F1xx_HAL_Driver/Src/stm32f1xx_hal_cortex.o" --specs=nano.specs -mfloat-abi=soft -mthumb -o "Drivers/STM32F1xx_HAL_Driver/Src/stm32f1xx_hal_cortex.o"
arm-none-eabi-gcc "../Drivers/STM32F1xx_HAL_Driver/Src/stm32f1xx_hal_dma.c" -mcpu=cortex-m3 -std=gnu11 -g3 -DDEBUG -DUSE_HAL_DRIVER -DSTM32F103x6 -c -I../Core/Inc -I../Drivers/STM32F1xx_HAL_Driver/Inc/Legacy -I../Drivers/STM32F1xx_HAL_Driver/Inc -I../Drivers/CMSIS/Device/ST/STM32F1xx/Include -I../Drivers/CMSIS/Include -O0 -ffunction-sections -fdata-sections -Wall -fstack-usage -fcyclomatic-complexity -MMD -MP -MF"Drivers/STM32F1xx_HAL_Driver/Src/stm32f1xx_hal_dma.d" -MT"Drivers/STM32F1xx_HAL_Driver/Src/stm32f1xx_hal_dma.o" --specs=nano.specs -mfloat-abi=soft -mthumb -o "Drivers/STM32F1xx_HAL_Driver/Src/stm32f1xx_hal_dma.o"
arm-none-eabi-gcc "../Drivers/STM32F1xx_HAL_Driver/Src/stm32f1xx_hal_exti.c" -mcpu=cortex-m3 -std=gnu11 -g3 -DDEBUG -DUSE_HAL_DRIVER -DSTM32F103x6 -c -I../Core/Inc -I../Drivers/STM32F1xx_HAL_Driver/Inc/Legacy -I../Drivers/STM32F1xx_HAL_Driver/Inc -I../Drivers/CMSIS/Device/ST/STM32F1xx/Include -I../Drivers/CMSIS/Include -O0 -ffunction-sections -fdata-sections -Wall -fstack-usage -fcyclomatic-complexity -MMD -MP -MF"Drivers/STM32F1xx_HAL_Driver/Src/stm32f1xx_hal_exti.d" -MT"Drivers/STM32F1xx_HAL_Driver/Src/stm32f1xx_hal_exti.o" --specs=nano.specs -mfloat-abi=soft -mthumb -o "Drivers/STM32F1xx_HAL_Driver/Src/stm32f1xx_hal_exti.o"
arm-none-eabi-gcc "../Drivers/STM32F1xx_HAL_Driver/Src/stm32f1xx_hal_flash.c" -mcpu=cortex-m3 -std=gnu11 -g3 -DDEBUG -DUSE_HAL_DRIVER -DSTM32F103x6 -c -I../Core/Inc -I../Drivers/STM32F1xx_HAL_Driver/Inc/Legacy -I../Drivers/STM32F1xx_HAL_Driver/Inc -I../Drivers/CMSIS/Device/ST/STM32F1xx/Include -I../Drivers/CMSIS/Include -O0 -ffunction-sections -fdata-sections -Wall -fstack-usage -fcyclomatic-complexity -MMD -MP -MF"Drivers/STM32F1xx_HAL_Driver/Src/stm32f1xx_hal_flash.d" -MT"Drivers/STM32F1xx_HAL_Driver/Src/stm32f1xx_hal_flash.o" --specs=nano.specs -mfloat-abi=soft -mthumb -o "Drivers/STM32F1xx_HAL_Driver/Src/stm32f1xx_hal_flash.o"
arm-none-eabi-gcc "../Drivers/STM32F1xx_HAL_Driver/Src/stm32f1xx_hal_flash_ex.c" -mcpu=cortex-m3 -std=gnu11 -g3 -DDEBUG -DUSE_HAL_DRIVER -DSTM32F103x6 -c -I../Core/Inc -I../Drivers/STM32F1xx_HAL_Driver/Inc/Legacy -I../Drivers/STM32F1xx_HAL_Driver/Inc -I../Drivers/CMSIS/Device/ST/STM32F1xx/Include -I../Drivers/CMSIS/Include -O0 -ffunction-sections -fdata-sections -Wall -fstack-usage -fcyclomatic-complexity -MMD -MP -MF"Drivers/STM32F1xx_HAL_Driver/Src/stm32f1xx_hal_flash_ex.d" -MT"Drivers/STM32F1xx_HAL_Driver/Src/stm32f1xx_hal_flash_ex.o" --specs=nano.specs -mfloat-abi=soft -mthumb -o "Drivers/STM32F1xx_HAL_Driver/Src/stm32f1xx_hal_flash_ex.o"
arm-none-eabi-gcc "../Drivers/STM32F1xx_HAL_Driver/Src/stm32f1xx_hal_gpio.c" -mcpu=cortex-m3 -std=gnu11 -g3 -DDEBUG -DUSE_HAL_DRIVER -DSTM32F103x6 -c -I../Core/Inc -I../Drivers/STM32F1xx_HAL_Driver/Inc/Legacy -I../Drivers/STM32F1xx_HAL_Driver/Inc -I../Drivers/CMSIS/Device/ST/STM32F1xx/Include -I../Drivers/CMSIS/Include -O0 -ffunction-sections -fdata-sections -Wall -fstack-usage -fcyclomatic-complexity -MMD -MP -MF"Drivers/STM32F1xx_HAL_Driver/Src/stm32f1xx_hal_gpio.d" -MT"Drivers/STM32F1xx_HAL_Driver/Src/stm32f1xx_hal_gpio.o" --specs=nano.specs -mfloat-abi=soft -mthumb -o "Drivers/STM32F1xx_HAL_Driver/Src/stm32f1xx_hal_gpio.o"
arm-none-eabi-gcc "../Drivers/STM32F1xx_HAL_Driver/Src/stm32f1xx_hal_gpio_ex.c" -mcpu=cortex-m3 -std=gnu11 -g3 -DDEBUG -DUSE_HAL_DRIVER -DSTM32F103x6 -c -I../Core/Inc -I../Drivers/STM32F1xx_HAL_Driver/Inc/Legacy -I../Drivers/STM32F1xx_HAL_Driver/Inc -I../Drivers/CMSIS/Device/ST/STM32F1xx/Include -I../Drivers/CMSIS/Include -O0 -ffunction-sections -fdata-sections -Wall -fstack-usage -fcyclomatic-complexity -MMD -MP -MF"Drivers/STM32F1xx_HAL_Driver/Src/stm32f1xx_hal_gpio_ex.d" -MT"Drivers/STM32F1xx_HAL_Driver/Src/stm32f1xx_hal_gpio_ex.o" --specs=nano.specs -mfloat-abi=soft -mthumb -o "Drivers/STM32F1xx_HAL_Driver/Src/stm32f1xx_hal_gpio_ex.o"
arm-none-eabi-gcc "../Drivers/STM32F1xx_HAL_Driver/Src/stm32f1xx_hal_pwr.c" -mcpu=cortex-m3 -std=gnu11 -g3 -DDEBUG -DUSE_HAL_DRIVER -DSTM32F103x6 -c -I../Core/Inc -I../Drivers/STM32F1xx_HAL_Driver/Inc/Legacy -I../Drivers/STM32F1xx_HAL_Driver/Inc -I../Drivers/CMSIS/Device/ST/STM32F1xx/Include -I../Drivers/CMSIS/Include -O0 -ffunction-sections -fdata-sections -Wall -fstack-usage -fcyclomatic-complexity -MMD -MP -MF"Drivers/STM32F1xx_HAL_Driver/Src/stm32f1xx_hal_pwr.d" -MT"Drivers/STM32F1xx_HAL_Driver/Src/stm32f1xx_hal_pwr.o" --specs=nano.specs -mfloat-abi=soft -mthumb -o "Drivers/STM32F1xx_HAL_Driver/Src/stm32f1xx_hal_pwr.o"
arm-none-eabi-gcc "../Drivers/STM32F1xx_HAL_Driver/Src/stm32f1xx_hal_rcc.c" -mcpu=cortex-m3 -std=gnu11 -g3 -DDEBUG -DUSE_HAL_DRIVER -DSTM32F103x6 -c -I../Core/Inc -I../Drivers/STM32F1xx_HAL_Driver/Inc/Legacy -I../Drivers/STM32F1xx_HAL_Driver/Inc -I../Drivers/CMSIS/Device/ST/STM32F1xx/Include -I../Drivers/CMSIS/Include -O0 -ffunction-sections -fdata-sections -Wall -fstack-usage -fcyclomatic-complexity -MMD -MP -MF"Drivers/STM32F1xx_HAL_Driver/Src/stm32f1xx_hal_rcc.d" -MT"Drivers/STM32F1xx_HAL_Driver/Src/stm32f1xx_hal_rcc.o" --specs=nano.specs -mfloat-abi=soft -mthumb -o "Drivers/STM32F1xx_HAL_Driver/Src/stm32f1xx_hal_rcc.o"
arm-none-eabi-gcc "../Drivers/STM32F1xx_HAL_Driver/Src/stm32f1xx_hal_rcc_ex.c" -mcpu=cortex-m3 -std=gnu11 -g3 -DDEBUG -DUSE_HAL_DRIVER -DSTM32F103x6 -c -I../Core/Inc -I../Drivers/STM32F1xx_HAL_Driver/Inc/Legacy -I../Drivers/STM32F1xx_HAL_Driver/Inc -I../Drivers/CMSIS/Device/ST/STM32F1xx/Include -I../Drivers/CMSIS/Include -O0 -ffunction-sections -fdata-sections -Wall -fstack-usage -fcyclomatic-complexity -MMD -MP -MF"Drivers/STM32F1xx_HAL_Driver/Src/stm32f1xx_hal_rcc_ex.d" -MT"Drivers/STM32F1xx_HAL_Driver/Src/stm32f1xx_hal_rcc_ex.o" --specs=nano.specs -mfloat-abi=soft -mthumb -o "Drivers/STM32F1xx_HAL_Driver/Src/stm32f1xx_hal_rcc_ex.o"
arm-none-eabi-gcc "../Drivers/STM32F1xx_HAL_Driver/Src/stm32f1xx_hal_tim.c" -mcpu=cortex-m3 -std=gnu11 -g3 -DDEBUG -DUSE_HAL_DRIVER -DSTM32F103x6 -c -I../Core/Inc -I../Drivers/STM32F1xx_HAL_Driver/Inc/Legacy -I../Drivers/STM32F1xx_HAL_Driver/Inc -I../Drivers/CMSIS/Device/ST/STM32F1xx/Include -I../Drivers/CMSIS/Include -O0 -ffunction-sections -fdata-sections -Wall -fstack-usage -fcyclomatic-complexity -MMD -MP -MF"Drivers/STM32F1xx_HAL_Driver/Src/stm32f1xx_hal_tim.d" -MT"Drivers/STM32F1xx_HAL_Driver/Src/stm32f1xx_hal_tim.o" --specs=nano.specs -mfloat-abi=soft -mthumb -o "Drivers/STM32F1xx_HAL_Driver/Src/stm32f1xx_hal_tim.o"
arm-none-eabi-gcc "../Drivers/STM32F1xx_HAL_Driver/Src/stm32f1xx_hal_tim_ex.c" -mcpu=cortex-m3 -std=gnu11 -g3 -DDEBUG -DUSE_HAL_DRIVER -DSTM32F103x6 -c -I../Core/Inc -I../Drivers/STM32F1xx_HAL_Driver/Inc/Legacy -I../Drivers/STM32F1xx_HAL_Driver/Inc -I../Drivers/CMSIS/Device/ST/STM32F1xx/Include -I../Drivers/CMSIS/Include -O0 -ffunction-sections -fdata-sections -Wall -fstack-usage -fcyclomatic-complexity -MMD -MP -MF"Drivers/STM32F1xx_HAL_Driver/Src/stm32f1xx_hal_tim_ex.d" -MT"Drivers/STM32F1xx_HAL_Driver/Src/stm32f1xx_hal_tim_ex.o" --specs=nano.specs -mfloat-abi=soft -mthumb -o "Drivers/STM32F1xx_HAL_Driver/Src/stm32f1xx_hal_tim_ex.o"
arm-none-eabi-gcc -mcpu=cortex-m3 -g3 -DDEBUG -c -x assembler-with-cpp -MMD -MP -MF"Core/Startup/startup_stm32f103c6ux.d" -MT"Core/Startup/startup_stm32f103c6ux.o" --specs=nano.specs -mfloat-abi=soft -mthumb -o "Core/Startup/startup_stm32f103c6ux.o" "../Core/Startup/startup_stm32f103c6ux.s"
arm-none-eabi-gcc "../Core/Src/main.c" -mcpu=cortex-m3 -std=gnu11 -g3 -DDEBUG -DUSE_HAL_DRIVER -DSTM32F103x6 -c -I../Core/Inc -I../Drivers/STM32F1xx_HAL_Driver/Inc/Legacy -I../Drivers/STM32F1xx_HAL_Driver/Inc -I../Drivers/CMSIS/Device/ST/STM32F1xx/Include -I../Drivers/CMSIS/Include -O0 -ffunction-sections -fdata-sections -Wall -fstack-usage -fcyclomatic-complexity -MMD -MP -MF"Core/Src/main.d" -MT"Core/Src/main.o" --specs=nano.specs -mfloat-abi=soft -mthumb -o "Core/Src/main.o"
arm-none-eabi-gcc "../Core/Src/stm32f1xx_hal_msp.c" -mcpu=cortex-m3 -std=gnu11 -g3 -DDEBUG -DUSE_HAL_DRIVER -DSTM32F103x6 -c -I../Core/Inc -I../Drivers/STM32F1xx_HAL_Driver/Inc/Legacy -I../Drivers/STM32F1xx_HAL_Driver/Inc -I../Drivers/CMSIS/Device/ST/STM32F1xx/Include -I../Drivers/CMSIS/Include -O0 -ffunction-sections -fdata-sections -Wall -fstack-usage -fcyclomatic-complexity -MMD -MP -MF"Core/Src/stm32f1xx_hal_msp.d" -MT"Core/Src/stm32f1xx_hal_msp.o" --specs=nano.specs -mfloat-abi=soft -mthumb -o "Core/Src/stm32f1xx_hal_msp.o"
arm-none-eabi-gcc "../Core/Src/stm32f1xx_it.c" -mcpu=cortex-m3 -std=gnu11 -g3 -DDEBUG -DUSE_HAL_DRIVER -DSTM32F103x6 -c -I../Core/Inc -I../Drivers/STM32F1xx_HAL_Driver/Inc/Legacy -I../Drivers/STM32F1xx_HAL_Driver/Inc -I../Drivers/CMSIS/Device/ST/STM32F1xx/Include -I../Drivers/CMSIS/Include -O0 -ffunction-sections -fdata-sections -Wall -fstack-usage -fcyclomatic-complexity -MMD -MP -MF"Core/Src/stm32f1xx_it.d" -MT"Core/Src/stm32f1xx_it.o" --specs=nano.specs -mfloat-abi=soft -mthumb -o "Core/Src/stm32f1xx_it.o"
arm-none-eabi-gcc "../Core/Src/syscalls.c" -mcpu=cortex-m3 -std=gnu11 -g3 -DDEBUG -DUSE_HAL_DRIVER -DSTM32F103x6 -c -I../Core/Inc -I../Drivers/STM32F1xx_HAL_Driver/Inc/Legacy -I../Drivers/STM32F1xx_HAL_Driver/Inc -I../Drivers/CMSIS/Device/ST/STM32F1xx/Include -I../Drivers/CMSIS/Include -O0 -ffunction-sections -fdata-sections -Wall -fstack-usage -fcyclomatic-complexity -MMD -MP -MF"Core/Src/syscalls.d" -MT"Core/Src/syscalls.o" --specs=nano.specs -mfloat-abi=soft -mthumb -o "Core/Src/syscalls.o"
../Core/Src/main.c: In function 'HAL_TIM_PeriodElapsedCallback':
../Core/Src/main.c:237:44: error: 'LED_RED_GPIO_PORT' undeclared (first use in this function); did you mean 'LED_RED_GPIO_Port'?
  237 |                         HAL_GPIO_TogglePin(LED_RED_GPIO_PORT,LED_RED_Pin);
      |                                            ^~~~~~~~~~~~~~~~~
      |                                            LED_RED_GPIO_Port
../Core/Src/main.c:237:44: note: each undeclared identifier is reported only once for each function it appears in
make: *** [Core/Src/subdir.mk:34: Core/Src/main.o] Error 1
make: *** Waiting for unfinished jobs....
"make -j8 all" terminated with exit code 2. Build might be incomplete.
09:58:33 **** Incremental Build of configuration Debug for project Lab2_NTLuan ****
make -j8 all 
arm-none-eabi-gcc "../Core/Src/main.c" -mcpu=cortex-m3 -std=gnu11 -g3 -DDEBUG -DUSE_HAL_DRIVER -DSTM32F103x6 -c -I../Core/Inc -I../Drivers/STM32F1xx_HAL_Driver/Inc/Legacy -I../Drivers/STM32F1xx_HAL_Driver/Inc -I../Drivers/CMSIS/Device/ST/STM32F1xx/Include -I../Drivers/CMSIS/Include -O0 -ffunction-sections -fdata-sections -Wall -fstack-usage -fcyclomatic-complexity -MMD -MP -MF"Core/Src/main.d" -MT"Core/Src/main.o" --specs=nano.specs -mfloat-abi=soft -mthumb -o "Core/Src/main.o"
arm-none-eabi-gcc "../Core/Src/sysmem.c" -mcpu=cortex-m3 -std=gnu11 -g3 -DDEBUG -DUSE_HAL_DRIVER -DSTM32F103x6 -c -I../Core/Inc -I../Drivers/STM32F1xx_HAL_Driver/Inc/Legacy -I../Drivers/STM32F1xx_HAL_Driver/Inc -I../Drivers/CMSIS/Device/ST/STM32F1xx/Include -I../Drivers/CMSIS/Include -O0 -ffunction-sections -fdata-sections -Wall -fstack-usage -fcyclomatic-complexity -MMD -MP -MF"Core/Src/sysmem.d" -MT"Core/Src/sysmem.o" --specs=nano.specs -mfloat-abi=soft -mthumb -o "Core/Src/sysmem.o"
arm-none-eabi-gcc "../Core/Src/system_stm32f1xx.c" -mcpu=cortex-m3 -std=gnu11 -g3 -DDEBUG -DUSE_HAL_DRIVER -DSTM32F103x6 -c -I../Core/Inc -I../Drivers/STM32F1xx_HAL_Driver/Inc/Legacy -I../Drivers/STM32F1xx_HAL_Driver/Inc -I../Drivers/CMSIS/Device/ST/STM32F1xx/Include -I../Drivers/CMSIS/Include -O0 -ffunction-sections -fdata-sections -Wall -fstack-usage -fcyclomatic-complexity -MMD -MP -MF"Core/Src/system_stm32f1xx.d" -MT"Core/Src/system_stm32f1xx.o" --specs=nano.specs -mfloat-abi=soft -mthumb -o "Core/Src/system_stm32f1xx.o"
arm-none-eabi-gcc -o "Lab2_NTLuan.elf" @"objects.list"   -mcpu=cortex-m3 -T"C:\Users\NguyenTienLuan\Desktop\fukmylife\micro\lab\lab2\Lab2_NTLuan\STM32F103C6UX_FLASH.ld" --specs=nosys.specs -Wl,-Map="Lab2_NTLuan.map" -Wl,--gc-sections -static --specs=nano.specs -mfloat-abi=soft -mthumb -Wl,--start-group -lc -lm -Wl,--end-group
Finished building target: Lab2_NTLuan.elf
 
arm-none-eabi-size  Lab2_NTLuan.elf 
arm-none-eabi-objdump -h -S Lab2_NTLuan.elf  > "Lab2_NTLuan.list"
arm-none-eabi-objcopy  -O ihex Lab2_NTLuan.elf  "Lab2_NTLuan.hex"
arm-none-eabi-objcopy  -O binary Lab2_NTLuan.elf  "Lab2_NTLuan.bin"
   text	   data	    bss	    dec	    hex	filename
   6960	     24	   1640	   8624	   21b0	Lab2_NTLuan.elf
Finished building: default.size.stdout
 
Finished building: Lab2_NTLuan.list
Finished building: Lab2_NTLuan.hex
Finished building: Lab2_NTLuan.bin
 
 
 
10:06:02 **** Incremental Build of configuration Debug for project Lab2_NTLuan ****
make -j8 all 
arm-none-eabi-gcc "../Core/Src/main.c" -mcpu=cortex-m3 -std=gnu11 -g3 -DDEBUG -DUSE_HAL_DRIVER -DSTM32F103x6 -c -I../Core/Inc -I../Drivers/STM32F1xx_HAL_Driver/Inc/Legacy -I../Drivers/STM32F1xx_HAL_Driver/Inc -I../Drivers/CMSIS/Device/ST/STM32F1xx/Include -I../Drivers/CMSIS/Include -O0 -ffunction-sections -fdata-sections -Wall -fstack-usage -fcyclomatic-complexity -MMD -MP -MF"Core/Src/main.d" -MT"Core/Src/main.o" --specs=nano.specs -mfloat-abi=soft -mthumb -o "Core/Src/main.o"
arm-none-eabi-gcc "../Core/Src/software_timer.c" -mcpu=cortex-m3 -std=gnu11 -g3 -DDEBUG -DUSE_HAL_DRIVER -DSTM32F103x6 -c -I../Core/Inc -I../Drivers/STM32F1xx_HAL_Driver/Inc/Legacy -I../Drivers/STM32F1xx_HAL_Driver/Inc -I../Drivers/CMSIS/Device/ST/STM32F1xx/Include -I../Drivers/CMSIS/Include -O0 -ffunction-sections -fdata-sections -Wall -fstack-usage -fcyclomatic-complexity -MMD -MP -MF"Core/Src/software_timer.d" -MT"Core/Src/software_timer.o" --specs=nano.specs -mfloat-abi=soft -mthumb -o "Core/Src/software_timer.o"
arm-none-eabi-gcc "../Core/Src/stm32f1xx_hal_msp.c" -mcpu=cortex-m3 -std=gnu11 -g3 -DDEBUG -DUSE_HAL_DRIVER -DSTM32F103x6 -c -I../Core/Inc -I../Drivers/STM32F1xx_HAL_Driver/Inc/Legacy -I../Drivers/STM32F1xx_HAL_Driver/Inc -I../Drivers/CMSIS/Device/ST/STM32F1xx/Include -I../Drivers/CMSIS/Include -O0 -ffunction-sections -fdata-sections -Wall -fstack-usage -fcyclomatic-complexity -MMD -MP -MF"Core/Src/stm32f1xx_hal_msp.d" -MT"Core/Src/stm32f1xx_hal_msp.o" --specs=nano.specs -mfloat-abi=soft -mthumb -o "Core/Src/stm32f1xx_hal_msp.o"
arm-none-eabi-gcc "../Core/Src/stm32f1xx_it.c" -mcpu=cortex-m3 -std=gnu11 -g3 -DDEBUG -DUSE_HAL_DRIVER -DSTM32F103x6 -c -I../Core/Inc -I../Drivers/STM32F1xx_HAL_Driver/Inc/Legacy -I../Drivers/STM32F1xx_HAL_Driver/Inc -I../Drivers/CMSIS/Device/ST/STM32F1xx/Include -I../Drivers/CMSIS/Include -O0 -ffunction-sections -fdata-sections -Wall -fstack-usage -fcyclomatic-complexity -MMD -MP -MF"Core/Src/stm32f1xx_it.d" -MT"Core/Src/stm32f1xx_it.o" --specs=nano.specs -mfloat-abi=soft -mthumb -o "Core/Src/stm32f1xx_it.o"
arm-none-eabi-gcc "../Core/Src/syscalls.c" -mcpu=cortex-m3 -std=gnu11 -g3 -DDEBUG -DUSE_HAL_DRIVER -DSTM32F103x6 -c -I../Core/Inc -I../Drivers/STM32F1xx_HAL_Driver/Inc/Legacy -I../Drivers/STM32F1xx_HAL_Driver/Inc -I../Drivers/CMSIS/Device/ST/STM32F1xx/Include -I../Drivers/CMSIS/Include -O0 -ffunction-sections -fdata-sections -Wall -fstack-usage -fcyclomatic-complexity -MMD -MP -MF"Core/Src/syscalls.d" -MT"Core/Src/syscalls.o" --specs=nano.specs -mfloat-abi=soft -mthumb -o "Core/Src/syscalls.o"
arm-none-eabi-gcc "../Core/Src/sysmem.c" -mcpu=cortex-m3 -std=gnu11 -g3 -DDEBUG -DUSE_HAL_DRIVER -DSTM32F103x6 -c -I../Core/Inc -I../Drivers/STM32F1xx_HAL_Driver/Inc/Legacy -I../Drivers/STM32F1xx_HAL_Driver/Inc -I../Drivers/CMSIS/Device/ST/STM32F1xx/Include -I../Drivers/CMSIS/Include -O0 -ffunction-sections -fdata-sections -Wall -fstack-usage -fcyclomatic-complexity -MMD -MP -MF"Core/Src/sysmem.d" -MT"Core/Src/sysmem.o" --specs=nano.specs -mfloat-abi=soft -mthumb -o "Core/Src/sysmem.o"
arm-none-eabi-gcc "../Core/Src/system_stm32f1xx.c" -mcpu=cortex-m3 -std=gnu11 -g3 -DDEBUG -DUSE_HAL_DRIVER -DSTM32F103x6 -c -I../Core/Inc -I../Drivers/STM32F1xx_HAL_Driver/Inc/Legacy -I../Drivers/STM32F1xx_HAL_Driver/Inc -I../Drivers/CMSIS/Device/ST/STM32F1xx/Include -I../Drivers/CMSIS/Include -O0 -ffunction-sections -fdata-sections -Wall -fstack-usage -fcyclomatic-complexity -MMD -MP -MF"Core/Src/system_stm32f1xx.d" -MT"Core/Src/system_stm32f1xx.o" --specs=nano.specs -mfloat-abi=soft -mthumb -o "Core/Src/system_stm32f1xx.o"
arm-none-eabi-gcc -o "Lab2_NTLuan.elf" @"objects.list"   -mcpu=cortex-m3 -T"C:\Users\NguyenTienLuan\Desktop\fukmylife\micro\lab\lab2\Lab2_NTLuan\STM32F103C6UX_FLASH.ld" --specs=nosys.specs -Wl,-Map="Lab2_NTLuan.map" -Wl,--gc-sections -static --specs=nano.specs -mfloat-abi=soft -mthumb -Wl,--start-group -lc -lm -Wl,--end-group
Finished building target: Lab2_NTLuan.elf
 
arm-none-eabi-size  Lab2_NTLuan.elf 
arm-none-eabi-objdump -h -S Lab2_NTLuan.elf  > "Lab2_NTLuan.list"
arm-none-eabi-objcopy  -O ihex Lab2_NTLuan.elf  "Lab2_NTLuan.hex"
arm-none-eabi-objcopy  -O binary Lab2_NTLuan.elf  "Lab2_NTLuan.bin"
   text	   data	    bss	    dec	    hex	filename
   6916	     20	   1652	   8588	   218c	Lab2_NTLuan.elf
Finished building: default.size.stdout
 
Finished building: Lab2_NTLuan.list
Finished building: Lab2_NTLuan.hex
Finished building: Lab2_NTLuan.bin
 
 
 
10:41:48 **** Incremental Build of configuration Debug for project Lab2_NTLuan ****
make -j8 all 
arm-none-eabi-gcc "../Core/Src/main.c" -mcpu=cortex-m3 -std=gnu11 -g3 -DDEBUG -DUSE_HAL_DRIVER -DSTM32F103x6 -c -I../Core/Inc -I../Drivers/STM32F1xx_HAL_Driver/Inc/Legacy -I../Drivers/STM32F1xx_HAL_Driver/Inc -I../Drivers/CMSIS/Device/ST/STM32F1xx/Include -I../Drivers/CMSIS/Include -O0 -ffunction-sections -fdata-sections -Wall -fstack-usage -fcyclomatic-complexity -MMD -MP -MF"Core/Src/main.d" -MT"Core/Src/main.o" --specs=nano.specs -mfloat-abi=soft -mthumb -o "Core/Src/main.o"
arm-none-eabi-gcc -o "Lab2_NTLuan.elf" @"objects.list"   -mcpu=cortex-m3 -T"C:\Users\NguyenTienLuan\Desktop\fukmylife\micro\lab\lab2\Lab2_NTLuan\STM32F103C6UX_FLASH.ld" --specs=nosys.specs -Wl,-Map="Lab2_NTLuan.map" -Wl,--gc-sections -static --specs=nano.specs -mfloat-abi=soft -mthumb -Wl,--start-group -lc -lm -Wl,--end-group
Finished building target: Lab2_NTLuan.elf
 
arm-none-eabi-size  Lab2_NTLuan.elf 
arm-none-eabi-objdump -h -S Lab2_NTLuan.elf  > "Lab2_NTLuan.list"
arm-none-eabi-objcopy  -O ihex Lab2_NTLuan.elf  "Lab2_NTLuan.hex"
arm-none-eabi-objcopy  -O binary Lab2_NTLuan.elf  "Lab2_NTLuan.bin"
   text	   data	    bss	    dec	    hex	filename
   6980	     20	   1652	   8652	   21cc	Lab2_NTLuan.elf
Finished building: default.size.stdout
 
Finished building: Lab2_NTLuan.hex
Finished building: Lab2_NTLuan.bin
Finished building: Lab2_NTLuan.list
 
 
 
10:46:26 **** Incremental Build of configuration Debug for project Lab2_NTLuan ****
make -j8 all 
arm-none-eabi-gcc "../Core/Src/main.c" -mcpu=cortex-m3 -std=gnu11 -g3 -DDEBUG -DUSE_HAL_DRIVER -DSTM32F103x6 -c -I../Core/Inc -I../Drivers/STM32F1xx_HAL_Driver/Inc/Legacy -I../Drivers/STM32F1xx_HAL_Driver/Inc -I../Drivers/CMSIS/Device/ST/STM32F1xx/Include -I../Drivers/CMSIS/Include -O0 -ffunction-sections -fdata-sections -Wall -fstack-usage -fcyclomatic-complexity -MMD -MP -MF"Core/Src/main.d" -MT"Core/Src/main.o" --specs=nano.specs -mfloat-abi=soft -mthumb -o "Core/Src/main.o"
../Core/Src/main.c: In function 'HAL_TIM_PeriodElapsedCallback':
../Core/Src/main.c:228:9: warning: implicit declaration of function 'showNumber' [-Wimplicit-function-declaration]
  228 |         showNumber(1);
      |         ^~~~~~~~~~
../Core/Src/main.c: At top level:
../Core/Src/main.c:231:6: warning: conflicting types for 'showNumber'; have 'void(int)'
  231 | void showNumber(int number_status) {
      |      ^~~~~~~~~~
../Core/Src/main.c:228:9: note: previous implicit declaration of 'showNumber' with type 'void(int)'
  228 |         showNumber(1);
      |         ^~~~~~~~~~
arm-none-eabi-gcc -o "Lab2_NTLuan.elf" @"objects.list"   -mcpu=cortex-m3 -T"C:\Users\NguyenTienLuan\Desktop\fukmylife\micro\lab\lab2\Lab2_NTLuan\STM32F103C6UX_FLASH.ld" --specs=nosys.specs -Wl,-Map="Lab2_NTLuan.map" -Wl,--gc-sections -static --specs=nano.specs -mfloat-abi=soft -mthumb -Wl,--start-group -lc -lm -Wl,--end-group
Finished building target: Lab2_NTLuan.elf
 
arm-none-eabi-size  Lab2_NTLuan.elf 
arm-none-eabi-objdump -h -S Lab2_NTLuan.elf  > "Lab2_NTLuan.list"
arm-none-eabi-objcopy  -O ihex Lab2_NTLuan.elf  "Lab2_NTLuan.hex"
   text	   data	    bss	    dec	    hex	filename
   7216	     20	   1652	   8888	   22b8	Lab2_NTLuan.elf
arm-none-eabi-objcopy  -O binary Lab2_NTLuan.elf  "Lab2_NTLuan.bin"
Finished building: default.size.stdout
 
Finished building: Lab2_NTLuan.list
Finished building: Lab2_NTLuan.hex
Finished building: Lab2_NTLuan.bin
 
 
 
10:47:51 **** Incremental Build of configuration Debug for project Lab2_NTLuan ****
make -j8 all 
arm-none-eabi-gcc "../Core/Src/main.c" -mcpu=cortex-m3 -std=gnu11 -g3 -DDEBUG -DUSE_HAL_DRIVER -DSTM32F103x6 -c -I../Core/Inc -I../Drivers/STM32F1xx_HAL_Driver/Inc/Legacy -I../Drivers/STM32F1xx_HAL_Driver/Inc -I../Drivers/CMSIS/Device/ST/STM32F1xx/Include -I../Drivers/CMSIS/Include -O0 -ffunction-sections -fdata-sections -Wall -fstack-usage -fcyclomatic-complexity -MMD -MP -MF"Core/Src/main.d" -MT"Core/Src/main.o" --specs=nano.specs -mfloat-abi=soft -mthumb -o "Core/Src/main.o"
../Core/Src/main.c: In function 'HAL_TIM_PeriodElapsedCallback':
../Core/Src/main.c:229:9: warning: implicit declaration of function 'showNumber' [-Wimplicit-function-declaration]
  229 |         showNumber(number_status);
      |         ^~~~~~~~~~
../Core/Src/main.c: At top level:
../Core/Src/main.c:232:6: warning: conflicting types for 'showNumber'; have 'void(int)'
  232 | void showNumber(int number_status) {
      |      ^~~~~~~~~~
../Core/Src/main.c:229:9: note: previous implicit declaration of 'showNumber' with type 'void(int)'
  229 |         showNumber(number_status);
      |         ^~~~~~~~~~
arm-none-eabi-gcc -o "Lab2_NTLuan.elf" @"objects.list"   -mcpu=cortex-m3 -T"C:\Users\NguyenTienLuan\Desktop\fukmylife\micro\lab\lab2\Lab2_NTLuan\STM32F103C6UX_FLASH.ld" --specs=nosys.specs -Wl,-Map="Lab2_NTLuan.map" -Wl,--gc-sections -static --specs=nano.specs -mfloat-abi=soft -mthumb -Wl,--start-group -lc -lm -Wl,--end-group
Finished building target: Lab2_NTLuan.elf
 
arm-none-eabi-size  Lab2_NTLuan.elf 
arm-none-eabi-objdump -h -S Lab2_NTLuan.elf  > "Lab2_NTLuan.list"
arm-none-eabi-objcopy  -O ihex Lab2_NTLuan.elf  "Lab2_NTLuan.hex"
arm-none-eabi-objcopy  -O binary Lab2_NTLuan.elf  "Lab2_NTLuan.bin"
   text	   data	    bss	    dec	    hex	filename
   7224	     24	   1648	   8896	   22c0	Lab2_NTLuan.elf
Finished building: default.size.stdout
Finished building: Lab2_NTLuan.list
Finished building: Lab2_NTLuan.hex
Finished building: Lab2_NTLuan.bin
 
 
 
 
10:49:28 **** Incremental Build of configuration Debug for project Lab2_NTLuan ****
make -j8 all 
arm-none-eabi-gcc "../Core/Src/main.c" -mcpu=cortex-m3 -std=gnu11 -g3 -DDEBUG -DUSE_HAL_DRIVER -DSTM32F103x6 -c -I../Core/Inc -I../Drivers/STM32F1xx_HAL_Driver/Inc/Legacy -I../Drivers/STM32F1xx_HAL_Driver/Inc -I../Drivers/CMSIS/Device/ST/STM32F1xx/Include -I../Drivers/CMSIS/Include -O0 -ffunction-sections -fdata-sections -Wall -fstack-usage -fcyclomatic-complexity -MMD -MP -MF"Core/Src/main.d" -MT"Core/Src/main.o" --specs=nano.specs -mfloat-abi=soft -mthumb -o "Core/Src/main.o"
../Core/Src/main.c: In function 'main':
../Core/Src/main.c:102:25: warning: implicit declaration of function 'showNumber' [-Wimplicit-function-declaration]
  102 |                         showNumber(number_status);
      |                         ^~~~~~~~~~
../Core/Src/main.c: At top level:
../Core/Src/main.c:231:6: warning: conflicting types for 'showNumber'; have 'void(int)'
  231 | void showNumber(int number_status) {
      |      ^~~~~~~~~~
../Core/Src/main.c:102:25: note: previous implicit declaration of 'showNumber' with type 'void(int)'
  102 |                         showNumber(number_status);
      |                         ^~~~~~~~~~
arm-none-eabi-gcc -o "Lab2_NTLuan.elf" @"objects.list"   -mcpu=cortex-m3 -T"C:\Users\NguyenTienLuan\Desktop\fukmylife\micro\lab\lab2\Lab2_NTLuan\STM32F103C6UX_FLASH.ld" --specs=nosys.specs -Wl,-Map="Lab2_NTLuan.map" -Wl,--gc-sections -static --specs=nano.specs -mfloat-abi=soft -mthumb -Wl,--start-group -lc -lm -Wl,--end-group
Finished building target: Lab2_NTLuan.elf
 
arm-none-eabi-size  Lab2_NTLuan.elf 
arm-none-eabi-objdump -h -S Lab2_NTLuan.elf  > "Lab2_NTLuan.list"
arm-none-eabi-objcopy  -O ihex Lab2_NTLuan.elf  "Lab2_NTLuan.hex"
   text	   data	    bss	    dec	    hex	filename
   7220	     20	   1652	   8892	   22bc	Lab2_NTLuan.elf
arm-none-eabi-objcopy  -O binary Lab2_NTLuan.elf  "Lab2_NTLuan.bin"
Finished building: default.size.stdout
 
Finished building: Lab2_NTLuan.list
Finished building: Lab2_NTLuan.hex
Finished building: Lab2_NTLuan.bin
 
 
 
10:51:28 **** Incremental Build of configuration Debug for project Lab2_NTLuan ****
make -j8 all 
arm-none-eabi-gcc "../Core/Src/main.c" -mcpu=cortex-m3 -std=gnu11 -g3 -DDEBUG -DUSE_HAL_DRIVER -DSTM32F103x6 -c -I../Core/Inc -I../Drivers/STM32F1xx_HAL_Driver/Inc/Legacy -I../Drivers/STM32F1xx_HAL_Driver/Inc -I../Drivers/CMSIS/Device/ST/STM32F1xx/Include -I../Drivers/CMSIS/Include -O0 -ffunction-sections -fdata-sections -Wall -fstack-usage -fcyclomatic-complexity -MMD -MP -MF"Core/Src/main.d" -MT"Core/Src/main.o" --specs=nano.specs -mfloat-abi=soft -mthumb -o "Core/Src/main.o"
arm-none-eabi-gcc -o "Lab2_NTLuan.elf" @"objects.list"   -mcpu=cortex-m3 -T"C:\Users\NguyenTienLuan\Desktop\fukmylife\micro\lab\lab2\Lab2_NTLuan\STM32F103C6UX_FLASH.ld" --specs=nosys.specs -Wl,-Map="Lab2_NTLuan.map" -Wl,--gc-sections -static --specs=nano.specs -mfloat-abi=soft -mthumb -Wl,--start-group -lc -lm -Wl,--end-group
Finished building target: Lab2_NTLuan.elf
 
arm-none-eabi-size  Lab2_NTLuan.elf 
arm-none-eabi-objdump -h -S Lab2_NTLuan.elf  > "Lab2_NTLuan.list"
arm-none-eabi-objcopy  -O ihex Lab2_NTLuan.elf  "Lab2_NTLuan.hex"
   text	   data	    bss	    dec	    hex	filename
   7196	     20	   1652	   8868	   22a4	Lab2_NTLuan.elf
arm-none-eabi-objcopy  -O binary Lab2_NTLuan.elf  "Lab2_NTLuan.bin"
Finished building: default.size.stdout
 
Finished building: Lab2_NTLuan.hex
Finished building: Lab2_NTLuan.list
Finished building: Lab2_NTLuan.bin
 
 
 
10:54:33 **** Incremental Build of configuration Debug for project Lab2_NTLuan ****
make -j8 all 
arm-none-eabi-gcc "../Core/Src/main.c" -mcpu=cortex-m3 -std=gnu11 -g3 -DDEBUG -DUSE_HAL_DRIVER -DSTM32F103x6 -c -I../Core/Inc -I../Drivers/STM32F1xx_HAL_Driver/Inc/Legacy -I../Drivers/STM32F1xx_HAL_Driver/Inc -I../Drivers/CMSIS/Device/ST/STM32F1xx/Include -I../Drivers/CMSIS/Include -O0 -ffunction-sections -fdata-sections -Wall -fstack-usage -fcyclomatic-complexity -MMD -MP -MF"Core/Src/main.d" -MT"Core/Src/main.o" --specs=nano.specs -mfloat-abi=soft -mthumb -o "Core/Src/main.o"
arm-none-eabi-gcc -o "Lab2_NTLuan.elf" @"objects.list"   -mcpu=cortex-m3 -T"C:\Users\NguyenTienLuan\Desktop\fukmylife\micro\lab\lab2\Lab2_NTLuan\STM32F103C6UX_FLASH.ld" --specs=nosys.specs -Wl,-Map="Lab2_NTLuan.map" -Wl,--gc-sections -static --specs=nano.specs -mfloat-abi=soft -mthumb -Wl,--start-group -lc -lm -Wl,--end-group
Finished building target: Lab2_NTLuan.elf
 
arm-none-eabi-size  Lab2_NTLuan.elf 
arm-none-eabi-objdump -h -S Lab2_NTLuan.elf  > "Lab2_NTLuan.list"
arm-none-eabi-objcopy  -O ihex Lab2_NTLuan.elf  "Lab2_NTLuan.hex"
arm-none-eabi-objcopy  -O binary Lab2_NTLuan.elf  "Lab2_NTLuan.bin"
   text	   data	    bss	    dec	    hex	filename
   7192	     20	   1652	   8864	   22a0	Lab2_NTLuan.elf
Finished building: default.size.stdout
 
Finished building: Lab2_NTLuan.hex
Finished building: Lab2_NTLuan.list
Finished building: Lab2_NTLuan.bin
 
 
 
10:55:18 **** Incremental Build of configuration Debug for project Lab2_NTLuan ****
make -j8 all 
arm-none-eabi-gcc "../Core/Src/main.c" -mcpu=cortex-m3 -std=gnu11 -g3 -DDEBUG -DUSE_HAL_DRIVER -DSTM32F103x6 -c -I../Core/Inc -I../Drivers/STM32F1xx_HAL_Driver/Inc/Legacy -I../Drivers/STM32F1xx_HAL_Driver/Inc -I../Drivers/CMSIS/Device/ST/STM32F1xx/Include -I../Drivers/CMSIS/Include -O0 -ffunction-sections -fdata-sections -Wall -fstack-usage -fcyclomatic-complexity -MMD -MP -MF"Core/Src/main.d" -MT"Core/Src/main.o" --specs=nano.specs -mfloat-abi=soft -mthumb -o "Core/Src/main.o"
arm-none-eabi-gcc -o "Lab2_NTLuan.elf" @"objects.list"   -mcpu=cortex-m3 -T"C:\Users\NguyenTienLuan\Desktop\fukmylife\micro\lab\lab2\Lab2_NTLuan\STM32F103C6UX_FLASH.ld" --specs=nosys.specs -Wl,-Map="Lab2_NTLuan.map" -Wl,--gc-sections -static --specs=nano.specs -mfloat-abi=soft -mthumb -Wl,--start-group -lc -lm -Wl,--end-group
Finished building target: Lab2_NTLuan.elf
 
arm-none-eabi-size  Lab2_NTLuan.elf 
arm-none-eabi-objdump -h -S Lab2_NTLuan.elf  > "Lab2_NTLuan.list"
arm-none-eabi-objcopy  -O ihex Lab2_NTLuan.elf  "Lab2_NTLuan.hex"
   text	   data	    bss	    dec	    hex	filename
   7200	     20	   1652	   8872	   22a8	Lab2_NTLuan.elf
arm-none-eabi-objcopy  -O binary Lab2_NTLuan.elf  "Lab2_NTLuan.bin"
Finished building: default.size.stdout
 
Finished building: Lab2_NTLuan.list
Finished building: Lab2_NTLuan.hex
Finished building: Lab2_NTLuan.bin
 
 
 
10:58:07 **** Incremental Build of configuration Debug for project Lab2_NTLuan ****
make -j8 all 
arm-none-eabi-gcc "../Core/Src/main.c" -mcpu=cortex-m3 -std=gnu11 -g3 -DDEBUG -DUSE_HAL_DRIVER -DSTM32F103x6 -c -I../Core/Inc -I../Drivers/STM32F1xx_HAL_Driver/Inc/Legacy -I../Drivers/STM32F1xx_HAL_Driver/Inc -I../Drivers/CMSIS/Device/ST/STM32F1xx/Include -I../Drivers/CMSIS/Include -O0 -ffunction-sections -fdata-sections -Wall -fstack-usage -fcyclomatic-complexity -MMD -MP -MF"Core/Src/main.d" -MT"Core/Src/main.o" --specs=nano.specs -mfloat-abi=soft -mthumb -o "Core/Src/main.o"
../Core/Src/main.c: In function 'main':
../Core/Src/main.c:117:75: error: 'SESET' undeclared (first use in this function); did you mean 'RESET'?
  117 |                                 HAL_GPIO_WritePin(EN1_GPIO_Port, EN1_Pin, SESET);
      |                                                                           ^~~~~
      |                                                                           RESET
../Core/Src/main.c:117:75: note: each undeclared identifier is reported only once for each function it appears in
make: *** [Core/Src/subdir.mk:37: Core/Src/main.o] Error 1
"make -j8 all" terminated with exit code 2. Build might be incomplete.
10:58:13 **** Incremental Build of configuration Debug for project Lab2_NTLuan ****
make -j8 all 
arm-none-eabi-gcc "../Core/Src/main.c" -mcpu=cortex-m3 -std=gnu11 -g3 -DDEBUG -DUSE_HAL_DRIVER -DSTM32F103x6 -c -I../Core/Inc -I../Drivers/STM32F1xx_HAL_Driver/Inc/Legacy -I../Drivers/STM32F1xx_HAL_Driver/Inc -I../Drivers/CMSIS/Device/ST/STM32F1xx/Include -I../Drivers/CMSIS/Include -O0 -ffunction-sections -fdata-sections -Wall -fstack-usage -fcyclomatic-complexity -MMD -MP -MF"Core/Src/main.d" -MT"Core/Src/main.o" --specs=nano.specs -mfloat-abi=soft -mthumb -o "Core/Src/main.o"
arm-none-eabi-gcc -o "Lab2_NTLuan.elf" @"objects.list"   -mcpu=cortex-m3 -T"C:\Users\NguyenTienLuan\Desktop\fukmylife\micro\lab\lab2\Lab2_NTLuan\STM32F103C6UX_FLASH.ld" --specs=nosys.specs -Wl,-Map="Lab2_NTLuan.map" -Wl,--gc-sections -static --specs=nano.specs -mfloat-abi=soft -mthumb -Wl,--start-group -lc -lm -Wl,--end-group
Finished building target: Lab2_NTLuan.elf
 
arm-none-eabi-size  Lab2_NTLuan.elf 
arm-none-eabi-objdump -h -S Lab2_NTLuan.elf  > "Lab2_NTLuan.list"
arm-none-eabi-objcopy  -O ihex Lab2_NTLuan.elf  "Lab2_NTLuan.hex"
   text	   data	    bss	    dec	    hex	filename
   7200	     20	   1652	   8872	   22a8	Lab2_NTLuan.elf
arm-none-eabi-objcopy  -O binary Lab2_NTLuan.elf  "Lab2_NTLuan.bin"
Finished building: default.size.stdout
 
Finished building: Lab2_NTLuan.list
Finished building: Lab2_NTLuan.hex
Finished building: Lab2_NTLuan.bin
 
 
 
10:58:39 **** Incremental Build of configuration Debug for project Lab2_NTLuan ****
make -j8 all 
arm-none-eabi-gcc "../Core/Src/main.c" -mcpu=cortex-m3 -std=gnu11 -g3 -DDEBUG -DUSE_HAL_DRIVER -DSTM32F103x6 -c -I../Core/Inc -I../Drivers/STM32F1xx_HAL_Driver/Inc/Legacy -I../Drivers/STM32F1xx_HAL_Driver/Inc -I../Drivers/CMSIS/Device/ST/STM32F1xx/Include -I../Drivers/CMSIS/Include -O0 -ffunction-sections -fdata-sections -Wall -fstack-usage -fcyclomatic-complexity -MMD -MP -MF"Core/Src/main.d" -MT"Core/Src/main.o" --specs=nano.specs -mfloat-abi=soft -mthumb -o "Core/Src/main.o"
arm-none-eabi-gcc -o "Lab2_NTLuan.elf" @"objects.list"   -mcpu=cortex-m3 -T"C:\Users\NguyenTienLuan\Desktop\fukmylife\micro\lab\lab2\Lab2_NTLuan\STM32F103C6UX_FLASH.ld" --specs=nosys.specs -Wl,-Map="Lab2_NTLuan.map" -Wl,--gc-sections -static --specs=nano.specs -mfloat-abi=soft -mthumb -Wl,--start-group -lc -lm -Wl,--end-group
Finished building target: Lab2_NTLuan.elf
 
arm-none-eabi-size  Lab2_NTLuan.elf 
arm-none-eabi-objdump -h -S Lab2_NTLuan.elf  > "Lab2_NTLuan.list"
arm-none-eabi-objcopy  -O ihex Lab2_NTLuan.elf  "Lab2_NTLuan.hex"
   text	   data	    bss	    dec	    hex	filename
   7200	     20	   1652	   8872	   22a8	Lab2_NTLuan.elf
arm-none-eabi-objcopy  -O binary Lab2_NTLuan.elf  "Lab2_NTLuan.bin"
Finished building: default.size.stdout
 
Finished building: Lab2_NTLuan.list
Finished building: Lab2_NTLuan.hex
Finished building: Lab2_NTLuan.bin
 
 
 
14:50:31 **** Incremental Build of configuration Debug for project Lab2_NTLuan ****
make -j8 all 
arm-none-eabi-size  Lab2_NTLuan.elf 
   text	   data	    bss	    dec	    hex	filename
   7200	     20	   1652	   8872	   22a8	Lab2_NTLuan.elf
Finished building: default.size.stdout
 
15:10:23 **** Incremental Build of configuration Debug for project Lab2_NTLuan ****
make -j8 all 
arm-none-eabi-gcc "../Core/Src/main.c" -mcpu=cortex-m3 -std=gnu11 -g3 -DDEBUG -DUSE_HAL_DRIVER -DSTM32F103x6 -c -I../Core/Inc -I../Drivers/STM32F1xx_HAL_Driver/Inc/Legacy -I../Drivers/STM32F1xx_HAL_Driver/Inc -I../Drivers/CMSIS/Device/ST/STM32F1xx/Include -I../Drivers/CMSIS/Include -O0 -ffunction-sections -fdata-sections -Wall -fstack-usage -fcyclomatic-complexity -MMD -MP -MF"Core/Src/main.d" -MT"Core/Src/main.o" --specs=nano.specs -mfloat-abi=soft -mthumb -o "Core/Src/main.o"
../Core/Src/main.c: In function 'main':
../Core/Src/main.c:108:25: warning: implicit declaration of function 'update7SEG' [-Wimplicit-function-declaration]
  108 |                         update7SEG(index);
      |                         ^~~~~~~~~~
../Core/Src/main.c: At top level:
../Core/Src/main.c:252:6: warning: conflicting types for 'update7SEG'; have 'void(int)'
  252 | void update7SEG(int index) {
      |      ^~~~~~~~~~
../Core/Src/main.c:108:25: note: previous implicit declaration of 'update7SEG' with type 'void(int)'
  108 |                         update7SEG(index);
      |                         ^~~~~~~~~~
../Core/Src/main.c: In function 'update7SEG':
../Core/Src/main.c:255:17: warning: implicit declaration of function 'displayLED' [-Wimplicit-function-declaration]
  255 |                 displayLED(index);
      |                 ^~~~~~~~~~
../Core/Src/main.c:256:17: warning: implicit declaration of function 'display7SEG' [-Wimplicit-function-declaration]
  256 |                 display7SEG(led_buffer[0]);
      |                 ^~~~~~~~~~~
../Core/Src/main.c: At top level:
../Core/Src/main.c:275:6: warning: conflicting types for 'displayLED'; have 'void(int)'
  275 | void displayLED(int index) {
      |      ^~~~~~~~~~
../Core/Src/main.c:255:17: note: previous implicit declaration of 'displayLED' with type 'void(int)'
  255 |                 displayLED(index);
      |                 ^~~~~~~~~~
../Core/Src/main.c:300:6: warning: conflicting types for 'display7SEG'; have 'void(int)'
  300 | void display7SEG(int number_status) {
      |      ^~~~~~~~~~~
../Core/Src/main.c:256:17: note: previous implicit declaration of 'display7SEG' with type 'void(int)'
  256 |                 display7SEG(led_buffer[0]);
      |                 ^~~~~~~~~~~
arm-none-eabi-gcc -o "Lab2_NTLuan.elf" @"objects.list"   -mcpu=cortex-m3 -T"C:\Users\NguyenTienLuan\Desktop\fukmylife\micro\lab\lab2\Lab2_NTLuan\STM32F103C6UX_FLASH.ld" --specs=nosys.specs -Wl,-Map="Lab2_NTLuan.map" -Wl,--gc-sections -static --specs=nano.specs -mfloat-abi=soft -mthumb -Wl,--start-group -lc -lm -Wl,--end-group
Finished building target: Lab2_NTLuan.elf
 
arm-none-eabi-size  Lab2_NTLuan.elf 
arm-none-eabi-objdump -h -S Lab2_NTLuan.elf  > "Lab2_NTLuan.list"
arm-none-eabi-objcopy  -O ihex Lab2_NTLuan.elf  "Lab2_NTLuan.hex"
arm-none-eabi-objcopy  -O binary Lab2_NTLuan.elf  "Lab2_NTLuan.bin"
   text	   data	    bss	    dec	    hex	filename
   8312	     36	   1660	  10008	   2718	Lab2_NTLuan.elf
Finished building: default.size.stdout
 
Finished building: Lab2_NTLuan.list
Finished building: Lab2_NTLuan.hex
Finished building: Lab2_NTLuan.bin
 
 
 
15:13:13 **** Incremental Build of configuration Debug for project Lab2_NTLuan ****
make -j8 all 
arm-none-eabi-gcc "../Core/Src/main.c" -mcpu=cortex-m3 -std=gnu11 -g3 -DDEBUG -DUSE_HAL_DRIVER -DSTM32F103x6 -c -I../Core/Inc -I../Drivers/STM32F1xx_HAL_Driver/Inc/Legacy -I../Drivers/STM32F1xx_HAL_Driver/Inc -I../Drivers/CMSIS/Device/ST/STM32F1xx/Include -I../Drivers/CMSIS/Include -O0 -ffunction-sections -fdata-sections -Wall -fstack-usage -fcyclomatic-complexity -MMD -MP -MF"Core/Src/main.d" -MT"Core/Src/main.o" --specs=nano.specs -mfloat-abi=soft -mthumb -o "Core/Src/main.o"
../Core/Src/main.c: In function 'main':
../Core/Src/main.c:108:25: warning: implicit declaration of function 'update7SEG' [-Wimplicit-function-declaration]
  108 |                         update7SEG(index);
      |                         ^~~~~~~~~~
../Core/Src/main.c: At top level:
../Core/Src/main.c:252:6: warning: conflicting types for 'update7SEG'; have 'void(int)'
  252 | void update7SEG(int index) {
      |      ^~~~~~~~~~
../Core/Src/main.c:108:25: note: previous implicit declaration of 'update7SEG' with type 'void(int)'
  108 |                         update7SEG(index);
      |                         ^~~~~~~~~~
../Core/Src/main.c: In function 'update7SEG':
../Core/Src/main.c:255:17: warning: implicit declaration of function 'displayLED' [-Wimplicit-function-declaration]
  255 |                 displayLED(index);
      |                 ^~~~~~~~~~
../Core/Src/main.c:256:17: warning: implicit declaration of function 'display7SEG' [-Wimplicit-function-declaration]
  256 |                 display7SEG(led_buffer[0]);
      |                 ^~~~~~~~~~~
../Core/Src/main.c: At top level:
../Core/Src/main.c:275:6: warning: conflicting types for 'displayLED'; have 'void(int)'
  275 | void displayLED(int index) {
      |      ^~~~~~~~~~
../Core/Src/main.c:255:17: note: previous implicit declaration of 'displayLED' with type 'void(int)'
  255 |                 displayLED(index);
      |                 ^~~~~~~~~~
../Core/Src/main.c:304:6: warning: conflicting types for 'display7SEG'; have 'void(int)'
  304 | void display7SEG(int number_status) {
      |      ^~~~~~~~~~~
../Core/Src/main.c:256:17: note: previous implicit declaration of 'display7SEG' with type 'void(int)'
  256 |                 display7SEG(led_buffer[0]);
      |                 ^~~~~~~~~~~
arm-none-eabi-gcc -o "Lab2_NTLuan.elf" @"objects.list"   -mcpu=cortex-m3 -T"C:\Users\NguyenTienLuan\Desktop\fukmylife\micro\lab\lab2\Lab2_NTLuan\STM32F103C6UX_FLASH.ld" --specs=nosys.specs -Wl,-Map="Lab2_NTLuan.map" -Wl,--gc-sections -static --specs=nano.specs -mfloat-abi=soft -mthumb -Wl,--start-group -lc -lm -Wl,--end-group
Finished building target: Lab2_NTLuan.elf
 
arm-none-eabi-size  Lab2_NTLuan.elf 
arm-none-eabi-objdump -h -S Lab2_NTLuan.elf  > "Lab2_NTLuan.list"
arm-none-eabi-objcopy  -O ihex Lab2_NTLuan.elf  "Lab2_NTLuan.hex"
arm-none-eabi-objcopy  -O binary Lab2_NTLuan.elf  "Lab2_NTLuan.bin"
   text	   data	    bss	    dec	    hex	filename
   8340	     36	   1660	  10036	   2734	Lab2_NTLuan.elf
Finished building: default.size.stdout
 
Finished building: Lab2_NTLuan.hex
Finished building: Lab2_NTLuan.list
Finished building: Lab2_NTLuan.bin
 
 
 
15:13:48 **** Incremental Build of configuration Debug for project Lab2_NTLuan ****
make -j8 all 
arm-none-eabi-gcc "../Core/Src/main.c" -mcpu=cortex-m3 -std=gnu11 -g3 -DDEBUG -DUSE_HAL_DRIVER -DSTM32F103x6 -c -I../Core/Inc -I../Drivers/STM32F1xx_HAL_Driver/Inc/Legacy -I../Drivers/STM32F1xx_HAL_Driver/Inc -I../Drivers/CMSIS/Device/ST/STM32F1xx/Include -I../Drivers/CMSIS/Include -O0 -ffunction-sections -fdata-sections -Wall -fstack-usage -fcyclomatic-complexity -MMD -MP -MF"Core/Src/main.d" -MT"Core/Src/main.o" --specs=nano.specs -mfloat-abi=soft -mthumb -o "Core/Src/main.o"
../Core/Src/main.c: In function 'main':
../Core/Src/main.c:108:25: warning: implicit declaration of function 'update7SEG' [-Wimplicit-function-declaration]
  108 |                         update7SEG(index);
      |                         ^~~~~~~~~~
../Core/Src/main.c: At top level:
../Core/Src/main.c:252:6: warning: conflicting types for 'update7SEG'; have 'void(int)'
  252 | void update7SEG(int index) {
      |      ^~~~~~~~~~
../Core/Src/main.c:108:25: note: previous implicit declaration of 'update7SEG' with type 'void(int)'
  108 |                         update7SEG(index);
      |                         ^~~~~~~~~~
../Core/Src/main.c: In function 'update7SEG':
../Core/Src/main.c:255:17: warning: implicit declaration of function 'displayLED' [-Wimplicit-function-declaration]
  255 |                 displayLED(index);
      |                 ^~~~~~~~~~
../Core/Src/main.c:256:17: warning: implicit declaration of function 'display7SEG' [-Wimplicit-function-declaration]
  256 |                 display7SEG(led_buffer[0]);
      |                 ^~~~~~~~~~~
../Core/Src/main.c: At top level:
../Core/Src/main.c:275:6: warning: conflicting types for 'displayLED'; have 'void(int)'
  275 | void displayLED(int index) {
      |      ^~~~~~~~~~
../Core/Src/main.c:255:17: note: previous implicit declaration of 'displayLED' with type 'void(int)'
  255 |                 displayLED(index);
      |                 ^~~~~~~~~~
../Core/Src/main.c:304:6: warning: conflicting types for 'display7SEG'; have 'void(int)'
  304 | void display7SEG(int number_status) {
      |      ^~~~~~~~~~~
../Core/Src/main.c:256:17: note: previous implicit declaration of 'display7SEG' with type 'void(int)'
  256 |                 display7SEG(led_buffer[0]);
      |                 ^~~~~~~~~~~
arm-none-eabi-gcc -o "Lab2_NTLuan.elf" @"objects.list"   -mcpu=cortex-m3 -T"C:\Users\NguyenTienLuan\Desktop\fukmylife\micro\lab\lab2\Lab2_NTLuan\STM32F103C6UX_FLASH.ld" --specs=nosys.specs -Wl,-Map="Lab2_NTLuan.map" -Wl,--gc-sections -static --specs=nano.specs -mfloat-abi=soft -mthumb -Wl,--start-group -lc -lm -Wl,--end-group
Finished building target: Lab2_NTLuan.elf
 
arm-none-eabi-size  Lab2_NTLuan.elf 
arm-none-eabi-objdump -h -S Lab2_NTLuan.elf  > "Lab2_NTLuan.list"
arm-none-eabi-objcopy  -O ihex Lab2_NTLuan.elf  "Lab2_NTLuan.hex"
   text	   data	    bss	    dec	    hex	filename
   8340	     36	   1660	  10036	   2734	Lab2_NTLuan.elf
arm-none-eabi-objcopy  -O binary Lab2_NTLuan.elf  "Lab2_NTLuan.bin"
Finished building: default.size.stdout
 
Finished building: Lab2_NTLuan.list
Finished building: Lab2_NTLuan.hex
Finished building: Lab2_NTLuan.bin
 
 
 
15:14:10 **** Incremental Build of configuration Debug for project Lab2_NTLuan ****
make -j8 all 
arm-none-eabi-gcc "../Core/Src/main.c" -mcpu=cortex-m3 -std=gnu11 -g3 -DDEBUG -DUSE_HAL_DRIVER -DSTM32F103x6 -c -I../Core/Inc -I../Drivers/STM32F1xx_HAL_Driver/Inc/Legacy -I../Drivers/STM32F1xx_HAL_Driver/Inc -I../Drivers/CMSIS/Device/ST/STM32F1xx/Include -I../Drivers/CMSIS/Include -O0 -ffunction-sections -fdata-sections -Wall -fstack-usage -fcyclomatic-complexity -MMD -MP -MF"Core/Src/main.d" -MT"Core/Src/main.o" --specs=nano.specs -mfloat-abi=soft -mthumb -o "Core/Src/main.o"
../Core/Src/main.c: In function 'main':
../Core/Src/main.c:108:25: warning: implicit declaration of function 'update7SEG' [-Wimplicit-function-declaration]
  108 |                         update7SEG(index);
      |                         ^~~~~~~~~~
../Core/Src/main.c: At top level:
../Core/Src/main.c:252:6: warning: conflicting types for 'update7SEG'; have 'void(int)'
  252 | void update7SEG(int index) {
      |      ^~~~~~~~~~
../Core/Src/main.c:108:25: note: previous implicit declaration of 'update7SEG' with type 'void(int)'
  108 |                         update7SEG(index);
      |                         ^~~~~~~~~~
../Core/Src/main.c: In function 'update7SEG':
../Core/Src/main.c:255:17: warning: implicit declaration of function 'displayLED' [-Wimplicit-function-declaration]
  255 |                 displayLED(index);
      |                 ^~~~~~~~~~
../Core/Src/main.c:256:17: warning: implicit declaration of function 'display7SEG' [-Wimplicit-function-declaration]
  256 |                 display7SEG(led_buffer[0]);
      |                 ^~~~~~~~~~~
../Core/Src/main.c: At top level:
../Core/Src/main.c:275:6: warning: conflicting types for 'displayLED'; have 'void(int)'
  275 | void displayLED(int index) {
      |      ^~~~~~~~~~
../Core/Src/main.c:255:17: note: previous implicit declaration of 'displayLED' with type 'void(int)'
  255 |                 displayLED(index);
      |                 ^~~~~~~~~~
../Core/Src/main.c:304:6: warning: conflicting types for 'display7SEG'; have 'void(int)'
  304 | void display7SEG(int number_status) {
      |      ^~~~~~~~~~~
../Core/Src/main.c:256:17: note: previous implicit declaration of 'display7SEG' with type 'void(int)'
  256 |                 display7SEG(led_buffer[0]);
      |                 ^~~~~~~~~~~
arm-none-eabi-gcc -o "Lab2_NTLuan.elf" @"objects.list"   -mcpu=cortex-m3 -T"C:\Users\NguyenTienLuan\Desktop\fukmylife\micro\lab\lab2\Lab2_NTLuan\STM32F103C6UX_FLASH.ld" --specs=nosys.specs -Wl,-Map="Lab2_NTLuan.map" -Wl,--gc-sections -static --specs=nano.specs -mfloat-abi=soft -mthumb -Wl,--start-group -lc -lm -Wl,--end-group
Finished building target: Lab2_NTLuan.elf
 
arm-none-eabi-size  Lab2_NTLuan.elf 
arm-none-eabi-objdump -h -S Lab2_NTLuan.elf  > "Lab2_NTLuan.list"
arm-none-eabi-objcopy  -O ihex Lab2_NTLuan.elf  "Lab2_NTLuan.hex"
   text	   data	    bss	    dec	    hex	filename
   8340	     36	   1660	  10036	   2734	Lab2_NTLuan.elf
arm-none-eabi-objcopy  -O binary Lab2_NTLuan.elf  "Lab2_NTLuan.bin"
Finished building: default.size.stdout
 
Finished building: Lab2_NTLuan.list
Finished building: Lab2_NTLuan.hex
Finished building: Lab2_NTLuan.bin
 
 
 
15:23:10 **** Incremental Build of configuration Debug for project Lab2_NTLuan ****
make -j8 all 
arm-none-eabi-gcc "../Core/Src/main.c" -mcpu=cortex-m3 -std=gnu11 -g3 -DDEBUG -DUSE_HAL_DRIVER -DSTM32F103x6 -c -I../Core/Inc -I../Drivers/STM32F1xx_HAL_Driver/Inc/Legacy -I../Drivers/STM32F1xx_HAL_Driver/Inc -I../Drivers/CMSIS/Device/ST/STM32F1xx/Include -I../Drivers/CMSIS/Include -O0 -ffunction-sections -fdata-sections -Wall -fstack-usage -fcyclomatic-complexity -MMD -MP -MF"Core/Src/main.d" -MT"Core/Src/main.o" --specs=nano.specs -mfloat-abi=soft -mthumb -o "Core/Src/main.o"
../Core/Src/main.c: In function 'main':
../Core/Src/main.c:108:25: warning: implicit declaration of function 'update7SEG' [-Wimplicit-function-declaration]
  108 |                         update7SEG(index);
      |                         ^~~~~~~~~~
../Core/Src/main.c: At top level:
../Core/Src/main.c:252:6: warning: conflicting types for 'update7SEG'; have 'void(int)'
  252 | void update7SEG(int index) {
      |      ^~~~~~~~~~
../Core/Src/main.c:108:25: note: previous implicit declaration of 'update7SEG' with type 'void(int)'
  108 |                         update7SEG(index);
      |                         ^~~~~~~~~~
../Core/Src/main.c: In function 'update7SEG':
../Core/Src/main.c:255:17: warning: implicit declaration of function 'displayLED' [-Wimplicit-function-declaration]
  255 |                 displayLED(index);
      |                 ^~~~~~~~~~
../Core/Src/main.c:256:17: warning: implicit declaration of function 'display7SEG' [-Wimplicit-function-declaration]
  256 |                 display7SEG(led_buffer[0]);
      |                 ^~~~~~~~~~~
../Core/Src/main.c: At top level:
../Core/Src/main.c:275:6: warning: conflicting types for 'displayLED'; have 'void(int)'
  275 | void displayLED(int index) {
      |      ^~~~~~~~~~
../Core/Src/main.c:255:17: note: previous implicit declaration of 'displayLED' with type 'void(int)'
  255 |                 displayLED(index);
      |                 ^~~~~~~~~~
../Core/Src/main.c:304:6: warning: conflicting types for 'display7SEG'; have 'void(int)'
  304 | void display7SEG(int number_status) {
      |      ^~~~~~~~~~~
../Core/Src/main.c:256:17: note: previous implicit declaration of 'display7SEG' with type 'void(int)'
  256 |                 display7SEG(led_buffer[0]);
      |                 ^~~~~~~~~~~
arm-none-eabi-gcc -o "Lab2_NTLuan.elf" @"objects.list"   -mcpu=cortex-m3 -T"C:\Users\NguyenTienLuan\Desktop\fukmylife\micro\lab\lab2\Lab2_NTLuan\STM32F103C6UX_FLASH.ld" --specs=nosys.specs -Wl,-Map="Lab2_NTLuan.map" -Wl,--gc-sections -static --specs=nano.specs -mfloat-abi=soft -mthumb -Wl,--start-group -lc -lm -Wl,--end-group
Finished building target: Lab2_NTLuan.elf
 
arm-none-eabi-size  Lab2_NTLuan.elf 
arm-none-eabi-objdump -h -S Lab2_NTLuan.elf  > "Lab2_NTLuan.list"
arm-none-eabi-objcopy  -O ihex Lab2_NTLuan.elf  "Lab2_NTLuan.hex"
arm-none-eabi-objcopy  -O binary Lab2_NTLuan.elf  "Lab2_NTLuan.bin"
   text	   data	    bss	    dec	    hex	filename
   8340	     36	   1660	  10036	   2734	Lab2_NTLuan.elf
Finished building: default.size.stdout
 
Finished building: Lab2_NTLuan.hex
Finished building: Lab2_NTLuan.list
Finished building: Lab2_NTLuan.bin
 
 
 
15:42:43 **** Incremental Build of configuration Debug for project Lab2_NTLuan ****
make -j8 all 
arm-none-eabi-gcc "../Core/Src/main.c" -mcpu=cortex-m3 -std=gnu11 -g3 -DDEBUG -DUSE_HAL_DRIVER -DSTM32F103x6 -c -I../Core/Inc -I../Drivers/STM32F1xx_HAL_Driver/Inc/Legacy -I../Drivers/STM32F1xx_HAL_Driver/Inc -I../Drivers/CMSIS/Device/ST/STM32F1xx/Include -I../Drivers/CMSIS/Include -O0 -ffunction-sections -fdata-sections -Wall -fstack-usage -fcyclomatic-complexity -MMD -MP -MF"Core/Src/main.d" -MT"Core/Src/main.o" --specs=nano.specs -mfloat-abi=soft -mthumb -o "Core/Src/main.o"
arm-none-eabi-gcc "../Core/Src/software_timer.c" -mcpu=cortex-m3 -std=gnu11 -g3 -DDEBUG -DUSE_HAL_DRIVER -DSTM32F103x6 -c -I../Core/Inc -I../Drivers/STM32F1xx_HAL_Driver/Inc/Legacy -I../Drivers/STM32F1xx_HAL_Driver/Inc -I../Drivers/CMSIS/Device/ST/STM32F1xx/Include -I../Drivers/CMSIS/Include -O0 -ffunction-sections -fdata-sections -Wall -fstack-usage -fcyclomatic-complexity -MMD -MP -MF"Core/Src/software_timer.d" -MT"Core/Src/software_timer.o" --specs=nano.specs -mfloat-abi=soft -mthumb -o "Core/Src/software_timer.o"
../Core/Src/main.c: In function 'main':
../Core/Src/main.c:109:25: warning: implicit declaration of function 'displayLED' [-Wimplicit-function-declaration]
  109 |                         displayLED(index);
      |                         ^~~~~~~~~~
../Core/Src/main.c:130:25: warning: implicit declaration of function 'updateClockBuffer' [-Wimplicit-function-declaration]
  130 |                         updateClockBuffer();
      |                         ^~~~~~~~~~~~~~~~~
../Core/Src/main.c: In function 'update7SEG':
../Core/Src/main.c:270:17: warning: implicit declaration of function 'display7SEG' [-Wimplicit-function-declaration]
  270 |                 display7SEG(led_buffer[0]);
      |                 ^~~~~~~~~~~
../Core/Src/main.c: At top level:
../Core/Src/main.c:289:6: warning: conflicting types for 'displayLED'; have 'void(int)'
  289 | void displayLED(int index) {
      |      ^~~~~~~~~~
../Core/Src/main.c:109:25: note: previous implicit declaration of 'displayLED' with type 'void(int)'
  109 |                         displayLED(index);
      |                         ^~~~~~~~~~
../Core/Src/main.c:318:6: warning: conflicting types for 'display7SEG'; have 'void(int)'
  318 | void display7SEG(int number_status) {
      |      ^~~~~~~~~~~
../Core/Src/main.c:270:17: note: previous implicit declaration of 'display7SEG' with type 'void(int)'
  270 |                 display7SEG(led_buffer[0]);
      |                 ^~~~~~~~~~~
../Core/Src/main.c:413:6: warning: conflicting types for 'updateClockBuffer'; have 'void()'
  413 | void updateClockBuffer() {
      |      ^~~~~~~~~~~~~~~~~
../Core/Src/main.c:130:25: note: previous implicit declaration of 'updateClockBuffer' with type 'void()'
  130 |                         updateClockBuffer();
      |                         ^~~~~~~~~~~~~~~~~
../Core/Src/main.c: In function 'updateClockBuffer':
../Core/Src/main.c:414:25: error: 'hour' undeclared (first use in this function)
  414 |         led_buffer[0] = hour/10;
      |                         ^~~~
../Core/Src/main.c:414:25: note: each undeclared identifier is reported only once for each function it appears in
../Core/Src/main.c:416:25: error: 'minute' undeclared (first use in this function)
  416 |         led_buffer[2] = minute/10;
      |                         ^~~~~~
make: *** [Core/Src/subdir.mk:37: Core/Src/main.o] Error 1
"make -j8 all" terminated with exit code 2. Build might be incomplete.
15:43:25 **** Incremental Build of configuration Debug for project Lab2_NTLuan ****
make -j8 all 
arm-none-eabi-gcc "../Core/Src/main.c" -mcpu=cortex-m3 -std=gnu11 -g3 -DDEBUG -DUSE_HAL_DRIVER -DSTM32F103x6 -c -I../Core/Inc -I../Drivers/STM32F1xx_HAL_Driver/Inc/Legacy -I../Drivers/STM32F1xx_HAL_Driver/Inc -I../Drivers/CMSIS/Device/ST/STM32F1xx/Include -I../Drivers/CMSIS/Include -O0 -ffunction-sections -fdata-sections -Wall -fstack-usage -fcyclomatic-complexity -MMD -MP -MF"Core/Src/main.d" -MT"Core/Src/main.o" --specs=nano.specs -mfloat-abi=soft -mthumb -o "Core/Src/main.o"
../Core/Src/main.c: In function 'main':
../Core/Src/main.c:109:25: warning: implicit declaration of function 'displayLED' [-Wimplicit-function-declaration]
  109 |                         displayLED(index);
      |                         ^~~~~~~~~~
../Core/Src/main.c:130:25: warning: implicit declaration of function 'updateClockBuffer' [-Wimplicit-function-declaration]
  130 |                         updateClockBuffer(hour, minute);
      |                         ^~~~~~~~~~~~~~~~~
../Core/Src/main.c: In function 'update7SEG':
../Core/Src/main.c:270:17: warning: implicit declaration of function 'display7SEG' [-Wimplicit-function-declaration]
  270 |                 display7SEG(led_buffer[0]);
      |                 ^~~~~~~~~~~
../Core/Src/main.c: At top level:
../Core/Src/main.c:289:6: warning: conflicting types for 'displayLED'; have 'void(int)'
  289 | void displayLED(int index) {
      |      ^~~~~~~~~~
../Core/Src/main.c:109:25: note: previous implicit declaration of 'displayLED' with type 'void(int)'
  109 |                         displayLED(index);
      |                         ^~~~~~~~~~
../Core/Src/main.c:318:6: warning: conflicting types for 'display7SEG'; have 'void(int)'
  318 | void display7SEG(int number_status) {
      |      ^~~~~~~~~~~
../Core/Src/main.c:270:17: note: previous implicit declaration of 'display7SEG' with type 'void(int)'
  270 |                 display7SEG(led_buffer[0]);
      |                 ^~~~~~~~~~~
../Core/Src/main.c:413:6: warning: conflicting types for 'updateClockBuffer'; have 'void()'
  413 | void updateClockBuffer(hour, minute) {
      |      ^~~~~~~~~~~~~~~~~
../Core/Src/main.c:130:25: note: previous implicit declaration of 'updateClockBuffer' with type 'void()'
  130 |                         updateClockBuffer(hour, minute);
      |                         ^~~~~~~~~~~~~~~~~
../Core/Src/main.c: In function 'updateClockBuffer':
../Core/Src/main.c:413:6: warning: type of 'hour' defaults to 'int' [-Wimplicit-int]
  413 | void updateClockBuffer(hour, minute) {
      |      ^~~~~~~~~~~~~~~~~
../Core/Src/main.c:413:6: warning: type of 'minute' defaults to 'int' [-Wimplicit-int]
arm-none-eabi-gcc -o "Lab2_NTLuan.elf" @"objects.list"   -mcpu=cortex-m3 -T"C:\Users\NguyenTienLuan\Desktop\fukmylife\micro\lab\lab2\Lab2_NTLuan\STM32F103C6UX_FLASH.ld" --specs=nosys.specs -Wl,-Map="Lab2_NTLuan.map" -Wl,--gc-sections -static --specs=nano.specs -mfloat-abi=soft -mthumb -Wl,--start-group -lc -lm -Wl,--end-group
Finished building target: Lab2_NTLuan.elf
 
arm-none-eabi-size  Lab2_NTLuan.elf 
arm-none-eabi-objdump -h -S Lab2_NTLuan.elf  > "Lab2_NTLuan.list"
arm-none-eabi-objcopy  -O ihex Lab2_NTLuan.elf  "Lab2_NTLuan.hex"
arm-none-eabi-objcopy  -O binary Lab2_NTLuan.elf  "Lab2_NTLuan.bin"
   text	   data	    bss	    dec	    hex	filename
   7708	     20	   1684	   9412	   24c4	Lab2_NTLuan.elf
Finished building: default.size.stdout
 
Finished building: Lab2_NTLuan.hex
Finished building: Lab2_NTLuan.bin
Finished building: Lab2_NTLuan.list
 
 
 
15:45:13 **** Incremental Build of configuration Debug for project Lab2_NTLuan ****
make -j8 all 
arm-none-eabi-gcc "../Core/Src/main.c" -mcpu=cortex-m3 -std=gnu11 -g3 -DDEBUG -DUSE_HAL_DRIVER -DSTM32F103x6 -c -I../Core/Inc -I../Drivers/STM32F1xx_HAL_Driver/Inc/Legacy -I../Drivers/STM32F1xx_HAL_Driver/Inc -I../Drivers/CMSIS/Device/ST/STM32F1xx/Include -I../Drivers/CMSIS/Include -O0 -ffunction-sections -fdata-sections -Wall -fstack-usage -fcyclomatic-complexity -MMD -MP -MF"Core/Src/main.d" -MT"Core/Src/main.o" --specs=nano.specs -mfloat-abi=soft -mthumb -o "Core/Src/main.o"
../Core/Src/main.c: In function 'main':
../Core/Src/main.c:110:25: warning: implicit declaration of function 'displayLED' [-Wimplicit-function-declaration]
  110 |                         displayLED(index);
      |                         ^~~~~~~~~~
../Core/Src/main.c:131:25: warning: implicit declaration of function 'updateClockBuffer' [-Wimplicit-function-declaration]
  131 |                         updateClockBuffer(hour, minute);
      |                         ^~~~~~~~~~~~~~~~~
../Core/Src/main.c: In function 'update7SEG':
../Core/Src/main.c:270:17: warning: implicit declaration of function 'display7SEG' [-Wimplicit-function-declaration]
  270 |                 display7SEG(led_buffer[0]);
      |                 ^~~~~~~~~~~
../Core/Src/main.c: At top level:
../Core/Src/main.c:289:6: warning: conflicting types for 'displayLED'; have 'void(int)'
  289 | void displayLED(int index) {
      |      ^~~~~~~~~~
../Core/Src/main.c:110:25: note: previous implicit declaration of 'displayLED' with type 'void(int)'
  110 |                         displayLED(index);
      |                         ^~~~~~~~~~
../Core/Src/main.c:318:6: warning: conflicting types for 'display7SEG'; have 'void(int)'
  318 | void display7SEG(int number_status) {
      |      ^~~~~~~~~~~
../Core/Src/main.c:270:17: note: previous implicit declaration of 'display7SEG' with type 'void(int)'
  270 |                 display7SEG(led_buffer[0]);
      |                 ^~~~~~~~~~~
../Core/Src/main.c:413:6: warning: conflicting types for 'updateClockBuffer'; have 'void()'
  413 | void updateClockBuffer(hour, minute) {
      |      ^~~~~~~~~~~~~~~~~
../Core/Src/main.c:131:25: note: previous implicit declaration of 'updateClockBuffer' with type 'void()'
  131 |                         updateClockBuffer(hour, minute);
      |                         ^~~~~~~~~~~~~~~~~
../Core/Src/main.c: In function 'updateClockBuffer':
../Core/Src/main.c:413:6: warning: type of 'hour' defaults to 'int' [-Wimplicit-int]
  413 | void updateClockBuffer(hour, minute) {
      |      ^~~~~~~~~~~~~~~~~
../Core/Src/main.c:413:6: warning: type of 'minute' defaults to 'int' [-Wimplicit-int]
arm-none-eabi-gcc -o "Lab2_NTLuan.elf" @"objects.list"   -mcpu=cortex-m3 -T"C:\Users\NguyenTienLuan\Desktop\fukmylife\micro\lab\lab2\Lab2_NTLuan\STM32F103C6UX_FLASH.ld" --specs=nosys.specs -Wl,-Map="Lab2_NTLuan.map" -Wl,--gc-sections -static --specs=nano.specs -mfloat-abi=soft -mthumb -Wl,--start-group -lc -lm -Wl,--end-group
Finished building target: Lab2_NTLuan.elf
 
arm-none-eabi-size  Lab2_NTLuan.elf 
arm-none-eabi-objdump -h -S Lab2_NTLuan.elf  > "Lab2_NTLuan.list"
arm-none-eabi-objcopy  -O ihex Lab2_NTLuan.elf  "Lab2_NTLuan.hex"
   text	   data	    bss	    dec	    hex	filename
   7712	     20	   1684	   9416	   24c8	Lab2_NTLuan.elf
arm-none-eabi-objcopy  -O binary Lab2_NTLuan.elf  "Lab2_NTLuan.bin"
Finished building: default.size.stdout
 
Finished building: Lab2_NTLuan.hex
Finished building: Lab2_NTLuan.list
Finished building: Lab2_NTLuan.bin
 
 
 
22:21:36 **** Incremental Build of configuration Debug for project Lab2_NTLuan ****
make -j8 all 
arm-none-eabi-gcc "../Core/Src/main.c" -mcpu=cortex-m3 -std=gnu11 -g3 -DDEBUG -DUSE_HAL_DRIVER -DSTM32F103x6 -c -I../Core/Inc -I../Drivers/STM32F1xx_HAL_Driver/Inc/Legacy -I../Drivers/STM32F1xx_HAL_Driver/Inc -I../Drivers/CMSIS/Device/ST/STM32F1xx/Include -I../Drivers/CMSIS/Include -O0 -ffunction-sections -fdata-sections -Wall -fstack-usage -fcyclomatic-complexity -MMD -MP -MF"Core/Src/main.d" -MT"Core/Src/main.o" --specs=nano.specs -mfloat-abi=soft -mthumb -o "Core/Src/main.o"
../Core/Src/main.c: In function 'main':
../Core/Src/main.c:109:25: warning: implicit declaration of function 'displayLED' [-Wimplicit-function-declaration]
  109 |                         displayLED(index);
      |                         ^~~~~~~~~~
../Core/Src/main.c:118:25: error: 'second' undeclared (first use in this function)
  118 |                         second++;
      |                         ^~~~~~
../Core/Src/main.c:118:25: note: each undeclared identifier is reported only once for each function it appears in
../Core/Src/main.c:121:33: error: 'minute' undeclared (first use in this function)
  121 |                                 minute++;
      |                                 ^~~~~~
../Core/Src/main.c:125:33: error: 'hour' undeclared (first use in this function)
  125 |                                 hour++;
      |                                 ^~~~
../Core/Src/main.c:130:25: warning: implicit declaration of function 'updateClockBuffer' [-Wimplicit-function-declaration]
  130 |                         updateClockBuffer();
      |                         ^~~~~~~~~~~~~~~~~
../Core/Src/main.c: In function 'update7SEG':
../Core/Src/main.c:269:17: warning: implicit declaration of function 'display7SEG' [-Wimplicit-function-declaration]
  269 |                 display7SEG(led_buffer[0]);
      |                 ^~~~~~~~~~~
../Core/Src/main.c: At top level:
../Core/Src/main.c:288:6: warning: conflicting types for 'displayLED'; have 'void(int)'
  288 | void displayLED(int index) {
      |      ^~~~~~~~~~
../Core/Src/main.c:109:25: note: previous implicit declaration of 'displayLED' with type 'void(int)'
  109 |                         displayLED(index);
      |                         ^~~~~~~~~~
../Core/Src/main.c:317:6: warning: conflicting types for 'display7SEG'; have 'void(int)'
  317 | void display7SEG(int number_status) {
      |      ^~~~~~~~~~~
../Core/Src/main.c:269:17: note: previous implicit declaration of 'display7SEG' with type 'void(int)'
  269 |                 display7SEG(led_buffer[0]);
      |                 ^~~~~~~~~~~
../Core/Src/main.c:412:6: warning: conflicting types for 'updateClockBuffer'; have 'void()'
  412 | void updateClockBuffer() {
      |      ^~~~~~~~~~~~~~~~~
../Core/Src/main.c:130:25: note: previous implicit declaration of 'updateClockBuffer' with type 'void()'
  130 |                         updateClockBuffer();
      |                         ^~~~~~~~~~~~~~~~~
make: *** [Core/Src/subdir.mk:37: Core/Src/main.o] Error 1
"make -j8 all" terminated with exit code 2. Build might be incomplete.
22:23:43 **** Incremental Build of configuration Debug for project Lab2_NTLuan ****
make -j8 all 
arm-none-eabi-gcc "../Core/Src/main.c" -mcpu=cortex-m3 -std=gnu11 -g3 -DDEBUG -DUSE_HAL_DRIVER -DSTM32F103x6 -c -I../Core/Inc -I../Drivers/STM32F1xx_HAL_Driver/Inc/Legacy -I../Drivers/STM32F1xx_HAL_Driver/Inc -I../Drivers/CMSIS/Device/ST/STM32F1xx/Include -I../Drivers/CMSIS/Include -O0 -ffunction-sections -fdata-sections -Wall -fstack-usage -fcyclomatic-complexity -MMD -MP -MF"Core/Src/main.d" -MT"Core/Src/main.o" --specs=nano.specs -mfloat-abi=soft -mthumb -o "Core/Src/main.o"
../Core/Src/main.c: In function 'main':
../Core/Src/main.c:109:25: warning: implicit declaration of function 'displayLED' [-Wimplicit-function-declaration]
  109 |                         displayLED(index);
      |                         ^~~~~~~~~~
../Core/Src/main.c:130:25: warning: implicit declaration of function 'updateClockBuffer' [-Wimplicit-function-declaration]
  130 |                         updateClockBuffer();
      |                         ^~~~~~~~~~~~~~~~~
../Core/Src/main.c: In function 'update7SEG':
../Core/Src/main.c:269:17: warning: implicit declaration of function 'display7SEG' [-Wimplicit-function-declaration]
  269 |                 display7SEG(led_buffer[0]);
      |                 ^~~~~~~~~~~
../Core/Src/main.c: At top level:
../Core/Src/main.c:288:6: warning: conflicting types for 'displayLED'; have 'void(int)'
  288 | void displayLED(int index) {
      |      ^~~~~~~~~~
../Core/Src/main.c:109:25: note: previous implicit declaration of 'displayLED' with type 'void(int)'
  109 |                         displayLED(index);
      |                         ^~~~~~~~~~
../Core/Src/main.c:317:6: warning: conflicting types for 'display7SEG'; have 'void(int)'
  317 | void display7SEG(int number_status) {
      |      ^~~~~~~~~~~
../Core/Src/main.c:269:17: note: previous implicit declaration of 'display7SEG' with type 'void(int)'
  269 |                 display7SEG(led_buffer[0]);
      |                 ^~~~~~~~~~~
../Core/Src/main.c:412:6: warning: conflicting types for 'updateClockBuffer'; have 'void()'
  412 | void updateClockBuffer() {
      |      ^~~~~~~~~~~~~~~~~
../Core/Src/main.c:130:25: note: previous implicit declaration of 'updateClockBuffer' with type 'void()'
  130 |                         updateClockBuffer();
      |                         ^~~~~~~~~~~~~~~~~
arm-none-eabi-gcc -o "Lab2_NTLuan.elf" @"objects.list"   -mcpu=cortex-m3 -T"C:\Users\NguyenTienLuan\Desktop\fukmylife\micro\lab\lab2\Lab2_NTLuan\STM32F103C6UX_FLASH.ld" --specs=nosys.specs -Wl,-Map="Lab2_NTLuan.map" -Wl,--gc-sections -static --specs=nano.specs -mfloat-abi=soft -mthumb -Wl,--start-group -lc -lm -Wl,--end-group
Finished building target: Lab2_NTLuan.elf
 
arm-none-eabi-size  Lab2_NTLuan.elf 
arm-none-eabi-objdump -h -S Lab2_NTLuan.elf  > "Lab2_NTLuan.list"
arm-none-eabi-objcopy  -O ihex Lab2_NTLuan.elf  "Lab2_NTLuan.hex"
arm-none-eabi-objcopy  -O binary Lab2_NTLuan.elf  "Lab2_NTLuan.bin"
   text	   data	    bss	    dec	    hex	filename
   7740	     32	   1680	   9452	   24ec	Lab2_NTLuan.elf
Finished building: default.size.stdout
Finished building: Lab2_NTLuan.list
Finished building: Lab2_NTLuan.hex
Finished building: Lab2_NTLuan.bin
 
 
 
 
22:26:17 **** Incremental Build of configuration Debug for project Lab2_NTLuan ****
make -j8 all 
arm-none-eabi-gcc "../Core/Src/main.c" -mcpu=cortex-m3 -std=gnu11 -g3 -DDEBUG -DUSE_HAL_DRIVER -DSTM32F103x6 -c -I../Core/Inc -I../Drivers/STM32F1xx_HAL_Driver/Inc/Legacy -I../Drivers/STM32F1xx_HAL_Driver/Inc -I../Drivers/CMSIS/Device/ST/STM32F1xx/Include -I../Drivers/CMSIS/Include -O0 -ffunction-sections -fdata-sections -Wall -fstack-usage -fcyclomatic-complexity -MMD -MP -MF"Core/Src/main.d" -MT"Core/Src/main.o" --specs=nano.specs -mfloat-abi=soft -mthumb -o "Core/Src/main.o"
../Core/Src/main.c: In function 'main':
../Core/Src/main.c:110:25: warning: implicit declaration of function 'displayLED' [-Wimplicit-function-declaration]
  110 |                         displayLED(index);
      |                         ^~~~~~~~~~
../Core/Src/main.c:131:25: warning: implicit declaration of function 'updateClockBuffer' [-Wimplicit-function-declaration]
  131 |                         updateClockBuffer();
      |                         ^~~~~~~~~~~~~~~~~
../Core/Src/main.c: In function 'update7SEG':
../Core/Src/main.c:269:17: warning: implicit declaration of function 'display7SEG' [-Wimplicit-function-declaration]
  269 |                 display7SEG(led_buffer[0]);
      |                 ^~~~~~~~~~~
../Core/Src/main.c: At top level:
../Core/Src/main.c:288:6: warning: conflicting types for 'displayLED'; have 'void(int)'
  288 | void displayLED(int index) {
      |      ^~~~~~~~~~
../Core/Src/main.c:110:25: note: previous implicit declaration of 'displayLED' with type 'void(int)'
  110 |                         displayLED(index);
      |                         ^~~~~~~~~~
../Core/Src/main.c:317:6: warning: conflicting types for 'display7SEG'; have 'void(int)'
  317 | void display7SEG(int number_status) {
      |      ^~~~~~~~~~~
../Core/Src/main.c:269:17: note: previous implicit declaration of 'display7SEG' with type 'void(int)'
  269 |                 display7SEG(led_buffer[0]);
      |                 ^~~~~~~~~~~
../Core/Src/main.c:412:6: warning: conflicting types for 'updateClockBuffer'; have 'void()'
  412 | void updateClockBuffer() {
      |      ^~~~~~~~~~~~~~~~~
../Core/Src/main.c:131:25: note: previous implicit declaration of 'updateClockBuffer' with type 'void()'
  131 |                         updateClockBuffer();
      |                         ^~~~~~~~~~~~~~~~~
arm-none-eabi-gcc -o "Lab2_NTLuan.elf" @"objects.list"   -mcpu=cortex-m3 -T"C:\Users\NguyenTienLuan\Desktop\fukmylife\micro\lab\lab2\Lab2_NTLuan\STM32F103C6UX_FLASH.ld" --specs=nosys.specs -Wl,-Map="Lab2_NTLuan.map" -Wl,--gc-sections -static --specs=nano.specs -mfloat-abi=soft -mthumb -Wl,--start-group -lc -lm -Wl,--end-group
Finished building target: Lab2_NTLuan.elf
 
arm-none-eabi-size  Lab2_NTLuan.elf 
arm-none-eabi-objdump -h -S Lab2_NTLuan.elf  > "Lab2_NTLuan.list"
arm-none-eabi-objcopy  -O ihex Lab2_NTLuan.elf  "Lab2_NTLuan.hex"
   text	   data	    bss	    dec	    hex	filename
   7740	     32	   1680	   9452	   24ec	Lab2_NTLuan.elf
arm-none-eabi-objcopy  -O binary Lab2_NTLuan.elf  "Lab2_NTLuan.bin"
Finished building: default.size.stdout
 
Finished building: Lab2_NTLuan.list
Finished building: Lab2_NTLuan.hex
Finished building: Lab2_NTLuan.bin
 
 
 
22:26:23 **** Incremental Build of configuration Debug for project Lab2_NTLuan ****
make -j8 all 
arm-none-eabi-gcc "../Core/Src/main.c" -mcpu=cortex-m3 -std=gnu11 -g3 -DDEBUG -DUSE_HAL_DRIVER -DSTM32F103x6 -c -I../Core/Inc -I../Drivers/STM32F1xx_HAL_Driver/Inc/Legacy -I../Drivers/STM32F1xx_HAL_Driver/Inc -I../Drivers/CMSIS/Device/ST/STM32F1xx/Include -I../Drivers/CMSIS/Include -O0 -ffunction-sections -fdata-sections -Wall -fstack-usage -fcyclomatic-complexity -MMD -MP -MF"Core/Src/main.d" -MT"Core/Src/main.o" --specs=nano.specs -mfloat-abi=soft -mthumb -o "Core/Src/main.o"
../Core/Src/main.c: In function 'main':
../Core/Src/main.c:110:25: warning: implicit declaration of function 'displayLED' [-Wimplicit-function-declaration]
  110 |                         displayLED(index);
      |                         ^~~~~~~~~~
../Core/Src/main.c:131:25: warning: implicit declaration of function 'updateClockBuffer' [-Wimplicit-function-declaration]
  131 |                         updateClockBuffer();
      |                         ^~~~~~~~~~~~~~~~~
../Core/Src/main.c: In function 'update7SEG':
../Core/Src/main.c:269:17: warning: implicit declaration of function 'display7SEG' [-Wimplicit-function-declaration]
  269 |                 display7SEG(led_buffer[0]);
      |                 ^~~~~~~~~~~
../Core/Src/main.c: At top level:
../Core/Src/main.c:288:6: warning: conflicting types for 'displayLED'; have 'void(int)'
  288 | void displayLED(int index) {
      |      ^~~~~~~~~~
../Core/Src/main.c:110:25: note: previous implicit declaration of 'displayLED' with type 'void(int)'
  110 |                         displayLED(index);
      |                         ^~~~~~~~~~
../Core/Src/main.c:317:6: warning: conflicting types for 'display7SEG'; have 'void(int)'
  317 | void display7SEG(int number_status) {
      |      ^~~~~~~~~~~
../Core/Src/main.c:269:17: note: previous implicit declaration of 'display7SEG' with type 'void(int)'
  269 |                 display7SEG(led_buffer[0]);
      |                 ^~~~~~~~~~~
../Core/Src/main.c:412:6: warning: conflicting types for 'updateClockBuffer'; have 'void()'
  412 | void updateClockBuffer() {
      |      ^~~~~~~~~~~~~~~~~
../Core/Src/main.c:131:25: note: previous implicit declaration of 'updateClockBuffer' with type 'void()'
  131 |                         updateClockBuffer();
      |                         ^~~~~~~~~~~~~~~~~
arm-none-eabi-gcc -o "Lab2_NTLuan.elf" @"objects.list"   -mcpu=cortex-m3 -T"C:\Users\NguyenTienLuan\Desktop\fukmylife\micro\lab\lab2\Lab2_NTLuan\STM32F103C6UX_FLASH.ld" --specs=nosys.specs -Wl,-Map="Lab2_NTLuan.map" -Wl,--gc-sections -static --specs=nano.specs -mfloat-abi=soft -mthumb -Wl,--start-group -lc -lm -Wl,--end-group
Finished building target: Lab2_NTLuan.elf
 
arm-none-eabi-size  Lab2_NTLuan.elf 
arm-none-eabi-objdump -h -S Lab2_NTLuan.elf  > "Lab2_NTLuan.list"
arm-none-eabi-objcopy  -O ihex Lab2_NTLuan.elf  "Lab2_NTLuan.hex"
   text	   data	    bss	    dec	    hex	filename
   7740	     32	   1680	   9452	   24ec	Lab2_NTLuan.elf
arm-none-eabi-objcopy  -O binary Lab2_NTLuan.elf  "Lab2_NTLuan.bin"
Finished building: default.size.stdout
Finished building: Lab2_NTLuan.list
Finished building: Lab2_NTLuan.hex
 
 
Finished building: Lab2_NTLuan.bin
 
 
22:32:40 **** Incremental Build of configuration Debug for project Lab2_NTLuan ****
make -j8 all 
arm-none-eabi-gcc "../Core/Src/main.c" -mcpu=cortex-m3 -std=gnu11 -g3 -DDEBUG -DUSE_HAL_DRIVER -DSTM32F103x6 -c -I../Core/Inc -I../Drivers/STM32F1xx_HAL_Driver/Inc/Legacy -I../Drivers/STM32F1xx_HAL_Driver/Inc -I../Drivers/CMSIS/Device/ST/STM32F1xx/Include -I../Drivers/CMSIS/Include -O0 -ffunction-sections -fdata-sections -Wall -fstack-usage -fcyclomatic-complexity -MMD -MP -MF"Core/Src/main.d" -MT"Core/Src/main.o" --specs=nano.specs -mfloat-abi=soft -mthumb -o "Core/Src/main.o"
../Core/Src/main.c: In function 'main':
../Core/Src/main.c:110:25: warning: implicit declaration of function 'displayLED' [-Wimplicit-function-declaration]
  110 |                         displayLED(index);
      |                         ^~~~~~~~~~
../Core/Src/main.c:111:25: warning: implicit declaration of function 'display7SEG' [-Wimplicit-function-declaration]
  111 |                         display7SEG(led_buffer[index]);
      |                         ^~~~~~~~~~~
../Core/Src/main.c:132:25: warning: implicit declaration of function 'updateClockBuffer' [-Wimplicit-function-declaration]
  132 |                         updateClockBuffer();
      |                         ^~~~~~~~~~~~~~~~~
../Core/Src/main.c: At top level:
../Core/Src/main.c:289:6: warning: conflicting types for 'displayLED'; have 'void(int)'
  289 | void displayLED(int index) {
      |      ^~~~~~~~~~
../Core/Src/main.c:110:25: note: previous implicit declaration of 'displayLED' with type 'void(int)'
  110 |                         displayLED(index);
      |                         ^~~~~~~~~~
../Core/Src/main.c:318:6: warning: conflicting types for 'display7SEG'; have 'void(int)'
  318 | void display7SEG(int number_status) {
      |      ^~~~~~~~~~~
../Core/Src/main.c:111:25: note: previous implicit declaration of 'display7SEG' with type 'void(int)'
  111 |                         display7SEG(led_buffer[index]);
      |                         ^~~~~~~~~~~
../Core/Src/main.c:413:6: warning: conflicting types for 'updateClockBuffer'; have 'void()'
  413 | void updateClockBuffer() {
      |      ^~~~~~~~~~~~~~~~~
../Core/Src/main.c:132:25: note: previous implicit declaration of 'updateClockBuffer' with type 'void()'
  132 |                         updateClockBuffer();
      |                         ^~~~~~~~~~~~~~~~~
arm-none-eabi-gcc -o "Lab2_NTLuan.elf" @"objects.list"   -mcpu=cortex-m3 -T"C:\Users\NguyenTienLuan\Desktop\fukmylife\micro\lab\lab2\Lab2_NTLuan\STM32F103C6UX_FLASH.ld" --specs=nosys.specs -Wl,-Map="Lab2_NTLuan.map" -Wl,--gc-sections -static --specs=nano.specs -mfloat-abi=soft -mthumb -Wl,--start-group -lc -lm -Wl,--end-group
Finished building target: Lab2_NTLuan.elf
 
arm-none-eabi-size  Lab2_NTLuan.elf 
arm-none-eabi-objdump -h -S Lab2_NTLuan.elf  > "Lab2_NTLuan.list"
arm-none-eabi-objcopy  -O ihex Lab2_NTLuan.elf  "Lab2_NTLuan.hex"
   text	   data	    bss	    dec	    hex	filename
   8556	     32	   1680	  10268	   281c	Lab2_NTLuan.elf
arm-none-eabi-objcopy  -O binary Lab2_NTLuan.elf  "Lab2_NTLuan.bin"
Finished building: default.size.stdout
Finished building: Lab2_NTLuan.list
Finished building: Lab2_NTLuan.hex
 
Finished building: Lab2_NTLuan.bin
 
 
 
22:32:44 **** Incremental Build of configuration Debug for project Lab2_NTLuan ****
make -j8 all 
arm-none-eabi-size  Lab2_NTLuan.elf 
   text	   data	    bss	    dec	    hex	filename
   8556	     32	   1680	  10268	   281c	Lab2_NTLuan.elf
Finished building: default.size.stdout
 
22:32:47 **** Incremental Build of configuration Debug for project Lab2_NTLuan ****
make -j8 all 
arm-none-eabi-size  Lab2_NTLuan.elf 
   text	   data	    bss	    dec	    hex	filename
   8556	     32	   1680	  10268	   281c	Lab2_NTLuan.elf
Finished building: default.size.stdout
 
22:34:20 **** Incremental Build of configuration Debug for project Lab2_NTLuan ****
make -j8 all 
arm-none-eabi-gcc "../Core/Src/main.c" -mcpu=cortex-m3 -std=gnu11 -g3 -DDEBUG -DUSE_HAL_DRIVER -DSTM32F103x6 -c -I../Core/Inc -I../Drivers/STM32F1xx_HAL_Driver/Inc/Legacy -I../Drivers/STM32F1xx_HAL_Driver/Inc -I../Drivers/CMSIS/Device/ST/STM32F1xx/Include -I../Drivers/CMSIS/Include -O0 -ffunction-sections -fdata-sections -Wall -fstack-usage -fcyclomatic-complexity -MMD -MP -MF"Core/Src/main.d" -MT"Core/Src/main.o" --specs=nano.specs -mfloat-abi=soft -mthumb -o "Core/Src/main.o"
../Core/Src/main.c: In function 'main':
../Core/Src/main.c:110:25: warning: implicit declaration of function 'displayLED' [-Wimplicit-function-declaration]
  110 |                         displayLED(index);
      |                         ^~~~~~~~~~
../Core/Src/main.c:111:25: warning: implicit declaration of function 'display7SEG' [-Wimplicit-function-declaration]
  111 |                         display7SEG(led_buffer[index]);
      |                         ^~~~~~~~~~~
../Core/Src/main.c:132:25: warning: implicit declaration of function 'updateClockBuffer' [-Wimplicit-function-declaration]
  132 |                         updateClockBuffer();
      |                         ^~~~~~~~~~~~~~~~~
../Core/Src/main.c: At top level:
../Core/Src/main.c:289:6: warning: conflicting types for 'displayLED'; have 'void(int)'
  289 | void displayLED(int index) {
      |      ^~~~~~~~~~
[...]
 
Finished building: Lab2_NTLuan.hex
Finished building: Lab2_NTLuan.bin
 
 
08:56:40 **** Incremental Build of configuration Debug for project Lab2_NTLuan ****
make -j8 all 
arm-none-eabi-gcc "../Core/Src/main.c" -mcpu=cortex-m3 -std=gnu11 -g3 -DDEBUG -DUSE_HAL_DRIVER -DSTM32F103x6 -c -I../Core/Inc -I../Drivers/STM32F1xx_HAL_Driver/Inc/Legacy -I../Drivers/STM32F1xx_HAL_Driver/Inc -I../Drivers/CMSIS/Device/ST/STM32F1xx/Include -I../Drivers/CMSIS/Include -O0 -ffunction-sections -fdata-sections -Wall -fstack-usage -fcyclomatic-complexity -MMD -MP -MF"Core/Src/main.d" -MT"Core/Src/main.o" --specs=nano.specs -mfloat-abi=soft -mthumb -o "Core/Src/main.o"
../Core/Src/main.c: In function 'main':
../Core/Src/main.c:109:25: warning: implicit declaration of function 'updateClockBuffer' [-Wimplicit-function-declaration]
  109 |                         updateClockBuffer();
      |                         ^~~~~~~~~~~~~~~~~
../Core/Src/main.c:110:25: warning: implicit declaration of function 'update7SEG' [-Wimplicit-function-declaration]
  110 |                         update7SEG(index);
      |                         ^~~~~~~~~~
../Core/Src/main.c: At top level:
../Core/Src/main.c:266:6: warning: conflicting types for 'update7SEG'; have 'void(int)'
  266 | void update7SEG(int index) {
      |      ^~~~~~~~~~
../Core/Src/main.c:110:25: note: previous implicit declaration of 'update7SEG' with type 'void(int)'
  110 |                         update7SEG(index);
      |                         ^~~~~~~~~~
../Core/Src/main.c: In function 'update7SEG':
../Core/Src/main.c:269:17: warning: implicit declaration of function 'displayLED' [-Wimplicit-function-declaration]
  269 |                 displayLED(index);
      |                 ^~~~~~~~~~
../Core/Src/main.c:270:17: warning: implicit declaration of function 'display7SEG' [-Wimplicit-function-declaration]
  270 |                 display7SEG(led_buffer[0]);
      |                 ^~~~~~~~~~~
../Core/Src/main.c: At top level:
../Core/Src/main.c:289:6: warning: conflicting types for 'displayLED'; have 'void(int)'
  289 | void displayLED(int index) {
      |      ^~~~~~~~~~
../Core/Src/main.c:269:17: note: previous implicit declaration of 'displayLED' with type 'void(int)'
  269 |                 displayLED(index);
      |                 ^~~~~~~~~~
../Core/Src/main.c:318:6: warning: conflicting types for 'display7SEG'; have 'void(int)'
  318 | void display7SEG(int number_status) {
      |      ^~~~~~~~~~~
../Core/Src/main.c:270:17: note: previous implicit declaration of 'display7SEG' with type 'void(int)'
  270 |                 display7SEG(led_buffer[0]);
      |                 ^~~~~~~~~~~
../Core/Src/main.c:413:6: warning: conflicting types for 'updateClockBuffer'; have 'void()'
  413 | void updateClockBuffer() {
      |      ^~~~~~~~~~~~~~~~~
../Core/Src/main.c:109:25: note: previous implicit declaration of 'updateClockBuffer' with type 'void()'
  109 |                         updateClockBuffer();
      |                         ^~~~~~~~~~~~~~~~~
arm-none-eabi-gcc -o "Lab2_NTLuan.elf" @"objects.list"   -mcpu=cortex-m3 -T"C:\Users\NguyenTienLuan\Desktop\fukmylife\micro\lab\lab2\Lab2_NTLuan\STM32F103C6UX_FLASH.ld" --specs=nosys.specs -Wl,-Map="Lab2_NTLuan.map" -Wl,--gc-sections -static --specs=nano.specs -mfloat-abi=soft -mthumb -Wl,--start-group -lc -lm -Wl,--end-group
Finished building target: Lab2_NTLuan.elf
 
arm-none-eabi-size  Lab2_NTLuan.elf 
arm-none-eabi-objdump -h -S Lab2_NTLuan.elf  > "Lab2_NTLuan.list"
arm-none-eabi-objcopy  -O ihex Lab2_NTLuan.elf  "Lab2_NTLuan.hex"
   text	   data	    bss	    dec	    hex	filename
   8664	     32	   1680	  10376	   2888	Lab2_NTLuan.elf
arm-none-eabi-objcopy  -O binary Lab2_NTLuan.elf  "Lab2_NTLuan.bin"
Finished building: default.size.stdout
 
Finished building: Lab2_NTLuan.list
Finished building: Lab2_NTLuan.hex
 
Finished building: Lab2_NTLuan.bin
 
 
11:13:06 **** Incremental Build of configuration Debug for project Lab2_NTLuan ****
make -j8 all 
arm-none-eabi-gcc "../Core/Src/main.c" -mcpu=cortex-m3 -std=gnu11 -g3 -DDEBUG -DUSE_HAL_DRIVER -DSTM32F103x6 -c -I../Core/Inc -I../Drivers/STM32F1xx_HAL_Driver/Inc/Legacy -I../Drivers/STM32F1xx_HAL_Driver/Inc -I../Drivers/CMSIS/Device/ST/STM32F1xx/Include -I../Drivers/CMSIS/Include -O0 -ffunction-sections -fdata-sections -Wall -fstack-usage -fcyclomatic-complexity -MMD -MP -MF"Core/Src/main.d" -MT"Core/Src/main.o" --specs=nano.specs -mfloat-abi=soft -mthumb -o "Core/Src/main.o"
../Core/Src/main.c: In function 'main':
../Core/Src/main.c:109:25: warning: implicit declaration of function 'updateClockBuffer' [-Wimplicit-function-declaration]
  109 |                         updateClockBuffer();
      |                         ^~~~~~~~~~~~~~~~~
../Core/Src/main.c:110:25: warning: implicit declaration of function 'update7SEG' [-Wimplicit-function-declaration]
  110 |                         update7SEG(index);
      |                         ^~~~~~~~~~
../Core/Src/main.c: At top level:
../Core/Src/main.c:266:6: warning: conflicting types for 'update7SEG'; have 'void(int)'
  266 | void update7SEG(int index) {
      |      ^~~~~~~~~~
../Core/Src/main.c:110:25: note: previous implicit declaration of 'update7SEG' with type 'void(int)'
  110 |                         update7SEG(index);
      |                         ^~~~~~~~~~
../Core/Src/main.c: In function 'update7SEG':
../Core/Src/main.c:269:17: warning: implicit declaration of function 'displayLED' [-Wimplicit-function-declaration]
  269 |                 displayLED(index);
      |                 ^~~~~~~~~~
../Core/Src/main.c:270:17: warning: implicit declaration of function 'display7SEG' [-Wimplicit-function-declaration]
  270 |                 display7SEG(led_buffer[0]);
      |                 ^~~~~~~~~~~
../Core/Src/main.c: At top level:
../Core/Src/main.c:289:6: warning: conflicting types for 'displayLED'; have 'void(int)'
  289 | void displayLED(int index) {
      |      ^~~~~~~~~~
../Core/Src/main.c:269:17: note: previous implicit declaration of 'displayLED' with type 'void(int)'
  269 |                 displayLED(index);
      |                 ^~~~~~~~~~
../Core/Src/main.c:318:6: warning: conflicting types for 'display7SEG'; have 'void(int)'
  318 | void display7SEG(int number_status) {
      |      ^~~~~~~~~~~
../Core/Src/main.c:270:17: note: previous implicit declaration of 'display7SEG' with type 'void(int)'
  270 |                 display7SEG(led_buffer[0]);
      |                 ^~~~~~~~~~~
../Core/Src/main.c:413:6: warning: conflicting types for 'updateClockBuffer'; have 'void()'
  413 | void updateClockBuffer(hour, minute) {
      |      ^~~~~~~~~~~~~~~~~
../Core/Src/main.c:109:25: note: previous implicit declaration of 'updateClockBuffer' with type 'void()'
  109 |                         updateClockBuffer();
      |                         ^~~~~~~~~~~~~~~~~
../Core/Src/main.c: In function 'updateClockBuffer':
../Core/Src/main.c:413:6: warning: type of 'hour' defaults to 'int' [-Wimplicit-int]
  413 | void updateClockBuffer(hour, minute) {
      |      ^~~~~~~~~~~~~~~~~
../Core/Src/main.c:413:6: warning: type of 'minute' defaults to 'int' [-Wimplicit-int]
arm-none-eabi-gcc -o "Lab2_NTLuan.elf" @"objects.list"   -mcpu=cortex-m3 -T"C:\Users\NguyenTienLuan\Desktop\fukmylife\micro\lab\lab2\Lab2_NTLuan\STM32F103C6UX_FLASH.ld" --specs=nosys.specs -Wl,-Map="Lab2_NTLuan.map" -Wl,--gc-sections -static --specs=nano.specs -mfloat-abi=soft -mthumb -Wl,--start-group -lc -lm -Wl,--end-group
Finished building target: Lab2_NTLuan.elf
 
arm-none-eabi-size  Lab2_NTLuan.elf 
arm-none-eabi-objdump -h -S Lab2_NTLuan.elf  > "Lab2_NTLuan.list"
arm-none-eabi-objcopy  -O ihex Lab2_NTLuan.elf  "Lab2_NTLuan.hex"
   text	   data	    bss	    dec	    hex	filename
   8668	     32	   1680	  10380	   288c	Lab2_NTLuan.elf
arm-none-eabi-objcopy  -O binary Lab2_NTLuan.elf  "Lab2_NTLuan.bin"
Finished building: default.size.stdout
 
Finished building: Lab2_NTLuan.list
Finished building: Lab2_NTLuan.hex
 
Finished building: Lab2_NTLuan.bin
 
 
11:14:58 **** Incremental Build of configuration Debug for project Lab2_NTLuan ****
make -j8 all 
arm-none-eabi-gcc "../Core/Src/main.c" -mcpu=cortex-m3 -std=gnu11 -g3 -DDEBUG -DUSE_HAL_DRIVER -DSTM32F103x6 -c -I../Core/Inc -I../Drivers/STM32F1xx_HAL_Driver/Inc/Legacy -I../Drivers/STM32F1xx_HAL_Driver/Inc -I../Drivers/CMSIS/Device/ST/STM32F1xx/Include -I../Drivers/CMSIS/Include -O0 -ffunction-sections -fdata-sections -Wall -fstack-usage -fcyclomatic-complexity -MMD -MP -MF"Core/Src/main.d" -MT"Core/Src/main.o" --specs=nano.specs -mfloat-abi=soft -mthumb -o "Core/Src/main.o"
../Core/Src/main.c: In function 'main':
../Core/Src/main.c:109:25: warning: implicit declaration of function 'update7SEG' [-Wimplicit-function-declaration]
  109 |                         update7SEG(index);
      |                         ^~~~~~~~~~
../Core/Src/main.c:131:25: warning: implicit declaration of function 'updateClockBuffer' [-Wimplicit-function-declaration]
  131 |                         updateClockBuffer(hour, minute);
      |                         ^~~~~~~~~~~~~~~~~
../Core/Src/main.c: At top level:
../Core/Src/main.c:265:6: warning: conflicting types for 'update7SEG'; have 'void(int)'
  265 | void update7SEG(int index) {
      |      ^~~~~~~~~~
../Core/Src/main.c:109:25: note: previous implicit declaration of 'update7SEG' with type 'void(int)'
  109 |                         update7SEG(index);
      |                         ^~~~~~~~~~
../Core/Src/main.c: In function 'update7SEG':
../Core/Src/main.c:268:17: warning: implicit declaration of function 'displayLED' [-Wimplicit-function-declaration]
  268 |                 displayLED(index);
      |                 ^~~~~~~~~~
../Core/Src/main.c:269:17: warning: implicit declaration of function 'display7SEG' [-Wimplicit-function-declaration]
  269 |                 display7SEG(led_buffer[0]);
      |                 ^~~~~~~~~~~
../Core/Src/main.c: At top level:
../Core/Src/main.c:288:6: warning: conflicting types for 'displayLED'; have 'void(int)'
  288 | void displayLED(int index) {
      |      ^~~~~~~~~~
../Core/Src/main.c:268:17: note: previous implicit declaration of 'displayLED' with type 'void(int)'
  268 |                 displayLED(index);
      |                 ^~~~~~~~~~
../Core/Src/main.c:317:6: warning: conflicting types for 'display7SEG'; have 'void(int)'
  317 | void display7SEG(int number_status) {
      |      ^~~~~~~~~~~
../Core/Src/main.c:269:17: note: previous implicit declaration of 'display7SEG' with type 'void(int)'
  269 |                 display7SEG(led_buffer[0]);
      |                 ^~~~~~~~~~~
../Core/Src/main.c:412:6: warning: conflicting types for 'updateClockBuffer'; have 'void()'
  412 | void updateClockBuffer(hour, minute) {
      |      ^~~~~~~~~~~~~~~~~
../Core/Src/main.c:131:25: note: previous implicit declaration of 'updateClockBuffer' with type 'void()'
  131 |                         updateClockBuffer(hour, minute);
      |                         ^~~~~~~~~~~~~~~~~
../Core/Src/main.c: In function 'updateClockBuffer':
../Core/Src/main.c:412:6: warning: type of 'hour' defaults to 'int' [-Wimplicit-int]
  412 | void updateClockBuffer(hour, minute) {
      |      ^~~~~~~~~~~~~~~~~
../Core/Src/main.c:412:6: warning: type of 'minute' defaults to 'int' [-Wimplicit-int]
arm-none-eabi-gcc -o "Lab2_NTLuan.elf" @"objects.list"   -mcpu=cortex-m3 -T"C:\Users\NguyenTienLuan\Desktop\fukmylife\micro\lab\lab2\Lab2_NTLuan\STM32F103C6UX_FLASH.ld" --specs=nosys.specs -Wl,-Map="Lab2_NTLuan.map" -Wl,--gc-sections -static --specs=nano.specs -mfloat-abi=soft -mthumb -Wl,--start-group -lc -lm -Wl,--end-group
Finished building target: Lab2_NTLuan.elf
 
arm-none-eabi-size  Lab2_NTLuan.elf 
arm-none-eabi-objdump -h -S Lab2_NTLuan.elf  > "Lab2_NTLuan.list"
arm-none-eabi-objcopy  -O ihex Lab2_NTLuan.elf  "Lab2_NTLuan.hex"
arm-none-eabi-objcopy  -O binary Lab2_NTLuan.elf  "Lab2_NTLuan.bin"
   text	   data	    bss	    dec	    hex	filename
   8664	     32	   1680	  10376	   2888	Lab2_NTLuan.elf
Finished building: default.size.stdout
 
Finished building: Lab2_NTLuan.list
Finished building: Lab2_NTLuan.hex
Finished building: Lab2_NTLuan.bin
 
 
 
11:17:25 **** Incremental Build of configuration Debug for project Lab2_NTLuan ****
make -j8 all 
arm-none-eabi-gcc "../Core/Src/main.c" -mcpu=cortex-m3 -std=gnu11 -g3 -DDEBUG -DUSE_HAL_DRIVER -DSTM32F103x6 -c -I../Core/Inc -I../Drivers/STM32F1xx_HAL_Driver/Inc/Legacy -I../Drivers/STM32F1xx_HAL_Driver/Inc -I../Drivers/CMSIS/Device/ST/STM32F1xx/Include -I../Drivers/CMSIS/Include -O0 -ffunction-sections -fdata-sections -Wall -fstack-usage -fcyclomatic-complexity -MMD -MP -MF"Core/Src/main.d" -MT"Core/Src/main.o" --specs=nano.specs -mfloat-abi=soft -mthumb -o "Core/Src/main.o"
../Core/Src/main.c: In function 'main':
../Core/Src/main.c:109:25: warning: implicit declaration of function 'update7SEG' [-Wimplicit-function-declaration]
  109 |                         update7SEG(index);
      |                         ^~~~~~~~~~
../Core/Src/main.c:131:25: warning: implicit declaration of function 'updateClockBuffer' [-Wimplicit-function-declaration]
  131 |                         updateClockBuffer(hour, minute);
      |                         ^~~~~~~~~~~~~~~~~
../Core/Src/main.c: At top level:
../Core/Src/main.c:265:6: warning: conflicting types for 'update7SEG'; have 'void(int)'
  265 | void update7SEG(int index) {
      |      ^~~~~~~~~~
../Core/Src/main.c:109:25: note: previous implicit declaration of 'update7SEG' with type 'void(int)'
  109 |                         update7SEG(index);
      |                         ^~~~~~~~~~
../Core/Src/main.c: In function 'update7SEG':
../Core/Src/main.c:268:17: warning: implicit declaration of function 'displayLED' [-Wimplicit-function-declaration]
  268 |                 displayLED(index);
      |                 ^~~~~~~~~~
../Core/Src/main.c:269:17: warning: implicit declaration of function 'display7SEG' [-Wimplicit-function-declaration]
  269 |                 display7SEG(led_buffer[0]);
      |                 ^~~~~~~~~~~
../Core/Src/main.c: At top level:
../Core/Src/main.c:288:6: warning: conflicting types for 'displayLED'; have 'void(int)'
  288 | void displayLED(int index) {
      |      ^~~~~~~~~~
../Core/Src/main.c:268:17: note: previous implicit declaration of 'displayLED' with type 'void(int)'
  268 |                 displayLED(index);
      |                 ^~~~~~~~~~
../Core/Src/main.c:317:6: warning: conflicting types for 'display7SEG'; have 'void(int)'
  317 | void display7SEG(int number_status) {
      |      ^~~~~~~~~~~
../Core/Src/main.c:269:17: note: previous implicit declaration of 'display7SEG' with type 'void(int)'
  269 |                 display7SEG(led_buffer[0]);
      |                 ^~~~~~~~~~~
../Core/Src/main.c:412:6: warning: conflicting types for 'updateClockBuffer'; have 'void(int,  int)'
  412 | void updateClockBuffer(int hour,int minute) {
      |      ^~~~~~~~~~~~~~~~~
../Core/Src/main.c:131:25: note: previous implicit declaration of 'updateClockBuffer' with type 'void(int,  int)'
  131 |                         updateClockBuffer(hour, minute);
      |                         ^~~~~~~~~~~~~~~~~
arm-none-eabi-gcc -o "Lab2_NTLuan.elf" @"objects.list"   -mcpu=cortex-m3 -T"C:\Users\NguyenTienLuan\Desktop\fukmylife\micro\lab\lab2\Lab2_NTLuan\STM32F103C6UX_FLASH.ld" --specs=nosys.specs -Wl,-Map="Lab2_NTLuan.map" -Wl,--gc-sections -static --specs=nano.specs -mfloat-abi=soft -mthumb -Wl,--start-group -lc -lm -Wl,--end-group
Finished building target: Lab2_NTLuan.elf
 
arm-none-eabi-size  Lab2_NTLuan.elf 
arm-none-eabi-objdump -h -S Lab2_NTLuan.elf  > "Lab2_NTLuan.list"
   text	   data	    bss	    dec	    hex	filename
   8664	     32	   1680	  10376	   2888	Lab2_NTLuan.elf
arm-none-eabi-objcopy  -O ihex Lab2_NTLuan.elf  "Lab2_NTLuan.hex"
Finished building: default.size.stdout
arm-none-eabi-objcopy  -O binary Lab2_NTLuan.elf  "Lab2_NTLuan.bin"
 
Finished building: Lab2_NTLuan.list
Finished building: Lab2_NTLuan.hex
Finished building: Lab2_NTLuan.bin
 
 
 
11:19:50 **** Incremental Build of configuration Debug for project Lab2_NTLuan ****
make -j8 all 
arm-none-eabi-gcc "../Core/Src/main.c" -mcpu=cortex-m3 -std=gnu11 -g3 -DDEBUG -DUSE_HAL_DRIVER -DSTM32F103x6 -c -I../Core/Inc -I../Drivers/STM32F1xx_HAL_Driver/Inc/Legacy -I../Drivers/STM32F1xx_HAL_Driver/Inc -I../Drivers/CMSIS/Device/ST/STM32F1xx/Include -I../Drivers/CMSIS/Include -O0 -ffunction-sections -fdata-sections -Wall -fstack-usage -fcyclomatic-complexity -MMD -MP -MF"Core/Src/main.d" -MT"Core/Src/main.o" --specs=nano.specs -mfloat-abi=soft -mthumb -o "Core/Src/main.o"
../Core/Src/main.c: In function 'main':
../Core/Src/main.c:109:25: warning: implicit declaration of function 'update7SEG' [-Wimplicit-function-declaration]
  109 |                         update7SEG(index);
      |                         ^~~~~~~~~~
../Core/Src/main.c:110:25: warning: implicit declaration of function 'updateClockBuffer' [-Wimplicit-function-declaration]
  110 |                         updateClockBuffer(hour, minute);
      |                         ^~~~~~~~~~~~~~~~~
../Core/Src/main.c: At top level:
../Core/Src/main.c:266:6: warning: conflicting types for 'update7SEG'; have 'void(int)'
  266 | void update7SEG(int index) {
      |      ^~~~~~~~~~
../Core/Src/main.c:109:25: note: previous implicit declaration of 'update7SEG' with type 'void(int)'
  109 |                         update7SEG(index);
      |                         ^~~~~~~~~~
../Core/Src/main.c: In function 'update7SEG':
../Core/Src/main.c:269:17: warning: implicit declaration of function 'displayLED' [-Wimplicit-function-declaration]
  269 |                 displayLED(index);
      |                 ^~~~~~~~~~
../Core/Src/main.c:270:17: warning: implicit declaration of function 'display7SEG' [-Wimplicit-function-declaration]
  270 |                 display7SEG(led_buffer[0]);
      |                 ^~~~~~~~~~~
../Core/Src/main.c: At top level:
../Core/Src/main.c:289:6: warning: conflicting types for 'displayLED'; have 'void(int)'
  289 | void displayLED(int index) {
      |      ^~~~~~~~~~
../Core/Src/main.c:269:17: note: previous implicit declaration of 'displayLED' with type 'void(int)'
  269 |                 displayLED(index);
      |                 ^~~~~~~~~~
../Core/Src/main.c:318:6: warning: conflicting types for 'display7SEG'; have 'void(int)'
  318 | void display7SEG(int number_status) {
      |      ^~~~~~~~~~~
../Core/Src/main.c:270:17: note: previous implicit declaration of 'display7SEG' with type 'void(int)'
  270 |                 display7SEG(led_buffer[0]);
      |                 ^~~~~~~~~~~
../Core/Src/main.c:413:6: warning: conflicting types for 'updateClockBuffer'; have 'void(int,  int)'
  413 | void updateClockBuffer(int hour,int minute) {
      |      ^~~~~~~~~~~~~~~~~
../Core/Src/main.c:110:25: note: previous implicit declaration of 'updateClockBuffer' with type 'void(int,  int)'
  110 |                         updateClockBuffer(hour, minute);
      |                         ^~~~~~~~~~~~~~~~~
arm-none-eabi-gcc -o "Lab2_NTLuan.elf" @"objects.list"   -mcpu=cortex-m3 -T"C:\Users\NguyenTienLuan\Desktop\fukmylife\micro\lab\lab2\Lab2_NTLuan\STM32F103C6UX_FLASH.ld" --specs=nosys.specs -Wl,-Map="Lab2_NTLuan.map" -Wl,--gc-sections -static --specs=nano.specs -mfloat-abi=soft -mthumb -Wl,--start-group -lc -lm -Wl,--end-group
Finished building target: Lab2_NTLuan.elf
 
arm-none-eabi-size  Lab2_NTLuan.elf 
arm-none-eabi-objdump -h -S Lab2_NTLuan.elf  > "Lab2_NTLuan.list"
arm-none-eabi-objcopy  -O ihex Lab2_NTLuan.elf  "Lab2_NTLuan.hex"
   text	   data	    bss	    dec	    hex	filename
   8680	     32	   1680	  10392	   2898	Lab2_NTLuan.elf
arm-none-eabi-objcopy  -O binary Lab2_NTLuan.elf  "Lab2_NTLuan.bin"
Finished building: default.size.stdout
Finished building: Lab2_NTLuan.list
Finished building: Lab2_NTLuan.hex
 
Finished building: Lab2_NTLuan.bin
 
 
 
