09:58:17 **** Build of configuration Debug for project Lab2_NTLuan ****
make -j8 all 
arm-none-eabi-gcc "../Drivers/STM32F1xx_HAL_Driver/Src/stm32f1xx_hal.c" -mcpu=cortex-m3 -std=gnu11 -g3 -DDEBUG -DUSE_HAL_DRIVER -DSTM32F103x6 -c -I../Core/Inc -I../Drivers/STM32F1xx_HAL_Driver/Inc/Legacy -I../Drivers/STM32F1xx_HAL_Driver/Inc -I../Drivers/CMSIS/Device/ST/STM32F1xx/Include -I../Drivers/CMSIS/Include -O0 -ffunction-sections -fdata-sections -Wall -fstack-usage -fcyclomatic-complexity -MMD -MP -MF"Drivers/STM32F1xx_HAL_Driver/Src/stm32f1xx_hal.d" -MT"Drivers/STM32F1xx_HAL_Driver/Src/stm32f1xx_hal.o" --specs=nano.specs -mfloat-abi=soft -mthumb -o "Drivers/STM32F1xx_HAL_Driver/Src/stm32f1xx_hal.o"
arm-none-eabi-gcc "../Drivers/STM32F1xx_HAL_Driver/Src/stm32f1xx_hal_cortex.c" -mcpu=cortex-m3 -std=gnu11 -g3 -DDEBUG -DUSE_HAL_DRIVER -DSTM32F103x6 -c -I../Core/Inc -I../Drivers/STM32F1xx_HAL_Driver/Inc/Legacy -I../Drivers/STM32F1xx_HAL_Driver/Inc -I../Drivers/CMSIS/Device/ST/STM32F1xx/Include -I../Drivers/CMSIS/Include -O0 -ffunction-sections -fdata-sections -Wall -fstack-usage -fcyclomatic-complexity -MMD -MP -MF"Drivers/STM32F1xx_HAL_Driver/Src/stm32f1xx_hal_cortex.d" -MT"Drivers/STM32F1xx_HAL_Driver/Src/stm32f1xx_hal_cortex.o" --specs=nano.specs -mfloat-abi=soft -mthumb -o "Drivers/STM32F1xx_HAL_Driver/Src/stm32f1xx_hal_cortex.o"
arm-none-eabi-gcc "../Drivers/STM32F1xx_HAL_Driver/Src/stm32f1xx_hal_dma.c" -mcpu=cortex-m3 -std=gnu11 -g3 -DDEBUG -DUSE_HAL_DRIVER -DSTM32F103x6 -c -I../Core/Inc -I../Drivers/STM32F1xx_HAL_Driver/Inc/Legacy -I../Drivers/STM32F1xx_HAL_Driver/Inc -I../Drivers/CMSIS/Device/ST/STM32F1xx/Include -I../Drivers/CMSIS/Include -O0 -ffunction-sections -fdata-sections -Wall -fstack-usage -fcyclomatic-complexity -MMD -MP -MF"Drivers/STM32F1xx_HAL_Driver/Src/stm32f1xx_hal_dma.d" -MT"Drivers/STM32F1xx_HAL_Driver/Src/stm32f1xx_hal_dma.o" --specs=nano.specs -mfloat-abi=soft -mthumb -o "Drivers/STM32F1xx_HAL_Driver/Src/stm32f1xx_hal_dma.o"
arm-none-eabi-gcc "../Drivers/STM32F1xx_HAL_Driver/Src/stm32f1xx_hal_exti.c" -mcpu=cortex-m3 -std=gnu11 -g3 -DDEBUG -DUSE_HAL_DRIVER -DSTM32F103x6 -c -I../Core/Inc -I../Drivers/STM32F1xx_HAL_Driver/Inc/Legacy -I../Drivers/STM32F1xx_HAL_Driver/Inc -I../Drivers/CMSIS/Device/ST/STM32F1xx/Include -I../Drivers/CMSIS/Include -O0 -ffunction-sections -fdata-sections -Wall -fstack-usage -fcyclomatic-complexity -MMD -MP -MF"Drivers/STM32F1xx_HAL_Driver/Src/stm32f1xx_hal_exti.d" -MT"Drivers/STM32F1xx_HAL_Driver/Src/stm32f1xx_hal_exti.o" --specs=nano.specs -mfloat-abi=soft -mthumb -o "Drivers/STM32F1xx_HAL_Driver/Src/stm32f1xx_hal_exti.o"
arm-none-eabi-gcc "../Drivers/STM32F1xx_HAL_Driver/Src/stm32f1xx_hal_flash.c" -mcpu=cortex-m3 -std=gnu11 -g3 -DDEBUG -DUSE_HAL_DRIVER -DSTM32F103x6 -c -I../Core/Inc -I../Drivers/STM32F1xx_HAL_Driver/Inc/Legacy -I../Drivers/STM32F1xx_HAL_Driver/Inc -I../Drivers/CMSIS/Device/ST/STM32F1xx/Include -I../Drivers/CMSIS/Include -O0 -ffunction-sections -fdata-sections -Wall -fstack-usage -fcyclomatic-complexity -MMD -MP -MF"Drivers/STM32F1xx_HAL_Driver/Src/stm32f1xx_hal_flash.d" -MT"Drivers/STM32F1xx_HAL_Driver/Src/stm32f1xx_hal_flash.o" --specs=nano.specs -mfloat-abi=soft -mthumb -o "Drivers/STM32F1xx_HAL_Driver/Src/stm32f1xx_hal_flash.o"
arm-none-eabi-gcc "../Drivers/STM32F1xx_HAL_Driver/Src/stm32f1xx_hal_flash_ex.c" -mcpu=cortex-m3 -std=gnu11 -g3 -DDEBUG -DUSE_HAL_DRIVER -DSTM32F103x6 -c -I../Core/Inc -I../Drivers/STM32F1xx_HAL_Driver/Inc/Legacy -I../Drivers/STM32F1xx_HAL_Driver/Inc -I../Drivers/CMSIS/Device/ST/STM32F1xx/Include -I../Drivers/CMSIS/Include -O0 -ffunction-sections -fdata-sections -Wall -fstack-usage -fcyclomatic-complexity -MMD -MP -MF"Drivers/STM32F1xx_HAL_Driver/Src/stm32f1xx_hal_flash_ex.d" -MT"Drivers/STM32F1xx_HAL_Driver/Src/stm32f1xx_hal_flash_ex.o" --specs=nano.specs -mfloat-abi=soft -mthumb -o "Drivers/STM32F1xx_HAL_Driver/Src/stm32f1xx_hal_flash_ex.o"
arm-none-eabi-gcc "../Drivers/STM32F1xx_HAL_Driver/Src/stm32f1xx_hal_gpio.c" -mcpu=cortex-m3 -std=gnu11 -g3 -DDEBUG -DUSE_HAL_DRIVER -DSTM32F103x6 -c -I../Core/Inc -I../Drivers/STM32F1xx_HAL_Driver/Inc/Legacy -I../Drivers/STM32F1xx_HAL_Driver/Inc -I../Drivers/CMSIS/Device/ST/STM32F1xx/Include -I../Drivers/CMSIS/Include -O0 -ffunction-sections -fdata-sections -Wall -fstack-usage -fcyclomatic-complexity -MMD -MP -MF"Drivers/STM32F1xx_HAL_Driver/Src/stm32f1xx_hal_gpio.d" -MT"Drivers/STM32F1xx_HAL_Driver/Src/stm32f1xx_hal_gpio.o" --specs=nano.specs -mfloat-abi=soft -mthumb -o "Drivers/STM32F1xx_HAL_Driver/Src/stm32f1xx_hal_gpio.o"
arm-none-eabi-gcc "../Drivers/STM32F1xx_HAL_Driver/Src/stm32f1xx_hal_gpio_ex.c" -mcpu=cortex-m3 -std=gnu11 -g3 -DDEBUG -DUSE_HAL_DRIVER -DSTM32F103x6 -c -I../Core/Inc -I../Drivers/STM32F1xx_HAL_Driver/Inc/Legacy -I../Drivers/STM32F1xx_HAL_Driver/Inc -I../Drivers/CMSIS/Device/ST/STM32F1xx/Include -I../Drivers/CMSIS/Include -O0 -ffunction-sections -fdata-sections -Wall -fstack-usage -fcyclomatic-complexity -MMD -MP -MF"Drivers/STM32F1xx_HAL_Driver/Src/stm32f1xx_hal_gpio_ex.d" -MT"Drivers/STM32F1xx_HAL_Driver/Src/stm32f1xx_hal_gpio_ex.o" --specs=nano.specs -mfloat-abi=soft -mthumb -o "Drivers/STM32F1xx_HAL_Driver/Src/stm32f1xx_hal_gpio_ex.o"
arm-none-eabi-gcc "../Drivers/STM32F1xx_HAL_Driver/Src/stm32f1xx_hal_pwr.c" -mcpu=cortex-m3 -std=gnu11 -g3 -DDEBUG -DUSE_HAL_DRIVER -DSTM32F103x6 -c -I../Core/Inc -I../Drivers/STM32F1xx_HAL_Driver/Inc/Legacy -I../Drivers/STM32F1xx_HAL_Driver/Inc -I../Drivers/CMSIS/Device/ST/STM32F1xx/Include -I../Drivers/CMSIS/Include -O0 -ffunction-sections -fdata-sections -Wall -fstack-usage -fcyclomatic-complexity -MMD -MP -MF"Drivers/STM32F1xx_HAL_Driver/Src/stm32f1xx_hal_pwr.d" -MT"Drivers/STM32F1xx_HAL_Driver/Src/stm32f1xx_hal_pwr.o" --specs=nano.specs -mfloat-abi=soft -mthumb -o "Drivers/STM32F1xx_HAL_Driver/Src/stm32f1xx_hal_pwr.o"
arm-none-eabi-gcc "../Drivers/STM32F1xx_HAL_Driver/Src/stm32f1xx_hal_rcc.c" -mcpu=cortex-m3 -std=gnu11 -g3 -DDEBUG -DUSE_HAL_DRIVER -DSTM32F103x6 -c -I../Core/Inc -I../Drivers/STM32F1xx_HAL_Driver/Inc/Legacy -I../Drivers/STM32F1xx_HAL_Driver/Inc -I../Drivers/CMSIS/Device/ST/STM32F1xx/Include -I../Drivers/CMSIS/Include -O0 -ffunction-sections -fdata-sections -Wall -fstack-usage -fcyclomatic-complexity -MMD -MP -MF"Drivers/STM32F1xx_HAL_Driver/Src/stm32f1xx_hal_rcc.d" -MT"Drivers/STM32F1xx_HAL_Driver/Src/stm32f1xx_hal_rcc.o" --specs=nano.specs -mfloat-abi=soft -mthumb -o "Drivers/STM32F1xx_HAL_Driver/Src/stm32f1xx_hal_rcc.o"
arm-none-eabi-gcc "../Drivers/STM32F1xx_HAL_Driver/Src/stm32f1xx_hal_rcc_ex.c" -mcpu=cortex-m3 -std=gnu11 -g3 -DDEBUG -DUSE_HAL_DRIVER -DSTM32F103x6 -c -I../Core/Inc -I../Drivers/STM32F1xx_HAL_Driver/Inc/Legacy -I../Drivers/STM32F1xx_HAL_Driver/Inc -I../Drivers/CMSIS/Device/ST/STM32F1xx/Include -I../Drivers/CMSIS/Include -O0 -ffunction-sections -fdata-sections -Wall -fstack-usage -fcyclomatic-complexity -MMD -MP -MF"Drivers/STM32F1xx_HAL_Driver/Src/stm32f1xx_hal_rcc_ex.d" -MT"Drivers/STM32F1xx_HAL_Driver/Src/stm32f1xx_hal_rcc_ex.o" --specs=nano.specs -mfloat-abi=soft -mthumb -o "Drivers/STM32F1xx_HAL_Driver/Src/stm32f1xx_hal_rcc_ex.o"
arm-none-eabi-gcc "../Drivers/STM32F1xx_HAL_Driver/Src/stm32f1xx_hal_tim.c" -mcpu=cortex-m3 -std=gnu11 -g3 -DDEBUG -DUSE_HAL_DRIVER -DSTM32F103x6 -c -I../Core/Inc -I../Drivers/STM32F1xx_HAL_Driver/Inc/Legacy -I../Drivers/STM32F1xx_HAL_Driver/Inc -I../Drivers/CMSIS/Device/ST/STM32F1xx/Include -I../Drivers/CMSIS/Include -O0 -ffunction-sections -fdata-sections -Wall -fstack-usage -fcyclomatic-complexity -MMD -MP -MF"Drivers/STM32F1xx_HAL_Driver/Src/stm32f1xx_hal_tim.d" -MT"Drivers/STM32F1xx_HAL_Driver/Src/stm32f1xx_hal_tim.o" --specs=nano.specs -mfloat-abi=soft -mthumb -o "Drivers/STM32F1xx_HAL_Driver/Src/stm32f1xx_hal_tim.o"
arm-none-eabi-gcc "../Drivers/STM32F1xx_HAL_Driver/Src/stm32f1xx_hal_tim_ex.c" -mcpu=cortex-m3 -std=gnu11 -g3 -DDEBUG -DUSE_HAL_DRIVER -DSTM32F103x6 -c -I../Core/Inc -I../Drivers/STM32F1xx_HAL_Driver/Inc/Legacy -I../Drivers/STM32F1xx_HAL_Driver/Inc -I../Drivers/CMSIS/Device/ST/STM32F1xx/Include -I../Drivers/CMSIS/Include -O0 -ffunction-sections -fdata-sections -Wall -fstack-usage -fcyclomatic-complexity -MMD -MP -MF"Drivers/STM32F1xx_HAL_Driver/Src/stm32f1xx_hal_tim_ex.d" -MT"Drivers/STM32F1xx_HAL_Driver/Src/stm32f1xx_hal_tim_ex.o" --specs=nano.specs -mfloat-abi=soft -mthumb -o "Drivers/STM32F1xx_HAL_Driver/Src/stm32f1xx_hal_tim_ex.o"
arm-none-eabi-gcc -mcpu=cortex-m3 -g3 -DDEBUG -c -x assembler-with-cpp -MMD -MP -MF"Core/Startup/startup_stm32f103c6ux.d" -MT"Core/Startup/startup_stm32f103c6ux.o" --specs=nano.specs -mfloat-abi=soft -mthumb -o "Core/Startup/startup_stm32f103c6ux.o" "../Core/Startup/startup_stm32f103c6ux.s"
arm-none-eabi-gcc "../Core/Src/main.c" -mcpu=cortex-m3 -std=gnu11 -g3 -DDEBUG -DUSE_HAL_DRIVER -DSTM32F103x6 -c -I../Core/Inc -I../Drivers/STM32F1xx_HAL_Driver/Inc/Legacy -I../Drivers/STM32F1xx_HAL_Driver/Inc -I../Drivers/CMSIS/Device/ST/STM32F1xx/Include -I../Drivers/CMSIS/Include -O0 -ffunction-sections -fdata-sections -Wall -fstack-usage -fcyclomatic-complexity -MMD -MP -MF"Core/Src/main.d" -MT"Core/Src/main.o" --specs=nano.specs -mfloat-abi=soft -mthumb -o "Core/Src/main.o"
arm-none-eabi-gcc "../Core/Src/stm32f1xx_hal_msp.c" -mcpu=cortex-m3 -std=gnu11 -g3 -DDEBUG -DUSE_HAL_DRIVER -DSTM32F103x6 -c -I../Core/Inc -I../Drivers/STM32F1xx_HAL_Driver/Inc/Legacy -I../Drivers/STM32F1xx_HAL_Driver/Inc -I../Drivers/CMSIS/Device/ST/STM32F1xx/Include -I../Drivers/CMSIS/Include -O0 -ffunction-sections -fdata-sections -Wall -fstack-usage -fcyclomatic-complexity -MMD -MP -MF"Core/Src/stm32f1xx_hal_msp.d" -MT"Core/Src/stm32f1xx_hal_msp.o" --specs=nano.specs -mfloat-abi=soft -mthumb -o "Core/Src/stm32f1xx_hal_msp.o"
arm-none-eabi-gcc "../Core/Src/stm32f1xx_it.c" -mcpu=cortex-m3 -std=gnu11 -g3 -DDEBUG -DUSE_HAL_DRIVER -DSTM32F103x6 -c -I../Core/Inc -I../Drivers/STM32F1xx_HAL_Driver/Inc/Legacy -I../Drivers/STM32F1xx_HAL_Driver/Inc -I../Drivers/CMSIS/Device/ST/STM32F1xx/Include -I../Drivers/CMSIS/Include -O0 -ffunction-sections -fdata-sections -Wall -fstack-usage -fcyclomatic-complexity -MMD -MP -MF"Core/Src/stm32f1xx_it.d" -MT"Core/Src/stm32f1xx_it.o" --specs=nano.specs -mfloat-abi=soft -mthumb -o "Core/Src/stm32f1xx_it.o"
arm-none-eabi-gcc "../Core/Src/syscalls.c" -mcpu=cortex-m3 -std=gnu11 -g3 -DDEBUG -DUSE_HAL_DRIVER -DSTM32F103x6 -c -I../Core/Inc -I../Drivers/STM32F1xx_HAL_Driver/Inc/Legacy -I../Drivers/STM32F1xx_HAL_Driver/Inc -I../Drivers/CMSIS/Device/ST/STM32F1xx/Include -I../Drivers/CMSIS/Include -O0 -ffunction-sections -fdata-sections -Wall -fstack-usage -fcyclomatic-complexity -MMD -MP -MF"Core/Src/syscalls.d" -MT"Core/Src/syscalls.o" --specs=nano.specs -mfloat-abi=soft -mthumb -o "Core/Src/syscalls.o"
../Core/Src/main.c: In function 'HAL_TIM_PeriodElapsedCallback':
../Core/Src/main.c:237:44: error: 'LED_RED_GPIO_PORT' undeclared (first use in this function); did you mean 'LED_RED_GPIO_Port'?
  237 |                         HAL_GPIO_TogglePin(LED_RED_GPIO_PORT,LED_RED_Pin);
      |                                            ^~~~~~~~~~~~~~~~~
      |                                            LED_RED_GPIO_Port
../Core/Src/main.c:237:44: note: each undeclared identifier is reported only once for each function it appears in
make: *** [Core/Src/subdir.mk:34: Core/Src/main.o] Error 1
make: *** Waiting for unfinished jobs....
"make -j8 all" terminated with exit code 2. Build might be incomplete.
09:58:33 **** Incremental Build of configuration Debug for project Lab2_NTLuan ****
make -j8 all 
arm-none-eabi-gcc "../Core/Src/main.c" -mcpu=cortex-m3 -std=gnu11 -g3 -DDEBUG -DUSE_HAL_DRIVER -DSTM32F103x6 -c -I../Core/Inc -I../Drivers/STM32F1xx_HAL_Driver/Inc/Legacy -I../Drivers/STM32F1xx_HAL_Driver/Inc -I../Drivers/CMSIS/Device/ST/STM32F1xx/Include -I../Drivers/CMSIS/Include -O0 -ffunction-sections -fdata-sections -Wall -fstack-usage -fcyclomatic-complexity -MMD -MP -MF"Core/Src/main.d" -MT"Core/Src/main.o" --specs=nano.specs -mfloat-abi=soft -mthumb -o "Core/Src/main.o"
arm-none-eabi-gcc "../Core/Src/sysmem.c" -mcpu=cortex-m3 -std=gnu11 -g3 -DDEBUG -DUSE_HAL_DRIVER -DSTM32F103x6 -c -I../Core/Inc -I../Drivers/STM32F1xx_HAL_Driver/Inc/Legacy -I../Drivers/STM32F1xx_HAL_Driver/Inc -I../Drivers/CMSIS/Device/ST/STM32F1xx/Include -I../Drivers/CMSIS/Include -O0 -ffunction-sections -fdata-sections -Wall -fstack-usage -fcyclomatic-complexity -MMD -MP -MF"Core/Src/sysmem.d" -MT"Core/Src/sysmem.o" --specs=nano.specs -mfloat-abi=soft -mthumb -o "Core/Src/sysmem.o"
arm-none-eabi-gcc "../Core/Src/system_stm32f1xx.c" -mcpu=cortex-m3 -std=gnu11 -g3 -DDEBUG -DUSE_HAL_DRIVER -DSTM32F103x6 -c -I../Core/Inc -I../Drivers/STM32F1xx_HAL_Driver/Inc/Legacy -I../Drivers/STM32F1xx_HAL_Driver/Inc -I../Drivers/CMSIS/Device/ST/STM32F1xx/Include -I../Drivers/CMSIS/Include -O0 -ffunction-sections -fdata-sections -Wall -fstack-usage -fcyclomatic-complexity -MMD -MP -MF"Core/Src/system_stm32f1xx.d" -MT"Core/Src/system_stm32f1xx.o" --specs=nano.specs -mfloat-abi=soft -mthumb -o "Core/Src/system_stm32f1xx.o"
arm-none-eabi-gcc -o "Lab2_NTLuan.elf" @"objects.list"   -mcpu=cortex-m3 -T"C:\Users\NguyenTienLuan\Desktop\fukmylife\micro\lab\lab2\Lab2_NTLuan\STM32F103C6UX_FLASH.ld" --specs=nosys.specs -Wl,-Map="Lab2_NTLuan.map" -Wl,--gc-sections -static --specs=nano.specs -mfloat-abi=soft -mthumb -Wl,--start-group -lc -lm -Wl,--end-group
Finished building target: Lab2_NTLuan.elf
 
arm-none-eabi-size  Lab2_NTLuan.elf 
arm-none-eabi-objdump -h -S Lab2_NTLuan.elf  > "Lab2_NTLuan.list"
arm-none-eabi-objcopy  -O ihex Lab2_NTLuan.elf  "Lab2_NTLuan.hex"
arm-none-eabi-objcopy  -O binary Lab2_NTLuan.elf  "Lab2_NTLuan.bin"
   text	   data	    bss	    dec	    hex	filename
   6960	     24	   1640	   8624	   21b0	Lab2_NTLuan.elf
Finished building: default.size.stdout
 
Finished building: Lab2_NTLuan.list
Finished building: Lab2_NTLuan.hex
Finished building: Lab2_NTLuan.bin
 
 
 
10:06:02 **** Incremental Build of configuration Debug for project Lab2_NTLuan ****
make -j8 all 
arm-none-eabi-gcc "../Core/Src/main.c" -mcpu=cortex-m3 -std=gnu11 -g3 -DDEBUG -DUSE_HAL_DRIVER -DSTM32F103x6 -c -I../Core/Inc -I../Drivers/STM32F1xx_HAL_Driver/Inc/Legacy -I../Drivers/STM32F1xx_HAL_Driver/Inc -I../Drivers/CMSIS/Device/ST/STM32F1xx/Include -I../Drivers/CMSIS/Include -O0 -ffunction-sections -fdata-sections -Wall -fstack-usage -fcyclomatic-complexity -MMD -MP -MF"Core/Src/main.d" -MT"Core/Src/main.o" --specs=nano.specs -mfloat-abi=soft -mthumb -o "Core/Src/main.o"
arm-none-eabi-gcc "../Core/Src/software_timer.c" -mcpu=cortex-m3 -std=gnu11 -g3 -DDEBUG -DUSE_HAL_DRIVER -DSTM32F103x6 -c -I../Core/Inc -I../Drivers/STM32F1xx_HAL_Driver/Inc/Legacy -I../Drivers/STM32F1xx_HAL_Driver/Inc -I../Drivers/CMSIS/Device/ST/STM32F1xx/Include -I../Drivers/CMSIS/Include -O0 -ffunction-sections -fdata-sections -Wall -fstack-usage -fcyclomatic-complexity -MMD -MP -MF"Core/Src/software_timer.d" -MT"Core/Src/software_timer.o" --specs=nano.specs -mfloat-abi=soft -mthumb -o "Core/Src/software_timer.o"
arm-none-eabi-gcc "../Core/Src/stm32f1xx_hal_msp.c" -mcpu=cortex-m3 -std=gnu11 -g3 -DDEBUG -DUSE_HAL_DRIVER -DSTM32F103x6 -c -I../Core/Inc -I../Drivers/STM32F1xx_HAL_Driver/Inc/Legacy -I../Drivers/STM32F1xx_HAL_Driver/Inc -I../Drivers/CMSIS/Device/ST/STM32F1xx/Include -I../Drivers/CMSIS/Include -O0 -ffunction-sections -fdata-sections -Wall -fstack-usage -fcyclomatic-complexity -MMD -MP -MF"Core/Src/stm32f1xx_hal_msp.d" -MT"Core/Src/stm32f1xx_hal_msp.o" --specs=nano.specs -mfloat-abi=soft -mthumb -o "Core/Src/stm32f1xx_hal_msp.o"
arm-none-eabi-gcc "../Core/Src/stm32f1xx_it.c" -mcpu=cortex-m3 -std=gnu11 -g3 -DDEBUG -DUSE_HAL_DRIVER -DSTM32F103x6 -c -I../Core/Inc -I../Drivers/STM32F1xx_HAL_Driver/Inc/Legacy -I../Drivers/STM32F1xx_HAL_Driver/Inc -I../Drivers/CMSIS/Device/ST/STM32F1xx/Include -I../Drivers/CMSIS/Include -O0 -ffunction-sections -fdata-sections -Wall -fstack-usage -fcyclomatic-complexity -MMD -MP -MF"Core/Src/stm32f1xx_it.d" -MT"Core/Src/stm32f1xx_it.o" --specs=nano.specs -mfloat-abi=soft -mthumb -o "Core/Src/stm32f1xx_it.o"
arm-none-eabi-gcc "../Core/Src/syscalls.c" -mcpu=cortex-m3 -std=gnu11 -g3 -DDEBUG -DUSE_HAL_DRIVER -DSTM32F103x6 -c -I../Core/Inc -I../Drivers/STM32F1xx_HAL_Driver/Inc/Legacy -I../Drivers/STM32F1xx_HAL_Driver/Inc -I../Drivers/CMSIS/Device/ST/STM32F1xx/Include -I../Drivers/CMSIS/Include -O0 -ffunction-sections -fdata-sections -Wall -fstack-usage -fcyclomatic-complexity -MMD -MP -MF"Core/Src/syscalls.d" -MT"Core/Src/syscalls.o" --specs=nano.specs -mfloat-abi=soft -mthumb -o "Core/Src/syscalls.o"
arm-none-eabi-gcc "../Core/Src/sysmem.c" -mcpu=cortex-m3 -std=gnu11 -g3 -DDEBUG -DUSE_HAL_DRIVER -DSTM32F103x6 -c -I../Core/Inc -I../Drivers/STM32F1xx_HAL_Driver/Inc/Legacy -I../Drivers/STM32F1xx_HAL_Driver/Inc -I../Drivers/CMSIS/Device/ST/STM32F1xx/Include -I../Drivers/CMSIS/Include -O0 -ffunction-sections -fdata-sections -Wall -fstack-usage -fcyclomatic-complexity -MMD -MP -MF"Core/Src/sysmem.d" -MT"Core/Src/sysmem.o" --specs=nano.specs -mfloat-abi=soft -mthumb -o "Core/Src/sysmem.o"
arm-none-eabi-gcc "../Core/Src/system_stm32f1xx.c" -mcpu=cortex-m3 -std=gnu11 -g3 -DDEBUG -DUSE_HAL_DRIVER -DSTM32F103x6 -c -I../Core/Inc -I../Drivers/STM32F1xx_HAL_Driver/Inc/Legacy -I../Drivers/STM32F1xx_HAL_Driver/Inc -I../Drivers/CMSIS/Device/ST/STM32F1xx/Include -I../Drivers/CMSIS/Include -O0 -ffunction-sections -fdata-sections -Wall -fstack-usage -fcyclomatic-complexity -MMD -MP -MF"Core/Src/system_stm32f1xx.d" -MT"Core/Src/system_stm32f1xx.o" --specs=nano.specs -mfloat-abi=soft -mthumb -o "Core/Src/system_stm32f1xx.o"
arm-none-eabi-gcc -o "Lab2_NTLuan.elf" @"objects.list"   -mcpu=cortex-m3 -T"C:\Users\NguyenTienLuan\Desktop\fukmylife\micro\lab\lab2\Lab2_NTLuan\STM32F103C6UX_FLASH.ld" --specs=nosys.specs -Wl,-Map="Lab2_NTLuan.map" -Wl,--gc-sections -static --specs=nano.specs -mfloat-abi=soft -mthumb -Wl,--start-group -lc -lm -Wl,--end-group
Finished building target: Lab2_NTLuan.elf
 
arm-none-eabi-size  Lab2_NTLuan.elf 
arm-none-eabi-objdump -h -S Lab2_NTLuan.elf  > "Lab2_NTLuan.list"
arm-none-eabi-objcopy  -O ihex Lab2_NTLuan.elf  "Lab2_NTLuan.hex"
arm-none-eabi-objcopy  -O binary Lab2_NTLuan.elf  "Lab2_NTLuan.bin"
   text	   data	    bss	    dec	    hex	filename
   6916	     20	   1652	   8588	   218c	Lab2_NTLuan.elf
Finished building: default.size.stdout
 
Finished building: Lab2_NTLuan.list
Finished building: Lab2_NTLuan.hex
Finished building: Lab2_NTLuan.bin
 
 
 
10:41:48 **** Incremental Build of configuration Debug for project Lab2_NTLuan ****
make -j8 all 
arm-none-eabi-gcc "../Core/Src/main.c" -mcpu=cortex-m3 -std=gnu11 -g3 -DDEBUG -DUSE_HAL_DRIVER -DSTM32F103x6 -c -I../Core/Inc -I../Drivers/STM32F1xx_HAL_Driver/Inc/Legacy -I../Drivers/STM32F1xx_HAL_Driver/Inc -I../Drivers/CMSIS/Device/ST/STM32F1xx/Include -I../Drivers/CMSIS/Include -O0 -ffunction-sections -fdata-sections -Wall -fstack-usage -fcyclomatic-complexity -MMD -MP -MF"Core/Src/main.d" -MT"Core/Src/main.o" --specs=nano.specs -mfloat-abi=soft -mthumb -o "Core/Src/main.o"
arm-none-eabi-gcc -o "Lab2_NTLuan.elf" @"objects.list"   -mcpu=cortex-m3 -T"C:\Users\NguyenTienLuan\Desktop\fukmylife\micro\lab\lab2\Lab2_NTLuan\STM32F103C6UX_FLASH.ld" --specs=nosys.specs -Wl,-Map="Lab2_NTLuan.map" -Wl,--gc-sections -static --specs=nano.specs -mfloat-abi=soft -mthumb -Wl,--start-group -lc -lm -Wl,--end-group
Finished building target: Lab2_NTLuan.elf
 
arm-none-eabi-size  Lab2_NTLuan.elf 
arm-none-eabi-objdump -h -S Lab2_NTLuan.elf  > "Lab2_NTLuan.list"
arm-none-eabi-objcopy  -O ihex Lab2_NTLuan.elf  "Lab2_NTLuan.hex"
arm-none-eabi-objcopy  -O binary Lab2_NTLuan.elf  "Lab2_NTLuan.bin"
   text	   data	    bss	    dec	    hex	filename
   6980	     20	   1652	   8652	   21cc	Lab2_NTLuan.elf
Finished building: default.size.stdout
 
Finished building: Lab2_NTLuan.hex
Finished building: Lab2_NTLuan.bin
Finished building: Lab2_NTLuan.list
 
 
 
10:46:26 **** Incremental Build of configuration Debug for project Lab2_NTLuan ****
make -j8 all 
arm-none-eabi-gcc "../Core/Src/main.c" -mcpu=cortex-m3 -std=gnu11 -g3 -DDEBUG -DUSE_HAL_DRIVER -DSTM32F103x6 -c -I../Core/Inc -I../Drivers/STM32F1xx_HAL_Driver/Inc/Legacy -I../Drivers/STM32F1xx_HAL_Driver/Inc -I../Drivers/CMSIS/Device/ST/STM32F1xx/Include -I../Drivers/CMSIS/Include -O0 -ffunction-sections -fdata-sections -Wall -fstack-usage -fcyclomatic-complexity -MMD -MP -MF"Core/Src/main.d" -MT"Core/Src/main.o" --specs=nano.specs -mfloat-abi=soft -mthumb -o "Core/Src/main.o"
../Core/Src/main.c: In function 'HAL_TIM_PeriodElapsedCallback':
../Core/Src/main.c:228:9: warning: implicit declaration of function 'showNumber' [-Wimplicit-function-declaration]
  228 |         showNumber(1);
      |         ^~~~~~~~~~
../Core/Src/main.c: At top level:
../Core/Src/main.c:231:6: warning: conflicting types for 'showNumber'; have 'void(int)'
  231 | void showNumber(int number_status) {
      |      ^~~~~~~~~~
../Core/Src/main.c:228:9: note: previous implicit declaration of 'showNumber' with type 'void(int)'
  228 |         showNumber(1);
      |         ^~~~~~~~~~
arm-none-eabi-gcc -o "Lab2_NTLuan.elf" @"objects.list"   -mcpu=cortex-m3 -T"C:\Users\NguyenTienLuan\Desktop\fukmylife\micro\lab\lab2\Lab2_NTLuan\STM32F103C6UX_FLASH.ld" --specs=nosys.specs -Wl,-Map="Lab2_NTLuan.map" -Wl,--gc-sections -static --specs=nano.specs -mfloat-abi=soft -mthumb -Wl,--start-group -lc -lm -Wl,--end-group
Finished building target: Lab2_NTLuan.elf
 
arm-none-eabi-size  Lab2_NTLuan.elf 
arm-none-eabi-objdump -h -S Lab2_NTLuan.elf  > "Lab2_NTLuan.list"
arm-none-eabi-objcopy  -O ihex Lab2_NTLuan.elf  "Lab2_NTLuan.hex"
   text	   data	    bss	    dec	    hex	filename
   7216	     20	   1652	   8888	   22b8	Lab2_NTLuan.elf
arm-none-eabi-objcopy  -O binary Lab2_NTLuan.elf  "Lab2_NTLuan.bin"
Finished building: default.size.stdout
 
Finished building: Lab2_NTLuan.list
Finished building: Lab2_NTLuan.hex
Finished building: Lab2_NTLuan.bin
 
 
 
10:47:51 **** Incremental Build of configuration Debug for project Lab2_NTLuan ****
make -j8 all 
arm-none-eabi-gcc "../Core/Src/main.c" -mcpu=cortex-m3 -std=gnu11 -g3 -DDEBUG -DUSE_HAL_DRIVER -DSTM32F103x6 -c -I../Core/Inc -I../Drivers/STM32F1xx_HAL_Driver/Inc/Legacy -I../Drivers/STM32F1xx_HAL_Driver/Inc -I../Drivers/CMSIS/Device/ST/STM32F1xx/Include -I../Drivers/CMSIS/Include -O0 -ffunction-sections -fdata-sections -Wall -fstack-usage -fcyclomatic-complexity -MMD -MP -MF"Core/Src/main.d" -MT"Core/Src/main.o" --specs=nano.specs -mfloat-abi=soft -mthumb -o "Core/Src/main.o"
../Core/Src/main.c: In function 'HAL_TIM_PeriodElapsedCallback':
../Core/Src/main.c:229:9: warning: implicit declaration of function 'showNumber' [-Wimplicit-function-declaration]
  229 |         showNumber(number_status);
      |         ^~~~~~~~~~
../Core/Src/main.c: At top level:
../Core/Src/main.c:232:6: warning: conflicting types for 'showNumber'; have 'void(int)'
  232 | void showNumber(int number_status) {
      |      ^~~~~~~~~~
../Core/Src/main.c:229:9: note: previous implicit declaration of 'showNumber' with type 'void(int)'
  229 |         showNumber(number_status);
      |         ^~~~~~~~~~
arm-none-eabi-gcc -o "Lab2_NTLuan.elf" @"objects.list"   -mcpu=cortex-m3 -T"C:\Users\NguyenTienLuan\Desktop\fukmylife\micro\lab\lab2\Lab2_NTLuan\STM32F103C6UX_FLASH.ld" --specs=nosys.specs -Wl,-Map="Lab2_NTLuan.map" -Wl,--gc-sections -static --specs=nano.specs -mfloat-abi=soft -mthumb -Wl,--start-group -lc -lm -Wl,--end-group
Finished building target: Lab2_NTLuan.elf
 
arm-none-eabi-size  Lab2_NTLuan.elf 
arm-none-eabi-objdump -h -S Lab2_NTLuan.elf  > "Lab2_NTLuan.list"
arm-none-eabi-objcopy  -O ihex Lab2_NTLuan.elf  "Lab2_NTLuan.hex"
arm-none-eabi-objcopy  -O binary Lab2_NTLuan.elf  "Lab2_NTLuan.bin"
   text	   data	    bss	    dec	    hex	filename
   7224	     24	   1648	   8896	   22c0	Lab2_NTLuan.elf
Finished building: default.size.stdout
Finished building: Lab2_NTLuan.list
Finished building: Lab2_NTLuan.hex
Finished building: Lab2_NTLuan.bin
 
 
 
 
10:49:28 **** Incremental Build of configuration Debug for project Lab2_NTLuan ****
make -j8 all 
arm-none-eabi-gcc "../Core/Src/main.c" -mcpu=cortex-m3 -std=gnu11 -g3 -DDEBUG -DUSE_HAL_DRIVER -DSTM32F103x6 -c -I../Core/Inc -I../Drivers/STM32F1xx_HAL_Driver/Inc/Legacy -I../Drivers/STM32F1xx_HAL_Driver/Inc -I../Drivers/CMSIS/Device/ST/STM32F1xx/Include -I../Drivers/CMSIS/Include -O0 -ffunction-sections -fdata-sections -Wall -fstack-usage -fcyclomatic-complexity -MMD -MP -MF"Core/Src/main.d" -MT"Core/Src/main.o" --specs=nano.specs -mfloat-abi=soft -mthumb -o "Core/Src/main.o"
../Core/Src/main.c: In function 'main':
../Core/Src/main.c:102:25: warning: implicit declaration of function 'showNumber' [-Wimplicit-function-declaration]
  102 |                         showNumber(number_status);
      |                         ^~~~~~~~~~
../Core/Src/main.c: At top level:
../Core/Src/main.c:231:6: warning: conflicting types for 'showNumber'; have 'void(int)'
  231 | void showNumber(int number_status) {
      |      ^~~~~~~~~~
../Core/Src/main.c:102:25: note: previous implicit declaration of 'showNumber' with type 'void(int)'
  102 |                         showNumber(number_status);
      |                         ^~~~~~~~~~
arm-none-eabi-gcc -o "Lab2_NTLuan.elf" @"objects.list"   -mcpu=cortex-m3 -T"C:\Users\NguyenTienLuan\Desktop\fukmylife\micro\lab\lab2\Lab2_NTLuan\STM32F103C6UX_FLASH.ld" --specs=nosys.specs -Wl,-Map="Lab2_NTLuan.map" -Wl,--gc-sections -static --specs=nano.specs -mfloat-abi=soft -mthumb -Wl,--start-group -lc -lm -Wl,--end-group
Finished building target: Lab2_NTLuan.elf
 
arm-none-eabi-size  Lab2_NTLuan.elf 
arm-none-eabi-objdump -h -S Lab2_NTLuan.elf  > "Lab2_NTLuan.list"
arm-none-eabi-objcopy  -O ihex Lab2_NTLuan.elf  "Lab2_NTLuan.hex"
   text	   data	    bss	    dec	    hex	filename
   7220	     20	   1652	   8892	   22bc	Lab2_NTLuan.elf
arm-none-eabi-objcopy  -O binary Lab2_NTLuan.elf  "Lab2_NTLuan.bin"
Finished building: default.size.stdout
 
Finished building: Lab2_NTLuan.list
Finished building: Lab2_NTLuan.hex
Finished building: Lab2_NTLuan.bin
 
 
 
10:51:28 **** Incremental Build of configuration Debug for project Lab2_NTLuan ****
make -j8 all 
arm-none-eabi-gcc "../Core/Src/main.c" -mcpu=cortex-m3 -std=gnu11 -g3 -DDEBUG -DUSE_HAL_DRIVER -DSTM32F103x6 -c -I../Core/Inc -I../Drivers/STM32F1xx_HAL_Driver/Inc/Legacy -I../Drivers/STM32F1xx_HAL_Driver/Inc -I../Drivers/CMSIS/Device/ST/STM32F1xx/Include -I../Drivers/CMSIS/Include -O0 -ffunction-sections -fdata-sections -Wall -fstack-usage -fcyclomatic-complexity -MMD -MP -MF"Core/Src/main.d" -MT"Core/Src/main.o" --specs=nano.specs -mfloat-abi=soft -mthumb -o "Core/Src/main.o"
arm-none-eabi-gcc -o "Lab2_NTLuan.elf" @"objects.list"   -mcpu=cortex-m3 -T"C:\Users\NguyenTienLuan\Desktop\fukmylife\micro\lab\lab2\Lab2_NTLuan\STM32F103C6UX_FLASH.ld" --specs=nosys.specs -Wl,-Map="Lab2_NTLuan.map" -Wl,--gc-sections -static --specs=nano.specs -mfloat-abi=soft -mthumb -Wl,--start-group -lc -lm -Wl,--end-group
Finished building target: Lab2_NTLuan.elf
 
arm-none-eabi-size  Lab2_NTLuan.elf 
arm-none-eabi-objdump -h -S Lab2_NTLuan.elf  > "Lab2_NTLuan.list"
arm-none-eabi-objcopy  -O ihex Lab2_NTLuan.elf  "Lab2_NTLuan.hex"
   text	   data	    bss	    dec	    hex	filename
   7196	     20	   1652	   8868	   22a4	Lab2_NTLuan.elf
arm-none-eabi-objcopy  -O binary Lab2_NTLuan.elf  "Lab2_NTLuan.bin"
Finished building: default.size.stdout
 
Finished building: Lab2_NTLuan.hex
Finished building: Lab2_NTLuan.list
Finished building: Lab2_NTLuan.bin
 
 
 
10:54:33 **** Incremental Build of configuration Debug for project Lab2_NTLuan ****
make -j8 all 
arm-none-eabi-gcc "../Core/Src/main.c" -mcpu=cortex-m3 -std=gnu11 -g3 -DDEBUG -DUSE_HAL_DRIVER -DSTM32F103x6 -c -I../Core/Inc -I../Drivers/STM32F1xx_HAL_Driver/Inc/Legacy -I../Drivers/STM32F1xx_HAL_Driver/Inc -I../Drivers/CMSIS/Device/ST/STM32F1xx/Include -I../Drivers/CMSIS/Include -O0 -ffunction-sections -fdata-sections -Wall -fstack-usage -fcyclomatic-complexity -MMD -MP -MF"Core/Src/main.d" -MT"Core/Src/main.o" --specs=nano.specs -mfloat-abi=soft -mthumb -o "Core/Src/main.o"
arm-none-eabi-gcc -o "Lab2_NTLuan.elf" @"objects.list"   -mcpu=cortex-m3 -T"C:\Users\NguyenTienLuan\Desktop\fukmylife\micro\lab\lab2\Lab2_NTLuan\STM32F103C6UX_FLASH.ld" --specs=nosys.specs -Wl,-Map="Lab2_NTLuan.map" -Wl,--gc-sections -static --specs=nano.specs -mfloat-abi=soft -mthumb -Wl,--start-group -lc -lm -Wl,--end-group
Finished building target: Lab2_NTLuan.elf
 
arm-none-eabi-size  Lab2_NTLuan.elf 
arm-none-eabi-objdump -h -S Lab2_NTLuan.elf  > "Lab2_NTLuan.list"
arm-none-eabi-objcopy  -O ihex Lab2_NTLuan.elf  "Lab2_NTLuan.hex"
arm-none-eabi-objcopy  -O binary Lab2_NTLuan.elf  "Lab2_NTLuan.bin"
   text	   data	    bss	    dec	    hex	filename
   7192	     20	   1652	   8864	   22a0	Lab2_NTLuan.elf
Finished building: default.size.stdout
 
Finished building: Lab2_NTLuan.hex
Finished building: Lab2_NTLuan.list
Finished building: Lab2_NTLuan.bin
 
 
 
10:55:18 **** Incremental Build of configuration Debug for project Lab2_NTLuan ****
make -j8 all 
arm-none-eabi-gcc "../Core/Src/main.c" -mcpu=cortex-m3 -std=gnu11 -g3 -DDEBUG -DUSE_HAL_DRIVER -DSTM32F103x6 -c -I../Core/Inc -I../Drivers/STM32F1xx_HAL_Driver/Inc/Legacy -I../Drivers/STM32F1xx_HAL_Driver/Inc -I../Drivers/CMSIS/Device/ST/STM32F1xx/Include -I../Drivers/CMSIS/Include -O0 -ffunction-sections -fdata-sections -Wall -fstack-usage -fcyclomatic-complexity -MMD -MP -MF"Core/Src/main.d" -MT"Core/Src/main.o" --specs=nano.specs -mfloat-abi=soft -mthumb -o "Core/Src/main.o"
arm-none-eabi-gcc -o "Lab2_NTLuan.elf" @"objects.list"   -mcpu=cortex-m3 -T"C:\Users\NguyenTienLuan\Desktop\fukmylife\micro\lab\lab2\Lab2_NTLuan\STM32F103C6UX_FLASH.ld" --specs=nosys.specs -Wl,-Map="Lab2_NTLuan.map" -Wl,--gc-sections -static --specs=nano.specs -mfloat-abi=soft -mthumb -Wl,--start-group -lc -lm -Wl,--end-group
Finished building target: Lab2_NTLuan.elf
 
arm-none-eabi-size  Lab2_NTLuan.elf 
arm-none-eabi-objdump -h -S Lab2_NTLuan.elf  > "Lab2_NTLuan.list"
arm-none-eabi-objcopy  -O ihex Lab2_NTLuan.elf  "Lab2_NTLuan.hex"
   text	   data	    bss	    dec	    hex	filename
   7200	     20	   1652	   8872	   22a8	Lab2_NTLuan.elf
arm-none-eabi-objcopy  -O binary Lab2_NTLuan.elf  "Lab2_NTLuan.bin"
Finished building: default.size.stdout
 
Finished building: Lab2_NTLuan.list
Finished building: Lab2_NTLuan.hex
Finished building: Lab2_NTLuan.bin
 
 
 
10:58:07 **** Incremental Build of configuration Debug for project Lab2_NTLuan ****
make -j8 all 
arm-none-eabi-gcc "../Core/Src/main.c" -mcpu=cortex-m3 -std=gnu11 -g3 -DDEBUG -DUSE_HAL_DRIVER -DSTM32F103x6 -c -I../Core/Inc -I../Drivers/STM32F1xx_HAL_Driver/Inc/Legacy -I../Drivers/STM32F1xx_HAL_Driver/Inc -I../Drivers/CMSIS/Device/ST/STM32F1xx/Include -I../Drivers/CMSIS/Include -O0 -ffunction-sections -fdata-sections -Wall -fstack-usage -fcyclomatic-complexity -MMD -MP -MF"Core/Src/main.d" -MT"Core/Src/main.o" --specs=nano.specs -mfloat-abi=soft -mthumb -o "Core/Src/main.o"
../Core/Src/main.c: In function 'main':
../Core/Src/main.c:117:75: error: 'SESET' undeclared (first use in this function); did you mean 'RESET'?
  117 |                                 HAL_GPIO_WritePin(EN1_GPIO_Port, EN1_Pin, SESET);
      |                                                                           ^~~~~
      |                                                                           RESET
../Core/Src/main.c:117:75: note: each undeclared identifier is reported only once for each function it appears in
make: *** [Core/Src/subdir.mk:37: Core/Src/main.o] Error 1
"make -j8 all" terminated with exit code 2. Build might be incomplete.
10:58:13 **** Incremental Build of configuration Debug for project Lab2_NTLuan ****
make -j8 all 
arm-none-eabi-gcc "../Core/Src/main.c" -mcpu=cortex-m3 -std=gnu11 -g3 -DDEBUG -DUSE_HAL_DRIVER -DSTM32F103x6 -c -I../Core/Inc -I../Drivers/STM32F1xx_HAL_Driver/Inc/Legacy -I../Drivers/STM32F1xx_HAL_Driver/Inc -I../Drivers/CMSIS/Device/ST/STM32F1xx/Include -I../Drivers/CMSIS/Include -O0 -ffunction-sections -fdata-sections -Wall -fstack-usage -fcyclomatic-complexity -MMD -MP -MF"Core/Src/main.d" -MT"Core/Src/main.o" --specs=nano.specs -mfloat-abi=soft -mthumb -o "Core/Src/main.o"
arm-none-eabi-gcc -o "Lab2_NTLuan.elf" @"objects.list"   -mcpu=cortex-m3 -T"C:\Users\NguyenTienLuan\Desktop\fukmylife\micro\lab\lab2\Lab2_NTLuan\STM32F103C6UX_FLASH.ld" --specs=nosys.specs -Wl,-Map="Lab2_NTLuan.map" -Wl,--gc-sections -static --specs=nano.specs -mfloat-abi=soft -mthumb -Wl,--start-group -lc -lm -Wl,--end-group
Finished building target: Lab2_NTLuan.elf
 
arm-none-eabi-size  Lab2_NTLuan.elf 
arm-none-eabi-objdump -h -S Lab2_NTLuan.elf  > "Lab2_NTLuan.list"
arm-none-eabi-objcopy  -O ihex Lab2_NTLuan.elf  "Lab2_NTLuan.hex"
   text	   data	    bss	    dec	    hex	filename
   7200	     20	   1652	   8872	   22a8	Lab2_NTLuan.elf
arm-none-eabi-objcopy  -O binary Lab2_NTLuan.elf  "Lab2_NTLuan.bin"
Finished building: default.size.stdout
 
Finished building: Lab2_NTLuan.list
Finished building: Lab2_NTLuan.hex
Finished building: Lab2_NTLuan.bin
 
 
 
10:58:39 **** Incremental Build of configuration Debug for project Lab2_NTLuan ****
make -j8 all 
arm-none-eabi-gcc "../Core/Src/main.c" -mcpu=cortex-m3 -std=gnu11 -g3 -DDEBUG -DUSE_HAL_DRIVER -DSTM32F103x6 -c -I../Core/Inc -I../Drivers/STM32F1xx_HAL_Driver/Inc/Legacy -I../Drivers/STM32F1xx_HAL_Driver/Inc -I../Drivers/CMSIS/Device/ST/STM32F1xx/Include -I../Drivers/CMSIS/Include -O0 -ffunction-sections -fdata-sections -Wall -fstack-usage -fcyclomatic-complexity -MMD -MP -MF"Core/Src/main.d" -MT"Core/Src/main.o" --specs=nano.specs -mfloat-abi=soft -mthumb -o "Core/Src/main.o"
arm-none-eabi-gcc -o "Lab2_NTLuan.elf" @"objects.list"   -mcpu=cortex-m3 -T"C:\Users\NguyenTienLuan\Desktop\fukmylife\micro\lab\lab2\Lab2_NTLuan\STM32F103C6UX_FLASH.ld" --specs=nosys.specs -Wl,-Map="Lab2_NTLuan.map" -Wl,--gc-sections -static --specs=nano.specs -mfloat-abi=soft -mthumb -Wl,--start-group -lc -lm -Wl,--end-group
Finished building target: Lab2_NTLuan.elf
 
arm-none-eabi-size  Lab2_NTLuan.elf 
arm-none-eabi-objdump -h -S Lab2_NTLuan.elf  > "Lab2_NTLuan.list"
arm-none-eabi-objcopy  -O ihex Lab2_NTLuan.elf  "Lab2_NTLuan.hex"
   text	   data	    bss	    dec	    hex	filename
   7200	     20	   1652	   8872	   22a8	Lab2_NTLuan.elf
arm-none-eabi-objcopy  -O binary Lab2_NTLuan.elf  "Lab2_NTLuan.bin"
Finished building: default.size.stdout
 
Finished building: Lab2_NTLuan.list
Finished building: Lab2_NTLuan.hex
Finished building: Lab2_NTLuan.bin
 
 
 
13:14:37 **** Incremental Build of configuration Debug for project Lab2_NTLuan ****
make -j8 all 
arm-none-eabi-gcc "../Core/Src/main.c" -mcpu=cortex-m3 -std=gnu11 -g3 -DDEBUG -DUSE_HAL_DRIVER -DSTM32F103x6 -c -I../Core/Inc -I../Drivers/STM32F1xx_HAL_Driver/Inc/Legacy -I../Drivers/STM32F1xx_HAL_Driver/Inc -I../Drivers/CMSIS/Device/ST/STM32F1xx/Include -I../Drivers/CMSIS/Include -O0 -ffunction-sections -fdata-sections -Wall -fstack-usage -fcyclomatic-complexity -MMD -MP -MF"Core/Src/main.d" -MT"Core/Src/main.o" --specs=nano.specs -mfloat-abi=soft -mthumb -o "Core/Src/main.o"
arm-none-eabi-gcc "../Core/Src/software_timer.c" -mcpu=cortex-m3 -std=gnu11 -g3 -DDEBUG -DUSE_HAL_DRIVER -DSTM32F103x6 -c -I../Core/Inc -I../Drivers/STM32F1xx_HAL_Driver/Inc/Legacy -I../Drivers/STM32F1xx_HAL_Driver/Inc -I../Drivers/CMSIS/Device/ST/STM32F1xx/Include -I../Drivers/CMSIS/Include -O0 -ffunction-sections -fdata-sections -Wall -fstack-usage -fcyclomatic-complexity -MMD -MP -MF"Core/Src/software_timer.d" -MT"Core/Src/software_timer.o" --specs=nano.specs -mfloat-abi=soft -mthumb -o "Core/Src/software_timer.o"
arm-none-eabi-gcc "../Core/Src/stm32f1xx_hal_msp.c" -mcpu=cortex-m3 -std=gnu11 -g3 -DDEBUG -DUSE_HAL_DRIVER -DSTM32F103x6 -c -I../Core/Inc -I../Drivers/STM32F1xx_HAL_Driver/Inc/Legacy -I../Drivers/STM32F1xx_HAL_Driver/Inc -I../Drivers/CMSIS/Device/ST/STM32F1xx/Include -I../Drivers/CMSIS/Include -O0 -ffunction-sections -fdata-sections -Wall -fstack-usage -fcyclomatic-complexity -MMD -MP -MF"Core/Src/stm32f1xx_hal_msp.d" -MT"Core/Src/stm32f1xx_hal_msp.o" --specs=nano.specs -mfloat-abi=soft -mthumb -o "Core/Src/stm32f1xx_hal_msp.o"
arm-none-eabi-gcc "../Core/Src/stm32f1xx_it.c" -mcpu=cortex-m3 -std=gnu11 -g3 -DDEBUG -DUSE_HAL_DRIVER -DSTM32F103x6 -c -I../Core/Inc -I../Drivers/STM32F1xx_HAL_Driver/Inc/Legacy -I../Drivers/STM32F1xx_HAL_Driver/Inc -I../Drivers/CMSIS/Device/ST/STM32F1xx/Include -I../Drivers/CMSIS/Include -O0 -ffunction-sections -fdata-sections -Wall -fstack-usage -fcyclomatic-complexity -MMD -MP -MF"Core/Src/stm32f1xx_it.d" -MT"Core/Src/stm32f1xx_it.o" --specs=nano.specs -mfloat-abi=soft -mthumb -o "Core/Src/stm32f1xx_it.o"
../Core/Src/main.c: In function 'main':
../Core/Src/main.c:98:9: warning: implicit declaration of function 'setTimer2'; did you mean 'setTimer1'? [-Wimplicit-function-declaration]
   98 |         setTimer2(100);
      |         ^~~~~~~~~
      |         setTimer1
../Core/Src/main.c:99:9: warning: implicit declaration of function 'setTimer3'; did you mean 'setTimer1'? [-Wimplicit-function-declaration]
   99 |         setTimer3(100);
      |         ^~~~~~~~~
      |         setTimer1
../Core/Src/main.c:108:25: warning: implicit declaration of function 'HAL_GPIO_Toggle'; did you mean 'HAL_GPIO_TogglePin'? [-Wimplicit-function-declaration]
  108 |                         HAL_GPIO_Toggle(LED_RED_GPIO_Port, LED_RED_Pin);
      |                         ^~~~~~~~~~~~~~~
      |                         HAL_GPIO_TogglePin
../Core/Src/main.c:112:21: error: 'timer2_flag' undeclared (first use in this function); did you mean 'timer1_flag'?
  112 |                 if (timer2_flag == 1) {
      |                     ^~~~~~~~~~~
      |                     timer1_flag
../Core/Src/main.c:112:21: note: each undeclared identifier is reported only once for each function it appears in
../Core/Src/main.c:113:33: error: 'number_status' undeclared (first use in this function); did you mean 'number_status4'?
  113 |                         switch (number_status) {
      |                                 ^~~~~~~~~~~~~
      |                                 number_status4
../Core/Src/main.c:120:21: error: 'timer3_flag' undeclared (first use in this function); did you mean 'timer1_flag'?
  120 |                 if (timer3_flag == 1) {
      |                     ^~~~~~~~~~~
      |                     timer1_flag
../Core/Src/main.c:103:13: warning: unused variable 'number_status4' [-Wunused-variable]
  103 |         int number_status4 = 0;
      |             ^~~~~~~~~~~~~~
../Core/Src/main.c:102:13: warning: unused variable 'number_status3' [-Wunused-variable]
  102 |         int number_status3 = 0;
      |             ^~~~~~~~~~~~~~
../Core/Src/main.c:101:13: warning: unused variable 'number_status2' [-Wunused-variable]
  101 |         int number_status2 = 0;
      |             ^~~~~~~~~~~~~~
../Core/Src/main.c:100:13: warning: unused variable 'number_status1' [-Wunused-variable]
  100 |         int number_status1 = 0;
      |             ^~~~~~~~~~~~~~
make: *** [Core/Src/subdir.mk:37: Core/Src/main.o] Error 1
make: *** Waiting for unfinished jobs....
"make -j8 all" terminated with exit code 2. Build might be incomplete.
13:14:52 **** Incremental Build of configuration Debug for project Lab2_NTLuan ****
make -j8 all 
arm-none-eabi-gcc "../Core/Src/main.c" -mcpu=cortex-m3 -std=gnu11 -g3 -DDEBUG -DUSE_HAL_DRIVER -DSTM32F103x6 -c -I../Core/Inc -I../Drivers/STM32F1xx_HAL_Driver/Inc/Legacy -I../Drivers/STM32F1xx_HAL_Driver/Inc -I../Drivers/CMSIS/Device/ST/STM32F1xx/Include -I../Drivers/CMSIS/Include -O0 -ffunction-sections -fdata-sections -Wall -fstack-usage -fcyclomatic-complexity -MMD -MP -MF"Core/Src/main.d" -MT"Core/Src/main.o" --specs=nano.specs -mfloat-abi=soft -mthumb -o "Core/Src/main.o"
../Core/Src/main.c: In function 'main':
../Core/Src/main.c:98:9: warning: implicit declaration of function 'setTimer2'; did you mean 'setTimer1'? [-Wimplicit-function-declaration]
   98 |         setTimer2(100);
      |         ^~~~~~~~~
      |         setTimer1
../Core/Src/main.c:99:9: warning: implicit declaration of function 'setTimer3'; did you mean 'setTimer1'? [-Wimplicit-function-declaration]
   99 |         setTimer3(100);
      |         ^~~~~~~~~
      |         setTimer1
../Core/Src/main.c:108:25: warning: implicit declaration of function 'HAL_GPIO_Toggle'; did you mean 'HAL_GPIO_TogglePin'? [-Wimplicit-function-declaration]
  108 |                         HAL_GPIO_Toggle(LED_RED_GPIO_Port, LED_RED_Pin);
      |                         ^~~~~~~~~~~~~~~
      |                         HAL_GPIO_TogglePin
../Core/Src/main.c:103:13: warning: unused variable 'number_status4' [-Wunused-variable]
  103 |         int number_status4 = 0;
      |             ^~~~~~~~~~~~~~
../Core/Src/main.c:102:13: warning: unused variable 'number_status3' [-Wunused-variable]
  102 |         int number_status3 = 0;
      |             ^~~~~~~~~~~~~~
../Core/Src/main.c:101:13: warning: unused variable 'number_status2' [-Wunused-variable]
  101 |         int number_status2 = 0;
      |             ^~~~~~~~~~~~~~
../Core/Src/main.c:100:13: warning: unused variable 'number_status1' [-Wunused-variable]
  100 |         int number_status1 = 0;
      |             ^~~~~~~~~~~~~~
arm-none-eabi-gcc -o "Lab2_NTLuan.elf" @"objects.list"   -mcpu=cortex-m3 -T"C:\Users\NguyenTienLuan\Desktop\fukmylife\micro\lab\lab2\Lab2_NTLuan\STM32F103C6UX_FLASH.ld" --specs=nosys.specs -Wl,-Map="Lab2_NTLuan.map" -Wl,--gc-sections -static --specs=nano.specs -mfloat-abi=soft -mthumb -Wl,--start-group -lc -lm -Wl,--end-group
C:/ST/STM32CubeIDE_1.14.1/STM32CubeIDE/plugins/com.st.stm32cube.ide.mcu.externaltools.gnu-tools-for-stm32.11.3.rel1.win32_1.1.100.202309141235/tools/bin/../lib/gcc/arm-none-eabi/11.3.1/../../../../arm-none-eabi/bin/ld.exe: ./Core/Src/main.o: in function `main':
C:/Users/NguyenTienLuan/Desktop/fukmylife/micro/lab/lab2/Lab2_NTLuan/Debug/../Core/Src/main.c:108: undefined reference to `HAL_GPIO_Toggle'
C:/ST/STM32CubeIDE_1.14.1/STM32CubeIDE/plugins/com.st.stm32cube.ide.mcu.externaltools.gnu-tools-for-stm32.11.3.rel1.win32_1.1.100.202309141235/tools/bin/../lib/gcc/arm-none-eabi/11.3.1/../../../../arm-none-eabi/bin/ld.exe: C:/Users/NguyenTienLuan/Desktop/fukmylife/micro/lab/lab2/Lab2_NTLuan/Debug/../Core/Src/main.c:109: undefined reference to `HAL_GPIO_Toggle'
collect2.exe: error: ld returned 1 exit status
make: *** [makefile:70: Lab2_NTLuan.elf] Error 1
"make -j8 all" terminated with exit code 2. Build might be incomplete.
13:15:34 **** Incremental Build of configuration Debug for project Lab2_NTLuan ****
make -j8 all 
arm-none-eabi-gcc "../Core/Src/main.c" -mcpu=cortex-m3 -std=gnu11 -g3 -DDEBUG -DUSE_HAL_DRIVER -DSTM32F103x6 -c -I../Core/Inc -I../Drivers/STM32F1xx_HAL_Driver/Inc/Legacy -I../Drivers/STM32F1xx_HAL_Driver/Inc -I../Drivers/CMSIS/Device/ST/STM32F1xx/Include -I../Drivers/CMSIS/Include -O0 -ffunction-sections -fdata-sections -Wall -fstack-usage -fcyclomatic-complexity -MMD -MP -MF"Core/Src/main.d" -MT"Core/Src/main.o" --specs=nano.specs -mfloat-abi=soft -mthumb -o "Core/Src/main.o"
../Core/Src/main.c: In function 'main':
../Core/Src/main.c:98:9: warning: implicit declaration of function 'setTimer2'; did you mean 'setTimer1'? [-Wimplicit-function-declaration]
   98 |         setTimer2(100);
      |         ^~~~~~~~~
      |         setTimer1
../Core/Src/main.c:99:9: warning: implicit declaration of function 'setTimer3'; did you mean 'setTimer1'? [-Wimplicit-function-declaration]
   99 |         setTimer3(100);
      |         ^~~~~~~~~
      |         setTimer1
../Core/Src/main.c:108:25: warning: implicit declaration of function 'HAL_GPIO_Toogle'; did you mean 'HAL_GPIO_TogglePin'? [-Wimplicit-function-declaration]
  108 |                         HAL_GPIO_Toogle(LED_RED_GPIO_Port, LED_RED_Pin);
      |                         ^~~~~~~~~~~~~~~
      |                         HAL_GPIO_TogglePin
../Core/Src/main.c:109:25: warning: implicit declaration of function 'HAL_GPIO_Toggle'; did you mean 'HAL_GPIO_TogglePin'? [-Wimplicit-function-declaration]
  109 |                         HAL_GPIO_Toggle(DOT_GPIO_Port, DOT_Pin);
      |                         ^~~~~~~~~~~~~~~
      |                         HAL_GPIO_TogglePin
../Core/Src/main.c:103:13: warning: unused variable 'number_status4' [-Wunused-variable]
  103 |         int number_status4 = 0;
      |             ^~~~~~~~~~~~~~
../Core/Src/main.c:102:13: warning: unused variable 'number_status3' [-Wunused-variable]
  102 |         int number_status3 = 0;
      |             ^~~~~~~~~~~~~~
../Core/Src/main.c:101:13: warning: unused variable 'number_status2' [-Wunused-variable]
  101 |         int number_status2 = 0;
      |             ^~~~~~~~~~~~~~
../Core/Src/main.c:100:13: warning: unused variable 'number_status1' [-Wunused-variable]
  100 |         int number_status1 = 0;
      |             ^~~~~~~~~~~~~~
arm-none-eabi-gcc -o "Lab2_NTLuan.elf" @"objects.list"   -mcpu=cortex-m3 -T"C:\Users\NguyenTienLuan\Desktop\fukmylife\micro\lab\lab2\Lab2_NTLuan\STM32F103C6UX_FLASH.ld" --specs=nosys.specs -Wl,-Map="Lab2_NTLuan.map" -Wl,--gc-sections -static --specs=nano.specs -mfloat-abi=soft -mthumb -Wl,--start-group -lc -lm -Wl,--end-group
C:/ST/STM32CubeIDE_1.14.1/STM32CubeIDE/plugins/com.st.stm32cube.ide.mcu.externaltools.gnu-tools-for-stm32.11.3.rel1.win32_1.1.100.202309141235/tools/bin/../lib/gcc/arm-none-eabi/11.3.1/../../../../arm-none-eabi/bin/ld.exe: ./Core/Src/main.o: in function `main':
C:/Users/NguyenTienLuan/Desktop/fukmylife/micro/lab/lab2/Lab2_NTLuan/Debug/../Core/Src/main.c:108: undefined reference to `HAL_GPIO_Toogle'
C:/ST/STM32CubeIDE_1.14.1/STM32CubeIDE/plugins/com.st.stm32cube.ide.mcu.externaltools.gnu-tools-for-stm32.11.3.rel1.win32_1.1.100.202309141235/tools/bin/../lib/gcc/arm-none-eabi/11.3.1/../../../../arm-none-eabi/bin/ld.exe: C:/Users/NguyenTienLuan/Desktop/fukmylife/micro/lab/lab2/Lab2_NTLuan/Debug/../Core/Src/main.c:109: undefined reference to `HAL_GPIO_Toggle'
collect2.exe: error: ld returned 1 exit status
make: *** [makefile:70: Lab2_NTLuan.elf] Error 1
"make -j8 all" terminated with exit code 2. Build might be incomplete.
13:15:51 **** Incremental Build of configuration Debug for project Lab2_NTLuan ****
make -j8 all 
arm-none-eabi-gcc "../Core/Src/main.c" -mcpu=cortex-m3 -std=gnu11 -g3 -DDEBUG -DUSE_HAL_DRIVER -DSTM32F103x6 -c -I../Core/Inc -I../Drivers/STM32F1xx_HAL_Driver/Inc/Legacy -I../Drivers/STM32F1xx_HAL_Driver/Inc -I../Drivers/CMSIS/Device/ST/STM32F1xx/Include -I../Drivers/CMSIS/Include -O0 -ffunction-sections -fdata-sections -Wall -fstack-usage -fcyclomatic-complexity -MMD -MP -MF"Core/Src/main.d" -MT"Core/Src/main.o" --specs=nano.specs -mfloat-abi=soft -mthumb -o "Core/Src/main.o"
../Core/Src/main.c: In function 'main':
../Core/Src/main.c:98:9: warning: implicit declaration of function 'setTimer2'; did you mean 'setTimer1'? [-Wimplicit-function-declaration]
   98 |         setTimer2(100);
      |         ^~~~~~~~~
      |         setTimer1
../Core/Src/main.c:99:9: warning: implicit declaration of function 'setTimer3'; did you mean 'setTimer1'? [-Wimplicit-function-declaration]
   99 |         setTimer3(100);
      |         ^~~~~~~~~
      |         setTimer1
../Core/Src/main.c:108:25: warning: implicit declaration of function 'HAL_GPIO_Toggle'; did you mean 'HAL_GPIO_TogglePin'? [-Wimplicit-function-declaration]
  108 |                         HAL_GPIO_Toggle(LED_RED_GPIO_Port, LED_RED_Pin);
      |                         ^~~~~~~~~~~~~~~
      |                         HAL_GPIO_TogglePin
../Core/Src/main.c:103:13: warning: unused variable 'number_status4' [-Wunused-variable]
  103 |         int number_status4 = 0;
      |             ^~~~~~~~~~~~~~
../Core/Src/main.c:102:13: warning: unused variable 'number_status3' [-Wunused-variable]
  102 |         int number_status3 = 0;
      |             ^~~~~~~~~~~~~~
../Core/Src/main.c:101:13: warning: unused variable 'number_status2' [-Wunused-variable]
  101 |         int number_status2 = 0;
      |             ^~~~~~~~~~~~~~
../Core/Src/main.c:100:13: warning: unused variable 'number_status1' [-Wunused-variable]
  100 |         int number_status1 = 0;
      |             ^~~~~~~~~~~~~~
arm-none-eabi-gcc -o "Lab2_NTLuan.elf" @"objects.list"   -mcpu=cortex-m3 -T"C:\Users\NguyenTienLuan\Desktop\fukmylife\micro\lab\lab2\Lab2_NTLuan\STM32F103C6UX_FLASH.ld" --specs=nosys.specs -Wl,-Map="Lab2_NTLuan.map" -Wl,--gc-sections -static --specs=nano.specs -mfloat-abi=soft -mthumb -Wl,--start-group -lc -lm -Wl,--end-group
C:/ST/STM32CubeIDE_1.14.1/STM32CubeIDE/plugins/com.st.stm32cube.ide.mcu.externaltools.gnu-tools-for-stm32.11.3.rel1.win32_1.1.100.202309141235/tools/bin/../lib/gcc/arm-none-eabi/11.3.1/../../../../arm-none-eabi/bin/ld.exe: ./Core/Src/main.o: in function `main':
C:/Users/NguyenTienLuan/Desktop/fukmylife/micro/lab/lab2/Lab2_NTLuan/Debug/../Core/Src/main.c:108: undefined reference to `HAL_GPIO_Toggle'
C:/ST/STM32CubeIDE_1.14.1/STM32CubeIDE/plugins/com.st.stm32cube.ide.mcu.externaltools.gnu-tools-for-stm32.11.3.rel1.win32_1.1.100.202309141235/tools/bin/../lib/gcc/arm-none-eabi/11.3.1/../../../../arm-none-eabi/bin/ld.exe: C:/Users/NguyenTienLuan/Desktop/fukmylife/micro/lab/lab2/Lab2_NTLuan/Debug/../Core/Src/main.c:109: undefined reference to `HAL_GPIO_Toggle'
collect2.exe: error: ld returned 1 exit status
make: *** [makefile:70: Lab2_NTLuan.elf] Error 1
"make -j8 all" terminated with exit code 2. Build might be incomplete.
13:19:01 **** Incremental Build of configuration Debug for project Lab2_NTLuan ****
make -j8 all 
arm-none-eabi-gcc "../Core/Src/main.c" -mcpu=cortex-m3 -std=gnu11 -g3 -DDEBUG -DUSE_HAL_DRIVER -DSTM32F103x6 -c -I../Core/Inc -I../Drivers/STM32F1xx_HAL_Driver/Inc/Legacy -I../Drivers/STM32F1xx_HAL_Driver/Inc -I../Drivers/CMSIS/Device/ST/STM32F1xx/Include -I../Drivers/CMSIS/Include -O0 -ffunction-sections -fdata-sections -Wall -fstack-usage -fcyclomatic-complexity -MMD -MP -MF"Core/Src/main.d" -MT"Core/Src/main.o" --specs=nano.specs -mfloat-abi=soft -mthumb -o "Core/Src/main.o"
../Core/Src/main.c: In function 'main':
../Core/Src/main.c:98:9: warning: implicit declaration of function 'setTimer2'; did you mean 'setTimer1'? [-Wimplicit-function-declaration]
   98 |         setTimer2(100);
      |         ^~~~~~~~~
      |         setTimer1
../Core/Src/main.c:99:9: warning: implicit declaration of function 'setTimer3'; did you mean 'setTimer1'? [-Wimplicit-function-declaration]
   99 |         setTimer3(100);
      |         ^~~~~~~~~
      |         setTimer1
../Core/Src/main.c:103:13: warning: unused variable 'number_status4' [-Wunused-variable]
  103 |         int number_status4 = 0;
      |             ^~~~~~~~~~~~~~
../Core/Src/main.c:102:13: warning: unused variable 'number_status3' [-Wunused-variable]
  102 |         int number_status3 = 0;
      |             ^~~~~~~~~~~~~~
../Core/Src/main.c:101:13: warning: unused variable 'number_status2' [-Wunused-variable]
  101 |         int number_status2 = 0;
      |             ^~~~~~~~~~~~~~
../Core/Src/main.c:100:13: warning: unused variable 'number_status1' [-Wunused-variable]
  100 |         int number_status1 = 0;
      |             ^~~~~~~~~~~~~~
arm-none-eabi-gcc -o "Lab2_NTLuan.elf" @"objects.list"   -mcpu=cortex-m3 -T"C:\Users\NguyenTienLuan\Desktop\fukmylife\micro\lab\lab2\Lab2_NTLuan\STM32F103C6UX_FLASH.ld" --specs=nosys.specs -Wl,-Map="Lab2_NTLuan.map" -Wl,--gc-sections -static --specs=nano.specs -mfloat-abi=soft -mthumb -Wl,--start-group -lc -lm -Wl,--end-group
Finished building target: Lab2_NTLuan.elf
 
arm-none-eabi-size  Lab2_NTLuan.elf 
arm-none-eabi-objdump -h -S Lab2_NTLuan.elf  > "Lab2_NTLuan.list"
arm-none-eabi-objcopy  -O ihex Lab2_NTLuan.elf  "Lab2_NTLuan.hex"
arm-none-eabi-objcopy  -O binary Lab2_NTLuan.elf  "Lab2_NTLuan.bin"
   text	   data	    bss	    dec	    hex	filename
   7248	     20	   1668	   8936	   22e8	Lab2_NTLuan.elf
Finished building: default.size.stdout
 
Finished building: Lab2_NTLuan.list
Finished building: Lab2_NTLuan.hex
Finished building: Lab2_NTLuan.bin
 
 
 
13:23:16 **** Incremental Build of configuration Debug for project Lab2_NTLuan ****
make -j8 all 
arm-none-eabi-gcc "../Core/Src/main.c" -mcpu=cortex-m3 -std=gnu11 -g3 -DDEBUG -DUSE_HAL_DRIVER -DSTM32F103x6 -c -I../Core/Inc -I../Drivers/STM32F1xx_HAL_Driver/Inc/Legacy -I../Drivers/STM32F1xx_HAL_Driver/Inc -I../Drivers/CMSIS/Device/ST/STM32F1xx/Include -I../Drivers/CMSIS/Include -O0 -ffunction-sections -fdata-sections -Wall -fstack-usage -fcyclomatic-complexity -MMD -MP -MF"Core/Src/main.d" -MT"Core/Src/main.o" --specs=nano.specs -mfloat-abi=soft -mthumb -o "Core/Src/main.o"
../Core/Src/main.c: In function 'main':
../Core/Src/main.c:97:9: warning: implicit declaration of function 'setTimer2'; did you mean 'setTimer1'? [-Wimplicit-function-declaration]
   97 |         setTimer2(100);
      |         ^~~~~~~~~
      |         setTimer1
../Core/Src/main.c:98:9: warning: implicit declaration of function 'setTimer3'; did you mean 'setTimer1'? [-Wimplicit-function-declaration]
   98 |         setTimer3(100);
      |         ^~~~~~~~~
      |         setTimer1
../Core/Src/main.c:109:21: error: 'timer2_flag' undeclared (first use in this function); did you mean 'timer1_flag'?
  109 |                 if (timer2_flag == 1) {
      |                     ^~~~~~~~~~~
      |                     timer1_flag
../Core/Src/main.c:109:21: note: each undeclared identifier is reported only once for each function it appears in
../Core/Src/main.c:112:51: error: 'NE2_GPIO_Port' undeclared (first use in this function); did you mean 'EN2_GPIO_Port'?
  112 |                                 HAL_GPIO_WritePin(NE2_GPIO_Port, NE2_Pin, RESET);
      |                                                   ^~~~~~~~~~~~~
      |                                                   EN2_GPIO_Port
../Core/Src/main.c:112:66: error: 'NE2_Pin' undeclared (first use in this function); did you mean 'EN2_Pin'?
  112 |                                 HAL_GPIO_WritePin(NE2_GPIO_Port, NE2_Pin, RESET);
      |                                                                  ^~~~~~~
      |                                                                  EN2_Pin
../Core/Src/main.c:113:51: error: 'NE3_GPIO_Port' undeclared (first use in this function); did you mean 'EN3_GPIO_Port'?
  113 |                                 HAL_GPIO_WritePin(NE3_GPIO_Port, NE3_Pin, SET);
      |                                                   ^~~~~~~~~~~~~
      |                                                   EN3_GPIO_Port
../Core/Src/main.c:113:66: error: 'NE3_Pin' undeclared (first use in this function); did you mean 'EN3_Pin'?
  113 |                                 HAL_GPIO_WritePin(NE3_GPIO_Port, NE3_Pin, SET);
      |                                                                  ^~~~~~~
      |                                                                  EN3_Pin
make: *** [Core/Src/subdir.mk:37: Core/Src/main.o] Error 1
"make -j8 all" terminated with exit code 2. Build might be incomplete.
13:24:03 **** Incremental Build of configuration Debug for project Lab2_NTLuan ****
make -j8 all 
arm-none-eabi-gcc "../Core/Src/main.c" -mcpu=cortex-m3 -std=gnu11 -g3 -DDEBUG -DUSE_HAL_DRIVER -DSTM32F103x6 -c -I../Core/Inc -I../Drivers/STM32F1xx_HAL_Driver/Inc/Legacy -I../Drivers/STM32F1xx_HAL_Driver/Inc -I../Drivers/CMSIS/Device/ST/STM32F1xx/Include -I../Drivers/CMSIS/Include -O0 -ffunction-sections -fdata-sections -Wall -fstack-usage -fcyclomatic-complexity -MMD -MP -MF"Core/Src/main.d" -MT"Core/Src/main.o" --specs=nano.specs -mfloat-abi=soft -mthumb -o "Core/Src/main.o"
../Core/Src/main.c: In function 'main':
../Core/Src/main.c:97:9: warning: implicit declaration of function 'setTimer2'; did you mean 'setTimer1'? [-Wimplicit-function-declaration]
   97 |         setTimer2(100);
      |         ^~~~~~~~~
      |         setTimer1
../Core/Src/main.c:98:9: warning: implicit declaration of function 'setTimer3'; did you mean 'setTimer1'? [-Wimplicit-function-declaration]
   98 |         setTimer3(100);
      |         ^~~~~~~~~
      |         setTimer1
../Core/Src/main.c:109:21: error: 'timer2_flag' undeclared (first use in this function); did you mean 'timer1_flag'?
  109 |                 if (timer2_flag == 1) {
      |                     ^~~~~~~~~~~
      |                     timer1_flag
../Core/Src/main.c:109:21: note: each undeclared identifier is reported only once for each function it appears in
../Core/Src/main.c:123:51: error: 'NE2_GPIO_Port' undeclared (first use in this function); did you mean 'EN2_GPIO_Port'?
  123 |                                 HAL_GPIO_WritePin(NE2_GPIO_Port, NE2_Pin, SET);
      |                                                   ^~~~~~~~~~~~~
      |                                                   EN2_GPIO_Port
../Core/Src/main.c:123:66: error: 'NE2_Pin' undeclared (first use in this function); did you mean 'EN2_Pin'?
  123 |                                 HAL_GPIO_WritePin(NE2_GPIO_Port, NE2_Pin, SET);
      |                                                                  ^~~~~~~
      |                                                                  EN2_Pin
../Core/Src/main.c:124:51: error: 'NE3_GPIO_Port' undeclared (first use in this function); did you mean 'EN3_GPIO_Port'?
  124 |                                 HAL_GPIO_WritePin(NE3_GPIO_Port, NE3_Pin, RESET);
      |                                                   ^~~~~~~~~~~~~
      |                                                   EN3_GPIO_Port
../Core/Src/main.c:124:66: error: 'NE3_Pin' undeclared (first use in this function); did you mean 'EN3_Pin'?
  124 |                                 HAL_GPIO_WritePin(NE3_GPIO_Port, NE3_Pin, RESET);
      |                                                                  ^~~~~~~
      |                                                                  EN3_Pin
make: *** [Core/Src/subdir.mk:37: Core/Src/main.o] Error 1
"make -j8 all" terminated with exit code 2. Build might be incomplete.
13:24:33 **** Incremental Build of configuration Debug for project Lab2_NTLuan ****
make -j8 all 
arm-none-eabi-gcc "../Core/Src/main.c" -mcpu=cortex-m3 -std=gnu11 -g3 -DDEBUG -DUSE_HAL_DRIVER -DSTM32F103x6 -c -I../Core/Inc -I../Drivers/STM32F1xx_HAL_Driver/Inc/Legacy -I../Drivers/STM32F1xx_HAL_Driver/Inc -I../Drivers/CMSIS/Device/ST/STM32F1xx/Include -I../Drivers/CMSIS/Include -O0 -ffunction-sections -fdata-sections -Wall -fstack-usage -fcyclomatic-complexity -MMD -MP -MF"Core/Src/main.d" -MT"Core/Src/main.o" --specs=nano.specs -mfloat-abi=soft -mthumb -o "Core/Src/main.o"
../Core/Src/main.c: In function 'main':
../Core/Src/main.c:97:9: warning: implicit declaration of function 'setTimer2'; did you mean 'setTimer1'? [-Wimplicit-function-declaration]
   97 |         setTimer2(100);
      |         ^~~~~~~~~
      |         setTimer1
../Core/Src/main.c:98:9: warning: implicit declaration of function 'setTimer3'; did you mean 'setTimer1'? [-Wimplicit-function-declaration]
   98 |         setTimer3(100);
      |         ^~~~~~~~~
      |         setTimer1
../Core/Src/main.c:109:21: error: 'timer2_flag' undeclared (first use in this function); did you mean 'timer1_flag'?
  109 |                 if (timer2_flag == 1) {
      |                     ^~~~~~~~~~~
      |                     timer1_flag
../Core/Src/main.c:109:21: note: each undeclared identifier is reported only once for each function it appears in
make: *** [Core/Src/subdir.mk:37: Core/Src/main.o] Error 1
"make -j8 all" terminated with exit code 2. Build might be incomplete.
13:25:43 **** Incremental Build of configuration Debug for project Lab2_NTLuan ****
make -j8 all 
arm-none-eabi-gcc "../Core/Src/main.c" -mcpu=cortex-m3 -std=gnu11 -g3 -DDEBUG -DUSE_HAL_DRIVER -DSTM32F103x6 -c -I../Core/Inc -I../Drivers/STM32F1xx_HAL_Driver/Inc/Legacy -I../Drivers/STM32F1xx_HAL_Driver/Inc -I../Drivers/CMSIS/Device/ST/STM32F1xx/Include -I../Drivers/CMSIS/Include -O0 -ffunction-sections -fdata-sections -Wall -fstack-usage -fcyclomatic-complexity -MMD -MP -MF"Core/Src/main.d" -MT"Core/Src/main.o" --specs=nano.specs -mfloat-abi=soft -mthumb -o "Core/Src/main.o"
../Core/Src/main.c: In function 'main':
../Core/Src/main.c:97:9: warning: implicit declaration of function 'setTimer2'; did you mean 'setTimer1'? [-Wimplicit-function-declaration]
   97 |         setTimer2(100);
      |         ^~~~~~~~~
      |         setTimer1
../Core/Src/main.c:98:9: warning: implicit declaration of function 'setTimer3'; did you mean 'setTimer1'? [-Wimplicit-function-declaration]
   98 |         setTimer3(100);
      |         ^~~~~~~~~
      |         setTimer1
../Core/Src/main.c:109:21: error: 'timer2_flag' undeclared (first use in this function); did you mean 'timer1_flag'?
  109 |                 if (timer2_flag == 1) {
      |                     ^~~~~~~~~~~
      |                     timer1_flag
../Core/Src/main.c:109:21: note: each undeclared identifier is reported only once for each function it appears in
make: *** [Core/Src/subdir.mk:37: Core/Src/main.o] Error 1
"make -j8 all" terminated with exit code 2. Build might be incomplete.
13:26:51 **** Incremental Build of configuration Debug for project Lab2_NTLuan ****
make -j8 all 
arm-none-eabi-gcc "../Core/Src/main.c" -mcpu=cortex-m3 -std=gnu11 -g3 -DDEBUG -DUSE_HAL_DRIVER -DSTM32F103x6 -c -I../Core/Inc -I../Drivers/STM32F1xx_HAL_Driver/Inc/Legacy -I../Drivers/STM32F1xx_HAL_Driver/Inc -I../Drivers/CMSIS/Device/ST/STM32F1xx/Include -I../Drivers/CMSIS/Include -O0 -ffunction-sections -fdata-sections -Wall -fstack-usage -fcyclomatic-complexity -MMD -MP -MF"Core/Src/main.d" -MT"Core/Src/main.o" --specs=nano.specs -mfloat-abi=soft -mthumb -o "Core/Src/main.o"
arm-none-eabi-gcc "../Core/Src/software_timer.c" -mcpu=cortex-m3 -std=gnu11 -g3 -DDEBUG -DUSE_HAL_DRIVER -DSTM32F103x6 -c -I../Core/Inc -I../Drivers/STM32F1xx_HAL_Driver/Inc/Legacy -I../Drivers/STM32F1xx_HAL_Driver/Inc -I../Drivers/CMSIS/Device/ST/STM32F1xx/Include -I../Drivers/CMSIS/Include -O0 -ffunction-sections -fdata-sections -Wall -fstack-usage -fcyclomatic-complexity -MMD -MP -MF"Core/Src/software_timer.d" -MT"Core/Src/software_timer.o" --specs=nano.specs -mfloat-abi=soft -mthumb -o "Core/Src/software_timer.o"
../Core/Src/main.c: In function 'main':
../Core/Src/main.c:98:9: warning: implicit declaration of function 'setTimer3'; did you mean 'setTimer2'? [-Wimplicit-function-declaration]
   98 |         setTimer3(100);
      |         ^~~~~~~~~
      |         setTimer2
../Core/Src/main.c:109:21: error: 'timer2_flag' undeclared (first use in this function); did you mean 'timer1_flag'?
  109 |                 if (timer2_flag == 1) {
      |                     ^~~~~~~~~~~
      |                     timer1_flag
../Core/Src/main.c:109:21: note: each undeclared identifier is reported only once for each function it appears in
make: *** [Core/Src/subdir.mk:37: Core/Src/main.o] Error 1
make: *** Waiting for unfinished jobs....
"make -j8 all" terminated with exit code 2. Build might be incomplete.
13:27:23 **** Incremental Build of configuration Debug for project Lab2_NTLuan ****
make -j8 all 
arm-none-eabi-gcc "../Core/Src/main.c" -mcpu=cortex-m3 -std=gnu11 -g3 -DDEBUG -DUSE_HAL_DRIVER -DSTM32F103x6 -c -I../Core/Inc -I../Drivers/STM32F1xx_HAL_Driver/Inc/Legacy -I../Drivers/STM32F1xx_HAL_Driver/Inc -I../Drivers/CMSIS/Device/ST/STM32F1xx/Include -I../Drivers/CMSIS/Include -O0 -ffunction-sections -fdata-sections -Wall -fstack-usage -fcyclomatic-complexity -MMD -MP -MF"Core/Src/main.d" -MT"Core/Src/main.o" --specs=nano.specs -mfloat-abi=soft -mthumb -o "Core/Src/main.o"
../Core/Src/main.c: In function 'main':
../Core/Src/main.c:108:21: error: 'timer2_flag' undeclared (first use in this function); did you mean 'timer1_flag'?
  108 |                 if (timer2_flag == 1) {
      |                     ^~~~~~~~~~~
      |                     timer1_flag
../Core/Src/main.c:108:21: note: each undeclared identifier is reported only once for each function it appears in
make: *** [Core/Src/subdir.mk:37: Core/Src/main.o] Error 1
"make -j8 all" terminated with exit code 2. Build might be incomplete.
13:29:47 **** Incremental Build of configuration Debug for project Lab2_NTLuan ****
make -j8 all 
arm-none-eabi-gcc "../Core/Src/main.c" -mcpu=cortex-m3 -std=gnu11 -g3 -DDEBUG -DUSE_HAL_DRIVER -DSTM32F103x6 -c -I../Core/Inc -I../Drivers/STM32F1xx_HAL_Driver/Inc/Legacy -I../Drivers/STM32F1xx_HAL_Driver/Inc -I../Drivers/CMSIS/Device/ST/STM32F1xx/Include -I../Drivers/CMSIS/Include -O0 -ffunction-sections -fdata-sections -Wall -fstack-usage -fcyclomatic-complexity -MMD -MP -MF"Core/Src/main.d" -MT"Core/Src/main.o" --specs=nano.specs -mfloat-abi=soft -mthumb -o "Core/Src/main.o"
arm-none-eabi-gcc "../Core/Src/software_timer.c" -mcpu=cortex-m3 -std=gnu11 -g3 -DDEBUG -DUSE_HAL_DRIVER -DSTM32F103x6 -c -I../Core/Inc -I../Drivers/STM32F1xx_HAL_Driver/Inc/Legacy -I../Drivers/STM32F1xx_HAL_Driver/Inc -I../Drivers/CMSIS/Device/ST/STM32F1xx/Include -I../Drivers/CMSIS/Include -O0 -ffunction-sections -fdata-sections -Wall -fstack-usage -fcyclomatic-complexity -MMD -MP -MF"Core/Src/software_timer.d" -MT"Core/Src/software_timer.o" --specs=nano.specs -mfloat-abi=soft -mthumb -o "Core/Src/software_timer.o"
In file included from ../Core/Src/software_timer.c:8:
../Core/Inc/software_timer.h:16:1: error: unknown type name 'vodi'; did you mean 'void'?
   16 | vodi timerRun2();
      | ^~~~
      | void
../Core/Src/software_timer.c:41:6: error: conflicting types for 'timerRun2'; have 'void()'
   41 | void timerRun2(){
      |      ^~~~~~~~~
In file included from ../Core/Src/software_timer.c:8:
../Core/Inc/software_timer.h:16:6: note: previous declaration of 'timerRun2' with type 'int()'
   16 | vodi timerRun2();
      |      ^~~~~~~~~
make: *** [Core/Src/subdir.mk:37: Core/Src/software_timer.o] Error 1
make: *** Waiting for unfinished jobs....
In file included from ../Core/Src/main.c:24:
../Core/Inc/software_timer.h:16:1: error: unknown type name 'vodi'; did you mean 'void'?
   16 | vodi timerRun2();
      | ^~~~
      | void
../Core/Src/main.c: In function 'main':
../Core/Src/main.c:108:21: error: 'timer2_flag' undeclared (first use in this function); did you mean 'timer1_flag'?
  108 |                 if (timer2_flag == 1) {
      |                     ^~~~~~~~~~~
      |                     timer1_flag
../Core/Src/main.c:108:21: note: each undeclared identifier is reported only once for each function it appears in
make: *** [Core/Src/subdir.mk:37: Core/Src/main.o] Error 1
"make -j8 all" terminated with exit code 2. Build might be incomplete.
13:29:57 **** Incremental Build of configuration Debug for project Lab2_NTLuan ****
make -j8 all 
arm-none-eabi-gcc "../Core/Src/main.c" -mcpu=cortex-m3 -std=gnu11 -g3 -DDEBUG -DUSE_HAL_DRIVER -DSTM32F103x6 -c -I../Core/Inc -I../Drivers/STM32F1xx_HAL_Driver/Inc/Legacy -I../Drivers/STM32F1xx_HAL_Driver/Inc -I../Drivers/CMSIS/Device/ST/STM32F1xx/Include -I../Drivers/CMSIS/Include -O0 -ffunction-sections -fdata-sections -Wall -fstack-usage -fcyclomatic-complexity -MMD -MP -MF"Core/Src/main.d" -MT"Core/Src/main.o" --specs=nano.specs -mfloat-abi=soft -mthumb -o "Core/Src/main.o"
arm-none-eabi-gcc "../Core/Src/software_timer.c" -mcpu=cortex-m3 -std=gnu11 -g3 -DDEBUG -DUSE_HAL_DRIVER -DSTM32F103x6 -c -I../Core/Inc -I../Drivers/STM32F1xx_HAL_Driver/Inc/Legacy -I../Drivers/STM32F1xx_HAL_Driver/Inc -I../Drivers/CMSIS/Device/ST/STM32F1xx/Include -I../Drivers/CMSIS/Include -O0 -ffunction-sections -fdata-sections -Wall -fstack-usage -fcyclomatic-complexity -MMD -MP -MF"Core/Src/software_timer.d" -MT"Core/Src/software_timer.o" --specs=nano.specs -mfloat-abi=soft -mthumb -o "Core/Src/software_timer.o"
In file included from ../Core/Src/software_timer.c:8:
../Core/Inc/software_timer.h:16:1: error: unknown type name 'vodi'; did you mean 'void'?
   16 | vodi timerRun2();
      | ^~~~
      | void
../Core/Src/software_timer.c:41:6: error: conflicting types for 'timerRun2'; have 'void()'
   41 | void timerRun2(){
      |      ^~~~~~~~~
In file included from ../Core/Src/software_timer.c:8:
../Core/Inc/software_timer.h:16:6: note: previous declaration of 'timerRun2' with type 'int()'
   16 | vodi timerRun2();
      |      ^~~~~~~~~
make: *** [Core/Src/subdir.mk:37: Core/Src/software_timer.o] Error 1
make: *** Waiting for unfinished jobs....
In file included from ../Core/Src/main.c:24:
../Core/Inc/software_timer.h:16:1: error: unknown type name 'vodi'; did you mean 'void'?
   16 | vodi timerRun2();
      | ^~~~
      | void
../Core/Src/main.c: In function 'main':
../Core/Src/main.c:108:21: error: 'timer2_flag' undeclared (first use in this function); did you mean 'timer1_flag'?
  108 |                 if (timer2_flag == 1) {
      |                     ^~~~~~~~~~~
      |                     timer1_flag
../Core/Src/main.c:108:21: note: each undeclared identifier is reported only once for each function it appears in
make: *** [Core/Src/subdir.mk:37: Core/Src/main.o] Error 1
"make -j8 all" terminated with exit code 2. Build might be incomplete.
13:30:15 **** Incremental Build of configuration Debug for project Lab2_NTLuan ****
make -j8 all 
arm-none-eabi-gcc "../Core/Src/main.c" -mcpu=cortex-m3 -std=gnu11 -g3 -DDEBUG -DUSE_HAL_DRIVER -DSTM32F103x6 -c -I../Core/Inc -I../Drivers/STM32F1xx_HAL_Driver/Inc/Legacy -I../Drivers/STM32F1xx_HAL_Driver/Inc -I../Drivers/CMSIS/Device/ST/STM32F1xx/Include -I../Drivers/CMSIS/Include -O0 -ffunction-sections -fdata-sections -Wall -fstack-usage -fcyclomatic-complexity -MMD -MP -MF"Core/Src/main.d" -MT"Core/Src/main.o" --specs=nano.specs -mfloat-abi=soft -mthumb -o "Core/Src/main.o"
arm-none-eabi-gcc "../Core/Src/software_timer.c" -mcpu=cortex-m3 -std=gnu11 -g3 -DDEBUG -DUSE_HAL_DRIVER -DSTM32F103x6 -c -I../Core/Inc -I../Drivers/STM32F1xx_HAL_Driver/Inc/Legacy -I../Drivers/STM32F1xx_HAL_Driver/Inc -I../Drivers/CMSIS/Device/ST/STM32F1xx/Include -I../Drivers/CMSIS/Include -O0 -ffunction-sections -fdata-sections -Wall -fstack-usage -fcyclomatic-complexity -MMD -MP -MF"Core/Src/software_timer.d" -MT"Core/Src/software_timer.o" --specs=nano.specs -mfloat-abi=soft -mthumb -o "Core/Src/software_timer.o"
../Core/Src/main.c: In function 'main':
../Core/Src/main.c:108:21: error: 'timer2_flag' undeclared (first use in this function); did you mean 'timer1_flag'?
  108 |                 if (timer2_flag == 1) {
      |                     ^~~~~~~~~~~
      |                     timer1_flag
../Core/Src/main.c:108:21: note: each undeclared identifier is reported only once for each function it appears in
make: *** [Core/Src/subdir.mk:37: Core/Src/main.o] Error 1
"make -j8 all" terminated with exit code 2. Build might be incomplete.
13:30:19 **** Incremental Build of configuration Debug for project Lab2_NTLuan ****
make -j8 all 
arm-none-eabi-gcc "../Core/Src/main.c" -mcpu=cortex-m3 -std=gnu11 -g3 -DDEBUG -DUSE_HAL_DRIVER -DSTM32F103x6 -c -I../Core/Inc -I../Drivers/STM32F1xx_HAL_Driver/Inc/Legacy -I../Drivers/STM32F1xx_HAL_Driver/Inc -I../Drivers/CMSIS/Device/ST/STM32F1xx/Include -I../Drivers/CMSIS/Include -O0 -ffunction-sections -fdata-sections -Wall -fstack-usage -fcyclomatic-complexity -MMD -MP -MF"Core/Src/main.d" -MT"Core/Src/main.o" --specs=nano.specs -mfloat-abi=soft -mthumb -o "Core/Src/main.o"
../Core/Src/main.c: In function 'main':
../Core/Src/main.c:108:21: error: 'timer2_flag' undeclared (first use in this function); did you mean 'timer1_flag'?
  108 |                 if (timer2_flag == 1) {
      |                     ^~~~~~~~~~~
      |                     timer1_flag
../Core/Src/main.c:108:21: note: each undeclared identifier is reported only once for each function it appears in
make: *** [Core/Src/subdir.mk:37: Core/Src/main.o] Error 1
"make -j8 all" terminated with exit code 2. Build might be incomplete.
13:30:22 **** Incremental Build of configuration Debug for project Lab2_NTLuan ****
make -j8 all 
arm-none-eabi-gcc "../Core/Src/main.c" -mcpu=cortex-m3 -std=gnu11 -g3 -DDEBUG -DUSE_HAL_DRIVER -DSTM32F103x6 -c -I../Core/Inc -I../Drivers/STM32F1xx_HAL_Driver/Inc/Legacy -I../Drivers/STM32F1xx_HAL_Driver/Inc -I../Drivers/CMSIS/Device/ST/STM32F1xx/Include -I../Drivers/CMSIS/Include -O0 -ffunction-sections -fdata-sections -Wall -fstack-usage -fcyclomatic-complexity -MMD -MP -MF"Core/Src/main.d" -MT"Core/Src/main.o" --specs=nano.specs -mfloat-abi=soft -mthumb -o "Core/Src/main.o"
../Core/Src/main.c: In function 'main':
../Core/Src/main.c:108:21: error: 'timer2_flag' undeclared (first use in this function); did you mean 'timer1_flag'?
  108 |                 if (timer2_flag == 1) {
      |                     ^~~~~~~~~~~
      |                     timer1_flag
../Core/Src/main.c:108:21: note: each undeclared identifier is reported only once for each function it appears in
make: *** [Core/Src/subdir.mk:37: Core/Src/main.o] Error 1
"make -j8 all" terminated with exit code 2. Build might be incomplete.
13:30:40 **** Incremental Build of configuration Debug for project Lab2_NTLuan ****
make -j8 all 
arm-none-eabi-gcc "../Core/Src/main.c" -mcpu=cortex-m3 -std=gnu11 -g3 -DDEBUG -DUSE_HAL_DRIVER -DSTM32F103x6 -c -I../Core/Inc -I../Drivers/STM32F1xx_HAL_Driver/Inc/Legacy -I../Drivers/STM32F1xx_HAL_Driver/Inc -I../Drivers/CMSIS/Device/ST/STM32F1xx/Include -I../Drivers/CMSIS/Include -O0 -ffunction-sections -fdata-sections -Wall -fstack-usage -fcyclomatic-complexity -MMD -MP -MF"Core/Src/main.d" -MT"Core/Src/main.o" --specs=nano.specs -mfloat-abi=soft -mthumb -o "Core/Src/main.o"
arm-none-eabi-gcc "../Core/Src/software_timer.c" -mcpu=cortex-m3 -std=gnu11 -g3 -DDEBUG -DUSE_HAL_DRIVER -DSTM32F103x6 -c -I../Core/Inc -I../Drivers/STM32F1xx_HAL_Driver/Inc/Legacy -I../Drivers/STM32F1xx_HAL_Driver/Inc -I../Drivers/CMSIS/Device/ST/STM32F1xx/Include -I../Drivers/CMSIS/Include -O0 -ffunction-sections -fdata-sections -Wall -fstack-usage -fcyclomatic-complexity -MMD -MP -MF"Core/Src/software_timer.d" -MT"Core/Src/software_timer.o" --specs=nano.specs -mfloat-abi=soft -mthumb -o "Core/Src/software_timer.o"
arm-none-eabi-gcc -o "Lab2_NTLuan.elf" @"objects.list"   -mcpu=cortex-m3 -T"C:\Users\NguyenTienLuan\Desktop\fukmylife\micro\lab\lab2\Lab2_NTLuan\STM32F103C6UX_FLASH.ld" --specs=nosys.specs -Wl,-Map="Lab2_NTLuan.map" -Wl,--gc-sections -static --specs=nano.specs -mfloat-abi=soft -mthumb -Wl,--start-group -lc -lm -Wl,--end-group
Finished building target: Lab2_NTLuan.elf
 
arm-none-eabi-size  Lab2_NTLuan.elf 
arm-none-eabi-objdump -h -S Lab2_NTLuan.elf  > "Lab2_NTLuan.list"
arm-none-eabi-objcopy  -O ihex Lab2_NTLuan.elf  "Lab2_NTLuan.hex"
   text	   data	    bss	    dec	    hex	filename
   7392	     20	   1660	   9072	   2370	Lab2_NTLuan.elf
arm-none-eabi-objcopy  -O binary Lab2_NTLuan.elf  "Lab2_NTLuan.bin"
Finished building: default.size.stdout
 
Finished building: Lab2_NTLuan.hex
Finished building: Lab2_NTLuan.list
Finished building: Lab2_NTLuan.bin
 
 
 
13:32:49 **** Incremental Build of configuration Debug for project Lab2_NTLuan ****
make -j8 all 
arm-none-eabi-gcc "../Core/Src/main.c" -mcpu=cortex-m3 -std=gnu11 -g3 -DDEBUG -DUSE_HAL_DRIVER -DSTM32F103x6 -c -I../Core/Inc -I../Drivers/STM32F1xx_HAL_Driver/Inc/Legacy -I../Drivers/STM32F1xx_HAL_Driver/Inc -I../Drivers/CMSIS/Device/ST/STM32F1xx/Include -I../Drivers/CMSIS/Include -O0 -ffunction-sections -fdata-sections -Wall -fstack-usage -fcyclomatic-complexity -MMD -MP -MF"Core/Src/main.d" -MT"Core/Src/main.o" --specs=nano.specs -mfloat-abi=soft -mthumb -o "Core/Src/main.o"
arm-none-eabi-gcc "../Core/Src/software_timer.c" -mcpu=cortex-m3 -std=gnu11 -g3 -DDEBUG -DUSE_HAL_DRIVER -DSTM32F103x6 -c -I../Core/Inc -I../Drivers/STM32F1xx_HAL_Driver/Inc/Legacy -I../Drivers/STM32F1xx_HAL_Driver/Inc -I../Drivers/CMSIS/Device/ST/STM32F1xx/Include -I../Drivers/CMSIS/Include -O0 -ffunction-sections -fdata-sections -Wall -fstack-usage -fcyclomatic-complexity -MMD -MP -MF"Core/Src/software_timer.d" -MT"Core/Src/software_timer.o" --specs=nano.specs -mfloat-abi=soft -mthumb -o "Core/Src/software_timer.o"
../Core/Src/main.c: In function 'HAL_TIM_PeriodElapsedCallback':
../Core/Src/main.c:267:9: warning: implicit declaration of function 'timerRun1'; did you mean 'timerRun'? [-Wimplicit-function-declaration]
  267 |         timerRun1();
      |         ^~~~~~~~~
      |         timerRun
../Core/Src/main.c:268:9: warning: implicit declaration of function 'timerRun2'; did you mean 'timerRun'? [-Wimplicit-function-declaration]
  268 |         timerRun2();
      |         ^~~~~~~~~
      |         timerRun
arm-none-eabi-gcc -o "Lab2_NTLuan.elf" @"objects.list"   -mcpu=cortex-m3 -T"C:\Users\NguyenTienLuan\Desktop\fukmylife\micro\lab\lab2\Lab2_NTLuan\STM32F103C6UX_FLASH.ld" --specs=nosys.specs -Wl,-Map="Lab2_NTLuan.map" -Wl,--gc-sections -static --specs=nano.specs -mfloat-abi=soft -mthumb -Wl,--start-group -lc -lm -Wl,--end-group
C:/ST/STM32CubeIDE_1.14.1/STM32CubeIDE/plugins/com.st.stm32cube.ide.mcu.externaltools.gnu-tools-for-stm32.11.3.rel1.win32_1.1.100.202309141235/tools/bin/../lib/gcc/arm-none-eabi/11.3.1/../../../../arm-none-eabi/bin/ld.exe: ./Core/Src/main.o: in function `HAL_TIM_PeriodElapsedCallback':
C:/Users/NguyenTienLuan/Desktop/fukmylife/micro/lab/lab2/Lab2_NTLuan/Debug/../Core/Src/main.c:267: undefined reference to `timerRun1'
C:/ST/STM32CubeIDE_1.14.1/STM32CubeIDE/plugins/com.st.stm32cube.ide.mcu.externaltools.gnu-tools-for-stm32.11.3.rel1.win32_1.1.100.202309141235/tools/bin/../lib/gcc/arm-none-eabi/11.3.1/../../../../arm-none-eabi/bin/ld.exe: C:/Users/NguyenTienLuan/Desktop/fukmylife/micro/lab/lab2/Lab2_NTLuan/Debug/../Core/Src/main.c:268: undefined reference to `timerRun2'
collect2.exe: error: ld returned 1 exit status
make: *** [makefile:70: Lab2_NTLuan.elf] Error 1
"make -j8 all" terminated with exit code 2. Build might be incomplete.
13:32:57 **** Incremental Build of configuration Debug for project Lab2_NTLuan ****
make -j8 all 
arm-none-eabi-gcc "../Core/Src/main.c" -mcpu=cortex-m3 -std=gnu11 -g3 -DDEBUG -DUSE_HAL_DRIVER -DSTM32F103x6 -c -I../Core/Inc -I../Drivers/STM32F1xx_HAL_Driver/Inc/Legacy -I../Drivers/STM32F1xx_HAL_Driver/Inc -I../Drivers/CMSIS/Device/ST/STM32F1xx/Include -I../Drivers/CMSIS/Include -O0 -ffunction-sections -fdata-sections -Wall -fstack-usage -fcyclomatic-complexity -MMD -MP -MF"Core/Src/main.d" -MT"Core/Src/main.o" --specs=nano.specs -mfloat-abi=soft -mthumb -o "Core/Src/main.o"
arm-none-eabi-gcc -o "Lab2_NTLuan.elf" @"objects.list"   -mcpu=cortex-m3 -T"C:\Users\NguyenTienLuan\Desktop\fukmylife\micro\lab\lab2\Lab2_NTLuan\STM32F103C6UX_FLASH.ld" --specs=nosys.specs -Wl,-Map="Lab2_NTLuan.map" -Wl,--gc-sections -static --specs=nano.specs -mfloat-abi=soft -mthumb -Wl,--start-group -lc -lm -Wl,--end-group
Finished building target: Lab2_NTLuan.elf
 
arm-none-eabi-size  Lab2_NTLuan.elf 
arm-none-eabi-objdump -h -S Lab2_NTLuan.elf  > "Lab2_NTLuan.list"
arm-none-eabi-objcopy  -O ihex Lab2_NTLuan.elf  "Lab2_NTLuan.hex"
arm-none-eabi-objcopy  -O binary Lab2_NTLuan.elf  "Lab2_NTLuan.bin"
   text	   data	    bss	    dec	    hex	filename
   7376	     20	   1660	   9056	   2360	Lab2_NTLuan.elf
Finished building: default.size.stdout
 
Finished building: Lab2_NTLuan.hex
Finished building: Lab2_NTLuan.list
Finished building: Lab2_NTLuan.bin
 
 
 
13:35:54 **** Incremental Build of configuration Debug for project Lab2_NTLuan ****
make -j8 all 
arm-none-eabi-gcc "../Core/Src/main.c" -mcpu=cortex-m3 -std=gnu11 -g3 -DDEBUG -DUSE_HAL_DRIVER -DSTM32F103x6 -c -I../Core/Inc -I../Drivers/STM32F1xx_HAL_Driver/Inc/Legacy -I../Drivers/STM32F1xx_HAL_Driver/Inc -I../Drivers/CMSIS/Device/ST/STM32F1xx/Include -I../Drivers/CMSIS/Include -O0 -ffunction-sections -fdata-sections -Wall -fstack-usage -fcyclomatic-complexity -MMD -MP -MF"Core/Src/main.d" -MT"Core/Src/main.o" --specs=nano.specs -mfloat-abi=soft -mthumb -o "Core/Src/main.o"
arm-none-eabi-gcc -o "Lab2_NTLuan.elf" @"objects.list"   -mcpu=cortex-m3 -T"C:\Users\NguyenTienLuan\Desktop\fukmylife\micro\lab\lab2\Lab2_NTLuan\STM32F103C6UX_FLASH.ld" --specs=nosys.specs -Wl,-Map="Lab2_NTLuan.map" -Wl,--gc-sections -static --specs=nano.specs -mfloat-abi=soft -mthumb -Wl,--start-group -lc -lm -Wl,--end-group
Finished building target: Lab2_NTLuan.elf
 
arm-none-eabi-size  Lab2_NTLuan.elf 
arm-none-eabi-objdump -h -S Lab2_NTLuan.elf  > "Lab2_NTLuan.list"
arm-none-eabi-objcopy  -O ihex Lab2_NTLuan.elf  "Lab2_NTLuan.hex"
   text	   data	    bss	    dec	    hex	filename
   7432	     20	   1660	   9112	   2398	Lab2_NTLuan.elf
arm-none-eabi-objcopy  -O binary Lab2_NTLuan.elf  "Lab2_NTLuan.bin"
Finished building: default.size.stdout
 
Finished building: Lab2_NTLuan.hex
Finished building: Lab2_NTLuan.list
Finished building: Lab2_NTLuan.bin
 
 
 
13:37:49 **** Incremental Build of configuration Debug for project Lab2_NTLuan ****
make -j8 all 
arm-none-eabi-gcc "../Core/Src/main.c" -mcpu=cortex-m3 -std=gnu11 -g3 -DDEBUG -DUSE_HAL_DRIVER -DSTM32F103x6 -c -I../Core/Inc -I../Drivers/STM32F1xx_HAL_Driver/Inc/Legacy -I../Drivers/STM32F1xx_HAL_Driver/Inc -I../Drivers/CMSIS/Device/ST/STM32F1xx/Include -I../Drivers/CMSIS/Include -O0 -ffunction-sections -fdata-sections -Wall -fstack-usage -fcyclomatic-complexity -MMD -MP -MF"Core/Src/main.d" -MT"Core/Src/main.o" --specs=nano.specs -mfloat-abi=soft -mthumb -o "Core/Src/main.o"
arm-none-eabi-gcc -o "Lab2_NTLuan.elf" @"objects.list"   -mcpu=cortex-m3 -T"C:\Users\NguyenTienLuan\Desktop\fukmylife\micro\lab\lab2\Lab2_NTLuan\STM32F103C6UX_FLASH.ld" --specs=nosys.specs -Wl,-Map="Lab2_NTLuan.map" -Wl,--gc-sections -static --specs=nano.specs -mfloat-abi=soft -mthumb -Wl,--start-group -lc -lm -Wl,--end-group
Finished building target: Lab2_NTLuan.elf
 
arm-none-eabi-size  Lab2_NTLuan.elf 
arm-none-eabi-objdump -h -S Lab2_NTLuan.elf  > "Lab2_NTLuan.list"
arm-none-eabi-objcopy  -O ihex Lab2_NTLuan.elf  "Lab2_NTLuan.hex"
   text	   data	    bss	    dec	    hex	filename
   7384	     20	   1660	   9064	   2368	Lab2_NTLuan.elf
arm-none-eabi-objcopy  -O binary Lab2_NTLuan.elf  "Lab2_NTLuan.bin"
Finished building: default.size.stdout
 
Finished building: Lab2_NTLuan.hex
Finished building: Lab2_NTLuan.list
Finished building: Lab2_NTLuan.bin
 
 
 
13:49:30 **** Incremental Build of configuration Debug for project Lab2_NTLuan ****
make -j8 all 
arm-none-eabi-gcc "../Core/Src/main.c" -mcpu=cortex-m3 -std=gnu11 -g3 -DDEBUG -DUSE_HAL_DRIVER -DSTM32F103x6 -c -I../Core/Inc -I../Drivers/STM32F1xx_HAL_Driver/Inc/Legacy -I../Drivers/STM32F1xx_HAL_Driver/Inc -I../Drivers/CMSIS/Device/ST/STM32F1xx/Include -I../Drivers/CMSIS/Include -O0 -ffunction-sections -fdata-sections -Wall -fstack-usage -fcyclomatic-complexity -MMD -MP -MF"Core/Src/main.d" -MT"Core/Src/main.o" --specs=nano.specs -mfloat-abi=soft -mthumb -o "Core/Src/main.o"
arm-none-eabi-gcc -o "Lab2_NTLuan.elf" @"objects.list"   -mcpu=cortex-m3 -T"C:\Users\NguyenTienLuan\Desktop\fukmylife\micro\lab\lab2\Lab2_NTLuan\STM32F103C6UX_FLASH.ld" --specs=nosys.specs -Wl,-Map="Lab2_NTLuan.map" -Wl,--gc-sections -static --specs=nano.specs -mfloat-abi=soft -mthumb -Wl,--start-group -lc -lm -Wl,--end-group
Finished building target: Lab2_NTLuan.elf
 
arm-none-eabi-size  Lab2_NTLuan.elf 
arm-none-eabi-objdump -h -S Lab2_NTLuan.elf  > "Lab2_NTLuan.list"
arm-none-eabi-objcopy  -O ihex Lab2_NTLuan.elf  "Lab2_NTLuan.hex"
arm-none-eabi-objcopy  -O binary Lab2_NTLuan.elf  "Lab2_NTLuan.bin"
   text	   data	    bss	    dec	    hex	filename
   7688	     20	   1660	   9368	   2498	Lab2_NTLuan.elf
Finished building: default.size.stdout
 
Finished building: Lab2_NTLuan.hex
Finished building: Lab2_NTLuan.list
Finished building: Lab2_NTLuan.bin
 
 
 
13:50:24 **** Incremental Build of configuration Debug for project Lab2_NTLuan ****
make -j8 all 
arm-none-eabi-gcc "../Core/Src/main.c" -mcpu=cortex-m3 -std=gnu11 -g3 -DDEBUG -DUSE_HAL_DRIVER -DSTM32F103x6 -c -I../Core/Inc -I../Drivers/STM32F1xx_HAL_Driver/Inc/Legacy -I../Drivers/STM32F1xx_HAL_Driver/Inc -I../Drivers/CMSIS/Device/ST/STM32F1xx/Include -I../Drivers/CMSIS/Include -O0 -ffunction-sections -fdata-sections -Wall -fstack-usage -fcyclomatic-complexity -MMD -MP -MF"Core/Src/main.d" -MT"Core/Src/main.o" --specs=nano.specs -mfloat-abi=soft -mthumb -o "Core/Src/main.o"
arm-none-eabi-gcc -o "Lab2_NTLuan.elf" @"objects.list"   -mcpu=cortex-m3 -T"C:\Users\NguyenTienLuan\Desktop\fukmylife\micro\lab\lab2\Lab2_NTLuan\STM32F103C6UX_FLASH.ld" --specs=nosys.specs -Wl,-Map="Lab2_NTLuan.map" -Wl,--gc-sections -static --specs=nano.specs -mfloat-abi=soft -mthumb -Wl,--start-group -lc -lm -Wl,--end-group
Finished building target: Lab2_NTLuan.elf
 
arm-none-eabi-size  Lab2_NTLuan.elf 
arm-none-eabi-objdump -h -S Lab2_NTLuan.elf  > "Lab2_NTLuan.list"
arm-none-eabi-objcopy  -O ihex Lab2_NTLuan.elf  "Lab2_NTLuan.hex"
   text	   data	    bss	    dec	    hex	filename
   7688	     20	   1660	   9368	   2498	Lab2_NTLuan.elf
arm-none-eabi-objcopy  -O binary Lab2_NTLuan.elf  "Lab2_NTLuan.bin"
Finished building: default.size.stdout
 
Finished building: Lab2_NTLuan.list
Finished building: Lab2_NTLuan.hex
Finished building: Lab2_NTLuan.bin
 
 
 
13:51:15 **** Incremental Build of configuration Debug for project Lab2_NTLuan ****
make -j8 all 
arm-none-eabi-gcc "../Core/Src/main.c" -mcpu=cortex-m3 -std=gnu11 -g3 -DDEBUG -DUSE_HAL_DRIVER -DSTM32F103x6 -c -I../Core/Inc -I../Drivers/STM32F1xx_HAL_Driver/Inc/Legacy -I../Drivers/STM32F1xx_HAL_Driver/Inc -I../Drivers/CMSIS/Device/ST/STM32F1xx/Include -I../Drivers/CMSIS/Include -O0 -ffunction-sections -fdata-sections -Wall -fstack-usage -fcyclomatic-complexity -MMD -MP -MF"Core/Src/main.d" -MT"Core/Src/main.o" --specs=nano.specs -mfloat-abi=soft -mthumb -o "Core/Src/main.o"
arm-none-eabi-gcc -o "Lab2_NTLuan.elf" @"objects.list"   -mcpu=cortex-m3 -T"C:\Users\NguyenTienLuan\Desktop\fukmylife\micro\lab\lab2\Lab2_NTLuan\STM32F103C6UX_FLASH.ld" --specs=nosys.specs -Wl,-Map="Lab2_NTLuan.map" -Wl,--gc-sections -static --specs=nano.specs -mfloat-abi=soft -mthumb -Wl,--start-group -lc -lm -Wl,--end-group
Finished building target: Lab2_NTLuan.elf
 
arm-none-eabi-size  Lab2_NTLuan.elf 
arm-none-eabi-objdump -h -S Lab2_NTLuan.elf  > "Lab2_NTLuan.list"
arm-none-eabi-objcopy  -O ihex Lab2_NTLuan.elf  "Lab2_NTLuan.hex"
   text	   data	    bss	    dec	    hex	filename
   7688	     20	   1660	   9368	   2498	Lab2_NTLuan.elf
arm-none-eabi-objcopy  -O binary Lab2_NTLuan.elf  "Lab2_NTLuan.bin"
Finished building: default.size.stdout
 
Finished building: Lab2_NTLuan.list
Finished building: Lab2_NTLuan.hex
Finished building: Lab2_NTLuan.bin
 
 
 
13:53:11 **** Incremental Build of configuration Debug for project Lab2_NTLuan ****
make -j8 all 
arm-none-eabi-gcc "../Core/Src/main.c" -mcpu=cortex-m3 -std=gnu11 -g3 -DDEBUG -DUSE_HAL_DRIVER -DSTM32F103x6 -c -I../Core/Inc -I../Drivers/STM32F1xx_HAL_Driver/Inc/Legacy -I../Drivers/STM32F1xx_HAL_Driver/Inc -I../Drivers/CMSIS/Device/ST/STM32F1xx/Include -I../Drivers/CMSIS/Include -O0 -ffunction-sections -fdata-sections -Wall -fstack-usage -fcyclomatic-complexity -MMD -MP -MF"Core/Src/main.d" -MT"Core/Src/main.o" --specs=nano.specs -mfloat-abi=soft -mthumb -o "Core/Src/main.o"
arm-none-eabi-gcc -o "Lab2_NTLuan.elf" @"objects.list"   -mcpu=cortex-m3 -T"C:\Users\NguyenTienLuan\Desktop\fukmylife\micro\lab\lab2\Lab2_NTLuan\STM32F103C6UX_FLASH.ld" --specs=nosys.specs -Wl,-Map="Lab2_NTLuan.map" -Wl,--gc-sections -static --specs=nano.specs -mfloat-abi=soft -mthumb -Wl,--start-group -lc -lm -Wl,--end-group
Finished building target: Lab2_NTLuan.elf
 
arm-none-eabi-size  Lab2_NTLuan.elf 
arm-none-eabi-objdump -h -S Lab2_NTLuan.elf  > "Lab2_NTLuan.list"
arm-none-eabi-objcopy  -O ihex Lab2_NTLuan.elf  "Lab2_NTLuan.hex"
   text	   data	    bss	    dec	    hex	filename
   7680	     20	   1660	   9360	   2490	Lab2_NTLuan.elf
arm-none-eabi-objcopy  -O binary Lab2_NTLuan.elf  "Lab2_NTLuan.bin"
Finished building: default.size.stdout
 
Finished building: Lab2_NTLuan.list
Finished building: Lab2_NTLuan.hex
Finished building: Lab2_NTLuan.bin
 
 
 
